Component: ARM Compiler 5.06 update 7 (build 960) Tool: armlink [4d3601]

==============================================================================

Section Cross References

    startup_stm32f405xx.o(STACK) refers (Special) to heapauxi.o(.text) for __use_two_region_memory
    startup_stm32f405xx.o(HEAP) refers (Special) to heapauxi.o(.text) for __use_two_region_memory
    startup_stm32f405xx.o(RESET) refers (Special) to heapauxi.o(.text) for __use_two_region_memory
    startup_stm32f405xx.o(RESET) refers to startup_stm32f405xx.o(STACK) for __initial_sp
    startup_stm32f405xx.o(RESET) refers to startup_stm32f405xx.o(.text) for Reset_Handler
    startup_stm32f405xx.o(RESET) refers to stm32f4xx_it.o(i.NMI_Handler) for NMI_Handler
    startup_stm32f405xx.o(RESET) refers to stm32f4xx_it.o(i.HardFault_Handler) for HardFault_Handler
    startup_stm32f405xx.o(RESET) refers to stm32f4xx_it.o(i.MemManage_Handler) for MemManage_Handler
    startup_stm32f405xx.o(RESET) refers to stm32f4xx_it.o(i.BusFault_Handler) for BusFault_Handler
    startup_stm32f405xx.o(RESET) refers to stm32f4xx_it.o(i.UsageFault_Handler) for UsageFault_Handler
    startup_stm32f405xx.o(RESET) refers to port.o(.emb_text) for SVC_Handler
    startup_stm32f405xx.o(RESET) refers to stm32f4xx_it.o(i.DebugMon_Handler) for DebugMon_Handler
    startup_stm32f405xx.o(RESET) refers to port.o(i.SysTick_Handler) for SysTick_Handler
    startup_stm32f405xx.o(RESET) refers to stm32f4xx_it.o(i.DMA1_Stream0_IRQHandler) for DMA1_Stream0_IRQHandler
    startup_stm32f405xx.o(RESET) refers to stm32f4xx_it.o(i.DMA1_Stream2_IRQHandler) for DMA1_Stream2_IRQHandler
    startup_stm32f405xx.o(RESET) refers to stm32f4xx_it.o(i.DMA1_Stream4_IRQHandler) for DMA1_Stream4_IRQHandler
    startup_stm32f405xx.o(RESET) refers to stm32f4xx_it.o(i.CAN1_RX0_IRQHandler) for CAN1_RX0_IRQHandler
    startup_stm32f405xx.o(RESET) refers to stm32f4xx_it.o(i.CAN1_RX1_IRQHandler) for CAN1_RX1_IRQHandler
    startup_stm32f405xx.o(RESET) refers to stm32f4xx_it.o(i.USART1_IRQHandler) for USART1_IRQHandler
    startup_stm32f405xx.o(RESET) refers to stm32f4xx_it.o(i.EXTI15_10_IRQHandler) for EXTI15_10_IRQHandler
    startup_stm32f405xx.o(RESET) refers to stm32f4xx_it.o(i.TIM8_TRG_COM_TIM14_IRQHandler) for TIM8_TRG_COM_TIM14_IRQHandler
    startup_stm32f405xx.o(RESET) refers to stm32f4xx_it.o(i.DMA1_Stream7_IRQHandler) for DMA1_Stream7_IRQHandler
    startup_stm32f405xx.o(RESET) refers to stm32f4xx_it.o(i.UART4_IRQHandler) for UART4_IRQHandler
    startup_stm32f405xx.o(RESET) refers to stm32f4xx_it.o(i.UART5_IRQHandler) for UART5_IRQHandler
    startup_stm32f405xx.o(RESET) refers to stm32f4xx_it.o(i.TIM6_DAC_IRQHandler) for TIM6_DAC_IRQHandler
    startup_stm32f405xx.o(RESET) refers to stm32f4xx_it.o(i.DMA2_Stream1_IRQHandler) for DMA2_Stream1_IRQHandler
    startup_stm32f405xx.o(RESET) refers to stm32f4xx_it.o(i.DMA2_Stream2_IRQHandler) for DMA2_Stream2_IRQHandler
    startup_stm32f405xx.o(RESET) refers to stm32f4xx_it.o(i.CAN2_RX0_IRQHandler) for CAN2_RX0_IRQHandler
    startup_stm32f405xx.o(RESET) refers to stm32f4xx_it.o(i.CAN2_RX1_IRQHandler) for CAN2_RX1_IRQHandler
    startup_stm32f405xx.o(RESET) refers to stm32f4xx_it.o(i.OTG_FS_IRQHandler) for OTG_FS_IRQHandler
    startup_stm32f405xx.o(RESET) refers to stm32f4xx_it.o(i.DMA2_Stream6_IRQHandler) for DMA2_Stream6_IRQHandler
    startup_stm32f405xx.o(RESET) refers to stm32f4xx_it.o(i.DMA2_Stream7_IRQHandler) for DMA2_Stream7_IRQHandler
    startup_stm32f405xx.o(RESET) refers to stm32f4xx_it.o(i.USART6_IRQHandler) for USART6_IRQHandler
    startup_stm32f405xx.o(.text) refers (Special) to heapauxi.o(.text) for __use_two_region_memory
    startup_stm32f405xx.o(.text) refers to system_stm32f4xx.o(i.SystemInit) for SystemInit
    startup_stm32f405xx.o(.text) refers to __main.o(!!!main) for __main
    startup_stm32f405xx.o(.text) refers to startup_stm32f405xx.o(HEAP) for Heap_Mem
    startup_stm32f405xx.o(.text) refers to startup_stm32f405xx.o(STACK) for Stack_Mem
    main.o(i.HAL_TIM_PeriodElapsedCallback) refers to stm32f4xx_hal.o(i.HAL_IncTick) for HAL_IncTick
    main.o(i.SystemClock_Config) refers to rt_memclr_w.o(.text) for __aeabi_memclr4
    main.o(i.SystemClock_Config) refers to stm32f4xx_hal_rcc.o(i.HAL_RCC_OscConfig) for HAL_RCC_OscConfig
    main.o(i.SystemClock_Config) refers to stm32f4xx_hal_rcc.o(i.HAL_RCC_ClockConfig) for HAL_RCC_ClockConfig
    main.o(i.main) refers to stm32f4xx_hal.o(i.HAL_Init) for HAL_Init
    main.o(i.main) refers to main.o(i.SystemClock_Config) for SystemClock_Config
    main.o(i.main) refers to gpio.o(i.MX_GPIO_Init) for MX_GPIO_Init
    main.o(i.main) refers to dma.o(i.MX_DMA_Init) for MX_DMA_Init
    main.o(i.main) refers to can.o(i.MX_CAN1_Init) for MX_CAN1_Init
    main.o(i.main) refers to can.o(i.MX_CAN2_Init) for MX_CAN2_Init
    main.o(i.main) refers to spi.o(i.MX_SPI1_Init) for MX_SPI1_Init
    main.o(i.main) refers to usart.o(i.MX_UART4_Init) for MX_UART4_Init
[...]
    USB_EPStopXfer                           0x08006ed5   Thumb Code   158  stm32f4xx_ll_usb.o(i.USB_EPStopXfer)
    USB_EnableGlobalInt                      0x08006f73   Thumb Code    12  stm32f4xx_ll_usb.o(i.USB_EnableGlobalInt)
    USB_FlushRxFifo                          0x08006f81   Thumb Code    54  stm32f4xx_ll_usb.o(i.USB_FlushRxFifo)
    USB_FlushTxFifo                          0x08006fbd   Thumb Code    58  stm32f4xx_ll_usb.o(i.USB_FlushTxFifo)
    USB_GetDevSpeed                          0x08006ffd   Thumb Code    26  stm32f4xx_ll_usb.o(i.USB_GetDevSpeed)
    USB_GetMode                              0x08007017   Thumb Code     8  stm32f4xx_ll_usb.o(i.USB_GetMode)
    USB_ReadDevAllInEpInterrupt              0x0800701f   Thumb Code    14  stm32f4xx_ll_usb.o(i.USB_ReadDevAllInEpInterrupt)
    USB_ReadDevAllOutEpInterrupt             0x0800702d   Thumb Code    14  stm32f4xx_ll_usb.o(i.USB_ReadDevAllOutEpInterrupt)
    USB_ReadDevInEPInterrupt                 0x0800703b   Thumb Code    36  stm32f4xx_ll_usb.o(i.USB_ReadDevInEPInterrupt)
    USB_ReadDevOutEPInterrupt                0x0800705f   Thumb Code    16  stm32f4xx_ll_usb.o(i.USB_ReadDevOutEPInterrupt)
    USB_ReadInterrupts                       0x0800706f   Thumb Code     8  stm32f4xx_ll_usb.o(i.USB_ReadInterrupts)
    USB_ReadPacket                           0x08007077   Thumb Code    62  stm32f4xx_ll_usb.o(i.USB_ReadPacket)
    USB_SetCurrentMode                       0x080070b5   Thumb Code    92  stm32f4xx_ll_usb.o(i.USB_SetCurrentMode)
    USB_SetDevAddress                        0x08007111   Thumb Code    34  stm32f4xx_ll_usb.o(i.USB_SetDevAddress)
    USB_SetTurnaroundTime                    0x08007135   Thumb Code   158  stm32f4xx_ll_usb.o(i.USB_SetTurnaroundTime)
    USB_WritePacket                          0x0800721d   Thumb Code    40  stm32f4xx_ll_usb.o(i.USB_WritePacket)
    UsageFault_Handler                       0x08007245   Thumb Code     2  stm32f4xx_it.o(i.UsageFault_Handler)
    Velocity_PID                             0x08007249   Thumb Code   140  pid.o(i.Velocity_PID)
    geometry_msgs::Vector3::Vector3()        0x080072dd   Thumb Code    22  ros_main.o(i._ZN13geometry_msgs7Vector3C1Ev)
    geometry_msgs::Vector3::Vector3__sub_object() 0x080072dd   Thumb Code     0  ros_main.o(i._ZN13geometry_msgs7Vector3C1Ev)
    USBSerial::USBSerial()                   0x080072fd   Thumb Code    22  usbserial.o(i._ZN9USBSerialC1Ev)
    USBSerial::USBSerial__sub_object()       0x080072fd   Thumb Code     0  usbserial.o(i._ZN9USBSerialC1Ev)
    __ARM_fpclassify                         0x08007319   Thumb Code    48  fpclassify.o(i.__ARM_fpclassify)
    __hardfp_asin                            0x08007369   Thumb Code   770  asin.o(i.__hardfp_asin)
    __hardfp_atan                            0x080076c9   Thumb Code   622  atan.o(i.__hardfp_atan)
    __hardfp_atan2                           0x080079a1   Thumb Code   448  atan2.o(i.__hardfp_atan2)
    __kernel_poly                            0x08007ba1   Thumb Code   248  poly.o(i.__kernel_poly)
    __mathlib_dbl_infnan                     0x08007c99   Thumb Code    20  dunder.o(i.__mathlib_dbl_infnan)
    __mathlib_dbl_infnan2                    0x08007cad   Thumb Code    20  dunder.o(i.__mathlib_dbl_infnan2)
    __mathlib_dbl_invalid                    0x08007cc1   Thumb Code    24  dunder.o(i.__mathlib_dbl_invalid)
    __mathlib_dbl_underflow                  0x08007ce1   Thumb Code    24  dunder.o(i.__mathlib_dbl_underflow)
    atan                                     0x08007dd1   Thumb Code    16  atan.o(i.atan)
    balance_ctrl                             0x08007de1   Thumb Code     8  freertos.o(i.balance_ctrl)
    blink_status                             0x08007de9   Thumb Code     8  freertos.o(i.blink_status)
    bmi088_accel_init                        0x08007df1   Thumb Code   266  bmi088driver.o(i.bmi088_accel_init)
    bmi088_gyro_init                         0x08007f01   Thumb Code   270  bmi088driver.o(i.bmi088_gyro_init)
    bsp_can_init                             0x08008015   Thumb Code    38  bsp_can.o(i.bsp_can_init)
    bsp_device_init                          0x08008045   Thumb Code    68  bsp_init.o(i.bsp_device_init)
    calculateAngles                          0x0800809d   Thumb Code   328  mahonyahrs.o(i.calculateAngles)
    can1_rx_callback                         0x080081f9   Thumb Code    38  bsp_can.o(i.can1_rx_callback)
    can2_rx_callback                         0x0800822d   Thumb Code    38  bsp_can.o(i.can2_rx_callback)
    can_filter_init                          0x08008261   Thumb Code    46  bsp_can.o(i.can_filter_init)
    canx_receive                             0x08008299   Thumb Code    34  bsp_can.o(i.canx_receive)
    canx_send_data                           0x080082bb   Thumb Code    62  bsp_can.o(i.canx_send_data)
    crc32_core                               0x080082f9   Thumb Code    56  unitreea1_cmd.o(i.crc32_core)
    fabs                                     0x08008335   Thumb Code    24  fabs.o(i.fabs)
    get_wheel_speed                          0x0800834d   Thumb Code     8  freertos.o(i.get_wheel_speed)
    invSqrt                                  0x08008355   Thumb Code    40  mahonyahrs.o(i.invSqrt)
    leg_ctrl                                 0x08008381   Thumb Code     8  freertos.o(i.leg_ctrl)
    main                                     0x08008389   Thumb Code   234  main.o(i.main)
    modfiy_cmd                               0x08008495   Thumb Code    62  unitreea1_cmd.o(i.modfiy_cmd)
    osDelay                                  0x080084dd   Thumb Code    14  cmsis_os.o(i.osDelay)
    osKernelStart                            0x080084eb   Thumb Code    10  cmsis_os.o(i.osKernelStart)
    osThreadCreate                           0x080084f5   Thumb Code    84  cmsis_os.o(i.osThreadCreate)
    pvPortMalloc                             0x08008895   Thumb Code   216  heap_4.o(i.pvPortMalloc)
    pxPortInitialiseStack                    0x08008971   Thumb Code    40  port.o(i.pxPortInitialiseStack)
    read_wheel_encoder                       0x0800899d   Thumb Code    48  odrive_can.o(i.read_wheel_encoder)
    send_wheel_torque                        0x080089cd   Thumb Code    38  odrive_can.o(i.send_wheel_torque)
    sqrt                                     0x080089fd   Thumb Code   110  sqrt.o(i.sqrt)
    startup_sing                             0x08008a6d   Thumb Code    58  beep.o(i.startup_sing)
    unitreeA1_rxtx                           0x08008ab1   Thumb Code   452  unitreea1_cmd.o(i.unitreeA1_rxtx)
    uxListRemove                             0x08008c9d   Thumb Code    38  list.o(i.uxListRemove)
    vApplicationGetIdleTaskMemory            0x08008cc5   Thumb Code    16  freertos.o(i.vApplicationGetIdleTaskMemory)
    vListInitialise                          0x08008cd9   Thumb Code    22  list.o(i.vListInitialise)
    vListInitialiseItem                      0x08008cef   Thumb Code     6  list.o(i.vListInitialiseItem)
    vListInsert                              0x08008cf5   Thumb Code    48  list.o(i.vListInsert)
    vListInsertEnd                           0x08008d25   Thumb Code    24  list.o(i.vListInsertEnd)
    vPortEnterCritical                       0x08008d3d   Thumb Code    54  port.o(i.vPortEnterCritical)
    vPortExitCritical                        0x08008d7d   Thumb Code    34  port.o(i.vPortExitCritical)
    vPortFree                                0x08008da5   Thumb Code    94  heap_4.o(i.vPortFree)
    vPortSetupTimerInterrupt                 0x08008e09   Thumb Code    32  port.o(i.vPortSetupTimerInterrupt)
    vTaskDelay                               0x08008e2d   Thumb Code    66  tasks.o(i.vTaskDelay)
    vTaskStartScheduler                      0x08008e79   Thumb Code    90  tasks.o(i.vTaskStartScheduler)
    vTaskSuspendAll                          0x08008ee5   Thumb Code    10  tasks.o(i.vTaskSuspendAll)
    vTaskSwitchContext                       0x08008ef5   Thumb Code    82  tasks.o(i.vTaskSwitchContext)
    xPortStartScheduler                      0x08008f51   Thumb Code   222  port.o(i.xPortStartScheduler)
    xTaskCreate                              0x08009045   Thumb Code    90  tasks.o(i.xTaskCreate)
    xTaskCreateStatic                        0x0800909f   Thumb Code    86  tasks.o(i.xTaskCreateStatic)
    xTaskIncrementTick                       0x080090f5   Thumb Code   194  tasks.o(i.xTaskIncrementTick)
    xTaskResumeAll                           0x080091c1   Thumb Code   182  tasks.o(i.xTaskResumeAll)
    ros::NodeHandle_<STM32Hardware, (int)25, (int)25, (int)1024, (int)1024>::NodeHandle_() 0x08009285   Thumb Code   122  ros_main.o(t._ZN3ros11NodeHandle_I13STM32HardwareLi25ELi25ELi1024ELi1024EEC1Ev)
    ros::NodeHandle_<STM32Hardware, (int)25, (int)25, (int)1024, (int)1024>::NodeHandle___sub_object() 0x08009285   Thumb Code     0  ros_main.o(t._ZN3ros11NodeHandle_I13STM32HardwareLi25ELi25ELi1024ELi1024EEC1Ev)
    __aeabi_dneg                             0x0800930d   Thumb Code     0  basic.o(x$fpl$basic)
    _dneg                                    0x0800930d   Thumb Code     6  basic.o(x$fpl$basic)
    __aeabi_fneg                             0x08009313   Thumb Code     0  basic.o(x$fpl$basic)
    _fneg                                    0x08009313   Thumb Code     6  basic.o(x$fpl$basic)
    _dabs                                    0x08009319   Thumb Code     6  basic.o(x$fpl$basic)
    _fabs                                    0x0800931f   Thumb Code     6  basic.o(x$fpl$basic)
    __aeabi_d2f                              0x08009325   Thumb Code     0  d2f.o(x$fpl$d2f)
    _d2f                                     0x08009325   Thumb Code    98  d2f.o(x$fpl$d2f)
    __aeabi_dadd                             0x08009389   Thumb Code     0  daddsub_clz.o(x$fpl$dadd)
    _dadd                                    0x08009389   Thumb Code   332  daddsub_clz.o(x$fpl$dadd)
    __fpl_dcmp_Inf                           0x080094d9   Thumb Code    24  dcmpi.o(x$fpl$dcmpinf)
    __aeabi_ddiv                             0x080094f1   Thumb Code     0  ddiv.o(x$fpl$ddiv)
    _ddiv                                    0x080094f1   Thumb Code   552  ddiv.o(x$fpl$ddiv)
    __aeabi_cdcmpeq                          0x080097a1   Thumb Code     0  deqf.o(x$fpl$deqf)
    _dcmpeq                                  0x080097a1   Thumb Code   120  deqf.o(x$fpl$deqf)
    __aeabi_dmul                             0x08009819   Thumb Code     0  dmul.o(x$fpl$dmul)
    _dmul                                    0x08009819   Thumb Code   332  dmul.o(x$fpl$dmul)
    __fpl_dnaninf                            0x0800996d   Thumb Code   156  dnaninf.o(x$fpl$dnaninf)
    __fpl_dretinf                            0x08009a09   Thumb Code    12  dretinf.o(x$fpl$dretinf)
    __aeabi_drsub                            0x08009a15   Thumb Code     0  daddsub_clz.o(x$fpl$drsb)
    _drsb                                    0x08009a15   Thumb Code    22  daddsub_clz.o(x$fpl$drsb)
    _dsqrt                                   0x08009a2d   Thumb Code   404  dsqrt_umaal.o(x$fpl$dsqrt)
    __aeabi_dsub                             0x08009bc5   Thumb Code     0  daddsub_clz.o(x$fpl$dsub)
    _dsub                                    0x08009bc5   Thumb Code   464  daddsub_clz.o(x$fpl$dsub)
    __aeabi_f2d                              0x08009d99   Thumb Code     0  f2d.o(x$fpl$f2d)
    _f2d                                     0x08009d99   Thumb Code    86  f2d.o(x$fpl$f2d)
    __fpl_fnaninf                            0x08009def   Thumb Code   140  fnaninf.o(x$fpl$fnaninf)
    _fp_init                                 0x08009e7b   Thumb Code    10  fpinit.o(x$fpl$fpinit)
    __fplib_config_fpu_vfp                   0x08009e83   Thumb Code     0  fpinit.o(x$fpl$fpinit)
    __fplib_config_pureend_doubles           0x08009e83   Thumb Code     0  fpinit.o(x$fpl$fpinit)
    __fpl_fretinf                            0x08009e85   Thumb Code    10  fretinf.o(x$fpl$fretinf)
    __I$use$fp                               0x08009e8e   Number         0  usenofp.o(x$fpl$usenofp)
    AHBPrescTable                            0x08009f24   Data          16  system_stm32f4xx.o(.constdata)
    APBPrescTable                            0x08009f34   Data           8  system_stm32f4xx.o(.constdata)
    __mathlib_zero                           0x0800a028   Data           8  qnan.o(.constdata)
    vtable for USBSerial                     0x0800a030   Data          20  usbserial.o(.constdata__ZTV9USBSerial)
    vtable for sensor_msgs::Imu              0x0800a044   Data          24  ros_main.o(.constdata__ZTVN11sensor_msgs3ImuE)
    vtable for geometry_msgs::Quaternion     0x0800a05c   Data          24  ros_main.o(.constdata__ZTVN13geometry_msgs10QuaternionE)
    vtable for geometry_msgs::Vector3        0x0800a074   Data          24  ros_main.o(.constdata__ZTVN13geometry_msgs7Vector3E)
    vtable for rosserial_msgs::RequestParamResponse 0x0800a08c   Data          24  ros_main.o(.constdata__ZTVN14rosserial_msgs20RequestParamResponseE)
    vtable for ros::NodeHandle_<STM32Hardware, (int)25, (int)25, (int)1024, (int)1024> 0x0800a0a4   Data          20  ros_main.o(.constdata__ZTVN3ros11NodeHandle_I13STM32HardwareLi25ELi25ELi1024ELi1024EEE)
    vtable for std_msgs::Header              0x0800a0b8   Data          24  ros_main.o(.constdata__ZTVN8std_msgs6HeaderE)
    vtable for std_msgs::String              0x0800a0d0   Data          24  ros_main.o(.constdata__ZTVN8std_msgs6StringE)
    std_msgs::Header::Header()::string       0x0800a0e8   Data           1  ros_main.o(.constdata__ZZN8std_msgs6HeaderC1EvEs)
    std_msgs::String::String()::string       0x0800a0e9   Data           1  ros_main.o(.constdata__ZZN8std_msgs6StringC1EvEs)
    Region$$Table$$Base                      0x0800a128   Number         0  anon$$obj.o(Region$$Table)
    Region$$Table$$Limit                     0x0800a148   Number         0  anon$$obj.o(Region$$Table)
    SHT$$INIT_ARRAY$$Base                    0x0800a148   Number         0  ros_main.o(.init_array)
    SHT$$INIT_ARRAY$$Limit                   0x0800a150   Number         0  init_aeabi.o(.init_array)
    defaultTaskHandle                        0x20000000   Data           4  freertos.o(.data)
    balance_TasHandle                        0x20000004   Data           4  freertos.o(.data)
    leg_TaskHandle                           0x20000008   Data           4  freertos.o(.data)
    wheel_taskHandle                         0x2000000c   Data           4  freertos.o(.data)
    blink_taskHandle                         0x20000010   Data           4  freertos.o(.data)
    temp                                     0x2000001c   Data           4  stm32f4xx_it.o(.data)
    vel_pid_output_value                     0x20000020   Data           4  stm32f4xx_it.o(.data)
    Angle_pid_output_value                   0x20000024   Data           4  stm32f4xx_it.o(.data)
    FS_Desc                                  0x20000028   Data          28  usbd_desc.o(.data)
    USBD_LangIDDesc                          0x20000044   Data           4  usbd_desc.o(.data)
    USBD_FS_DeviceDesc                       0x20000048   Data          18  usbd_desc.o(.data)
    USBD_StringSerial                        0x2000005c   Data          26  usbd_desc.o(.data)
    usb_rxBufPtrIn                           0x20000078   Data           4  usbd_cdc_if.o(.data)
    usb_rxBufPtrOut                          0x2000007c   Data           4  usbd_cdc_if.o(.data)
    USBD_Interface_fops_FS                   0x20000080   Data          20  usbd_cdc_if.o(.data)
    uwTickFreq                               0x20000094   Data           1  stm32f4xx_hal.o(.data)
    uwTickPrio                               0x20000098   Data           4  stm32f4xx_hal.o(.data)
    uwTick                                   0x2000009c   Data           4  stm32f4xx_hal.o(.data)
    SystemCoreClock                          0x200000a0   Data           4  system_stm32f4xx.o(.data)
    USBD_CDC                                 0x200000fc   Data          56  usbd_cdc.o(.data)
    BMI088_ACCEL_SEN                         0x20000134   Data           4  bmi088driver.o(.data)
    BMI088_GYRO_SEN                          0x20000138   Data           4  bmi088driver.o(.data)
    left_wheel_odom                          0x20000160   Data           4  odrive_can.o(.data)
    right_wheel_odom                         0x20000164   Data           4  odrive_can.o(.data)
    left_wheel_vel                           0x20000168   Data           4  odrive_can.o(.data)
    right_wheel_vel                          0x2000016c   Data           4  odrive_can.o(.data)
    acc                                      0x20000170   Data           6  ros_main.o(.data)
    gyro                                     0x20000176   Data           6  ros_main.o(.data)
    str_msg                                  0x2000017c   Data           8  ros_main.o(.data)
    hello                                    0x20000184   Data          13  ros_main.o(.data)
    twoKp                                    0x20000194   Data           4  mahonyahrs.o(.data)
    twoKi                                    0x20000198   Data           4  mahonyahrs.o(.data)
    q0                                       0x2000019c   Data           4  mahonyahrs.o(.data)
    q1                                       0x200001a0   Data           4  mahonyahrs.o(.data)
    q2                                       0x200001a4   Data           4  mahonyahrs.o(.data)
    q3                                       0x200001a8   Data           4  mahonyahrs.o(.data)
    integralFBx                              0x200001ac   Data           4  mahonyahrs.o(.data)
    integralFBy                              0x200001b0   Data           4  mahonyahrs.o(.data)
    integralFBz                              0x200001b4   Data           4  mahonyahrs.o(.data)
    stop_flag                                0x200001b8   Data           1  pid.o(.data)
    Vel_integral                             0x200001c0   Data           4  pid.o(.data)
    angle_pid                                0x200001c4   Data          16  pid.o(.data)
    vel_pid                                  0x200001d4   Data          16  pid.o(.data)
    pxCurrentTCB                             0x200001e4   Data           4  tasks.o(.data)
    hadc1                                    0x200004a0   Data          72  adc.o(.bss)
    hcan1                                    0x200004e8   Data          40  can.o(.bss)
    hcan2                                    0x20000510   Data          40  can.o(.bss)
    hspi1                                    0x20000538   Data          88  spi.o(.bss)
    htim4                                    0x20000590   Data          72  tim.o(.bss)
    htim5                                    0x200005d8   Data          72  tim.o(.bss)
    htim6                                    0x20000620   Data          72  tim.o(.bss)
    htim12                                   0x20000668   Data          72  tim.o(.bss)
    huart4                                   0x200006b0   Data          68  usart.o(.bss)
    huart5                                   0x200006f4   Data          68  usart.o(.bss)
    huart1                                   0x20000738   Data          68  usart.o(.bss)
    huart2                                   0x2000077c   Data          68  usart.o(.bss)
    huart3                                   0x200007c0   Data          68  usart.o(.bss)
    huart6                                   0x20000804   Data          68  usart.o(.bss)
    hdma_uart4_tx                            0x20000848   Data          96  usart.o(.bss)
    hdma_uart4_rx                            0x200008a8   Data          96  usart.o(.bss)
    hdma_uart5_tx                            0x20000908   Data          96  usart.o(.bss)
    hdma_uart5_rx                            0x20000968   Data          96  usart.o(.bss)
    hdma_usart1_tx                           0x200009c8   Data          96  usart.o(.bss)
    hdma_usart1_rx                           0x20000a28   Data          96  usart.o(.bss)
    hdma_usart6_tx                           0x20000a88   Data          96  usart.o(.bss)
    hdma_usart6_rx                           0x20000ae8   Data          96  usart.o(.bss)
    Gyro                                     0x20000b48   Data          12  stm32f4xx_it.o(.bss)
    Accel                                    0x20000b54   Data          12  stm32f4xx_it.o(.bss)
    IMU                                      0x20000b60   Data          40  stm32f4xx_it.o(.bss)
    htim14                                   0x20000b88   Data          72  stm32f4xx_hal_timebase_tim.o(.bss)
    hUsbDeviceFS                             0x20000bd0   Data         732  usb_device.o(.bss)
    USBD_StrDesc                             0x20000eac   Data         512  usbd_desc.o(.bss)
    usb_rxBuffer                             0x200010ac   Data        2048  usbd_cdc_if.o(.bss)
    UserRxBufferFS                           0x200018ac   Data        2048  usbd_cdc_if.o(.bss)
    UserTxBufferFS                           0x200020ac   Data        2048  usbd_cdc_if.o(.bss)
    hpcd_USB_OTG_FS                          0x20002acc   Data        1292  usbd_conf.o(.bss)
    Left_leg_RevData                         0x20002fd8   Data          78  bsp_init.o(.bss)
    Right_leg_RevData                        0x20003026   Data          78  bsp_init.o(.bss)
    cmd_left                                 0x20003074   Data          66  unitreea1_cmd.o(.bss)
    cmd_right                                0x200030b6   Data          66  unitreea1_cmd.o(.bss)
    Data_left                                0x200030f8   Data         136  unitreea1_cmd.o(.bss)
    id01_left_data                           0x20003180   Data         136  unitreea1_cmd.o(.bss)
    id02_left_data                           0x20003208   Data         136  unitreea1_cmd.o(.bss)
    Data_right                               0x20003290   Data         136  unitreea1_cmd.o(.bss)
    id01_right_data                          0x20003318   Data         136  unitreea1_cmd.o(.bss)
    id02_right_data                          0x200033a0   Data         136  unitreea1_cmd.o(.bss)
    A1cmd_left                               0x20003428   Data          34  unitreea1_cmd.o(.bss)
    A1cmd_right                              0x2000344a   Data          34  unitreea1_cmd.o(.bss)
    nh                                       0x2000346c   Data        2352  ros_main.o(.bss)
    chatter                                  0x20003d9c   Data          20  ros_main.o(.bss)
    imu_msg                                  0x20003db0   Data         184  ros_main.o(.bss)
    imu_pub                                  0x20003e68   Data          20  ros_main.o(.bss)
    Serial0                                  0x20003e7c   Data          24  usbserial.o(.bss)
    __libspace_start                         0x20007b84   Data          96  libspace.o(.bss)
    __temporary_stack_top$libspace           0x20007be4   Data           0  libspace.o(.bss)



==============================================================================

Memory Map of the image

  Image Entry point : 0x08000189

  Load Region LR_IROM1 (Base: 0x08000000, Size: 0x0000a39c, Max: 0x00100000, ABSOLUTE, COMPRESSED[0x0000a274])

    Execution Region ER_IROM1 (Exec base: 0x08000000, Load base: 0x08000000, Size: 0x0000a150, Max: 0x00100000, ABSOLUTE)

    Exec Addr    Load Addr    Size         Type   Attr      Idx    E Section Name        Object

    0x08000000   0x08000000   0x00000188   Data   RO            3    RESET               startup_stm32f405xx.o
    0x08000188   0x08000188   0x00000008   Code   RO         8557  * !!!main             c_w.l(__main.o)
    0x08000190   0x08000190   0x00000034   Code   RO         9067    !!!scatter          c_w.l(__scatter.o)
    0x080001c4   0x080001c4   0x0000005a   Code   RO         9065    !!dczerorl2         c_w.l(__dczerorl2.o)
    0x0800021e   0x0800021e   0x00000002   PAD
    0x08000220   0x08000220   0x0000001c   Code   RO         9069    !!handler_zi        c_w.l(__scatter_zi.o)
    0x0800023c   0x0800023c   0x00000002   Code   RO         8992    .ARM.Collect$$libinit$$00000000  c_w.l(libinit.o)
    0x0800023e   0x0800023e   0x00000004   Code   RO         8769    .ARM.Collect$$libinit$$00000001  c_w.l(libinit2.o)
    0x08000242   0x08000242   0x00000000   Code   RO         8772    .ARM.Collect$$libinit$$00000004  c_w.l(libinit2.o)
    0x08000242   0x08000242   0x00000000   Code   RO         8775    .ARM.Collect$$libinit$$0000000A  c_w.l(libinit2.o)
    0x08000242   0x08000242   0x00000000   Code   RO         8777    .ARM.Collect$$libinit$$0000000C  c_w.l(libinit2.o)
    0x08000242   0x08000242   0x00000000   Code   RO         8779    .ARM.Collect$$libinit$$0000000E  c_w.l(libinit2.o)
    0x08000242   0x08000242   0x00000000   Code   RO         8782    .ARM.Collect$$libinit$$00000011  c_w.l(libinit2.o)
    0x08000242   0x08000242   0x00000000   Code   RO         8784    .ARM.Collect$$libinit$$00000013  c_w.l(libinit2.o)
    0x08000242   0x08000242   0x00000000   Code   RO         8786    .ARM.Collect$$libinit$$00000015  c_w.l(libinit2.o)
    0x08000242   0x08000242   0x00000000   Code   RO         8788    .ARM.Collect$$libinit$$00000017  c_w.l(libinit2.o)
    0x08000242   0x08000242   0x00000000   Code   RO         8790    .ARM.Collect$$libinit$$00000019  c_w.l(libinit2.o)
    0x08000242   0x08000242   0x00000000   Code   RO         8792    .ARM.Collect$$libinit$$0000001B  c_w.l(libinit2.o)
    0x08000242   0x08000242   0x00000000   Code   RO         8794    .ARM.Collect$$libinit$$0000001D  c_w.l(libinit2.o)
    0x08000242   0x08000242   0x00000000   Code   RO         8796    .ARM.Collect$$libinit$$0000001F  c_w.l(libinit2.o)
    0x08000242   0x08000242   0x00000000   Code   RO         8798    .ARM.Collect$$libinit$$00000021  c_w.l(libinit2.o)
    0x08000242   0x08000242   0x00000000   Code   RO         8800    .ARM.Collect$$libinit$$00000023  c_w.l(libinit2.o)
    0x08000242   0x08000242   0x00000000   Code   RO         8802    .ARM.Collect$$libinit$$00000025  c_w.l(libinit2.o)
    0x08000242   0x08000242   0x00000000   Code   RO         8806    .ARM.Collect$$libinit$$0000002C  c_w.l(libinit2.o)
    0x08000242   0x08000242   0x00000000   Code   RO         8808    .ARM.Collect$$libinit$$0000002E  c_w.l(libinit2.o)
    0x08000242   0x08000242   0x00000000   Code   RO         8810    .ARM.Collect$$libinit$$00000030  c_w.l(libinit2.o)
    0x08000242   0x08000242   0x00000004   Code   RO         8811    .ARM.Collect$$libinit$$00000031  c_w.l(libinit2.o)
    0x08000246   0x08000246   0x00000000   Code   RO         8812    .ARM.Collect$$libinit$$00000032  c_w.l(libinit2.o)
    0x08000246   0x08000246   0x00000002   Code   RO         8813    .ARM.Collect$$libinit$$00000033  c_w.l(libinit2.o)
    0x08000248   0x08000248   0x00000002   Code   RO         9062    .ARM.Collect$$libshutdown$$00000000  c_w.l(libshutdown.o)
    0x0800024a   0x0800024a   0x00000000   Code   RO         9018    .ARM.Collect$$libshutdown$$00000002  c_w.l(libshutdown2.o)
    0x0800024a   0x0800024a   0x00000000   Code   RO         9020    .ARM.Collect$$libshutdown$$00000004  c_w.l(libshutdown2.o)
    0x0800024a   0x0800024a   0x00000000   Code   RO         9022    .ARM.Collect$$libshutdown$$00000006  c_w.l(libshutdown2.o)
    0x0800024a   0x0800024a   0x00000000   Code   RO         9025    .ARM.Collect$$libshutdown$$00000009  c_w.l(libshutdown2.o)
    0x0800024a   0x0800024a   0x00000000   Code   RO         9028    .ARM.Collect$$libshutdown$$0000000C  c_w.l(libshutdown2.o)
    0x0800024a   0x0800024a   0x00000000   Code   RO         9030    .ARM.Collect$$libshutdown$$0000000E  c_w.l(libshutdown2.o)
    0x0800024a   0x0800024a   0x00000000   Code   RO         9033    .ARM.Collect$$libshutdown$$00000011  c_w.l(libshutdown2.o)
    0x0800024a   0x0800024a   0x00000002   Code   RO         9034    .ARM.Collect$$libshutdown$$00000012  c_w.l(libshutdown2.o)
    0x0800024c   0x0800024c   0x00000000   Code   RO         8727    .ARM.Collect$$rtentry$$00000000  c_w.l(__rtentry.o)
    0x0800024c   0x0800024c   0x00000000   Code   RO         8897    .ARM.Collect$$rtentry$$00000002  c_w.l(__rtentry2.o)
    0x0800024c   0x0800024c   0x00000006   Code   RO         8909    .ARM.Collect$$rtentry$$00000004  c_w.l(__rtentry4.o)
    0x08000252   0x08000252   0x00000000   Code   RO         8899    .ARM.Collect$$rtentry$$00000009  c_w.l(__rtentry2.o)
    0x08000252   0x08000252   0x00000004   Code   RO         8900    .ARM.Collect$$rtentry$$0000000A  c_w.l(__rtentry2.o)
    0x08000256   0x08000256   0x00000000   Code   RO         8902    .ARM.Collect$$rtentry$$0000000C  c_w.l(__rtentry2.o)
    0x08000256   0x08000256   0x00000008   Code   RO         8903    .ARM.Collect$$rtentry$$0000000D  c_w.l(__rtentry2.o)
    0x0800025e   0x0800025e   0x00000002   Code   RO         9001    .ARM.Collect$$rtexit$$00000000  c_w.l(rtexit.o)
    0x08000260   0x08000260   0x00000000   Code   RO         9038    .ARM.Collect$$rtexit$$00000002  c_w.l(rtexit2.o)
    0x08000260   0x08000260   0x00000004   Code   RO         9039    .ARM.Collect$$rtexit$$00000003  c_w.l(rtexit2.o)
    0x08000264   0x08000264   0x00000006   Code   RO         9040    .ARM.Collect$$rtexit$$00000004  c_w.l(rtexit2.o)
    0x0800026a   0x0800026a   0x00000002   PAD
    0x0800026c   0x0800026c   0x000000be   Code   RO         8408    .emb_text           port.o
    0x0800032a   0x0800032a   0x00000002   PAD
    0x0800032c   0x0800032c   0x00000040   Code   RO            4    .text               startup_stm32f405xx.o
    0x0800036c   0x0800036c   0x000000ee   Code   RO         8543    .text               c_w.l(lludivv7m.o)
    0x0800045a   0x0800045a   0x0000008a   Code   RO         8547    .text               c_w.l(rt_memcpy_v6.o)
    0x080004e4   0x080004e4   0x00000064   Code   RO         8549    .text               c_w.l(rt_memcpy_w.o)
    0x08000548   0x08000548   0x0000004e   Code   RO         8553    .text               c_w.l(rt_memclr_w.o)
    0x08000596   0x08000596   0x00000006   Code   RO         8555    .text               c_w.l(heapauxi.o)
    0x0800059c   0x0800059c   0x00000024   Code   RO         8562    .text               c_w.l(init_aeabi.o)
    0x080005c0   0x080005c0   0x00000016   Code   RO         8765    .text               c_w.l(_rserrno.o)
    0x080005d6   0x080005d6   0x00000002   PAD
    0x080005d8   0x080005d8   0x00000008   Code   RO         8893    .text               c_w.l(libspace.o)
    0x080005e0   0x080005e0   0x00000008   Code   RO         8916    .text               c_w.l(rt_errno_addr_intlibspace.o)
    0x080005e8   0x080005e8   0x0000004a   Code   RO         8958    .text               c_w.l(sys_stackheap_outer.o)
    0x08000632   0x08000632   0x00000012   Code   RO         8971    .text               c_w.l(exit.o)
    0x08000644   0x08000644   0x0000000c   Code   RO         8996    .text               c_w.l(sys_exit.o)
    0x08000650   0x08000650   0x00000002   Code   RO         8998    .text               c_w.l(use_no_semi.o)
    0x08000652   0x08000652   0x00000000   Code   RO         9000    .text               c_w.l(indicate_semi.o)
    0x08000652   0x08000652   0x00000002   PAD
    0x08000654   0x08000654   0x00000128   Code   RO         3074    i.ADC_Init          stm32f4xx_hal_adc.o
    0x0800077c   0x0800077c   0x0000007c   Code   RO         7044    i.Angle_PID_Output  pid.o
    0x080007f8   0x080007f8   0x00000010   Code   RO         5737    i.BMI088_ACCEL_NS_H  bmi088middleware.o
    0x08000808   0x08000808   0x00000010   Code   RO         5738    i.BMI088_ACCEL_NS_L  bmi088middleware.o
    0x08000818   0x08000818   0x00000002   Code   RO         5739    i.BMI088_GPIO_init  bmi088middleware.o
    0x0800081a   0x0800081a   0x00000002   PAD
    0x0800081c   0x0800081c   0x00000010   Code   RO         5740    i.BMI088_GYRO_NS_H  bmi088middleware.o
    0x0800082c   0x0800082c   0x00000010   Code   RO         5741    i.BMI088_GYRO_NS_L  bmi088middleware.o
    0x0800083c   0x0800083c   0x00000002   Code   RO         5742    i.BMI088_com_init   bmi088middleware.o
    0x0800083e   0x0800083e   0x00000014   Code   RO         5743    i.BMI088_delay_ms   bmi088middleware.o
    0x08000852   0x08000852   0x00000006   Code   RO         5744    i.BMI088_delay_us   bmi088middleware.o
    0x08000858   0x08000858   0x00000018   Code   RO         5671    i.BMI088_init       bmi088driver.o
    0x08000870   0x08000870   0x00000158   Code   RO         5672    i.BMI088_read       bmi088driver.o
    0x080009c8   0x080009c8   0x00000024   Code   RO         5673    i.BMI088_read_muli_reg  bmi088driver.o
    0x080009ec   0x080009ec   0x00000016   Code   RO         5674    i.BMI088_read_single_reg  bmi088driver.o
    0x08000a02   0x08000a02   0x00000002   PAD
    0x08000a04   0x08000a04   0x00000020   Code   RO         5745    i.BMI088_read_write_byte  bmi088middleware.o
    0x08000a24   0x08000a24   0x00000012   Code   RO         5675    i.BMI088_write_single_reg  bmi088driver.o
    0x08000a36   0x08000a36   0x00000002   Code   RO          669    i.BusFault_Handler  stm32f4xx_it.o
    0x08000a38   0x08000a38   0x0000000c   Code   RO          670    i.CAN1_RX0_IRQHandler  stm32f4xx_it.o
    0x08000a44   0x08000a44   0x0000000c   Code   RO          671    i.CAN1_RX1_IRQHandler  stm32f4xx_it.o
    0x08000a50   0x08000a50   0x0000000c   Code   RO          672    i.CAN2_RX0_IRQHandler  stm32f4xx_it.o
    0x08000a5c   0x08000a5c   0x0000000c   Code   RO          673    i.CAN2_RX1_IRQHandler  stm32f4xx_it.o
    0x08000a68   0x08000a68   0x00000004   Code   RO         1072    i.CDC_Control_FS    usbd_cdc_if.o
    0x08000a6c   0x08000a6c   0x00000004   Code   RO         1073    i.CDC_DeInit_FS     usbd_cdc_if.o
    0x08000a70   0x08000a70   0x00000024   Code   RO         1074    i.CDC_Init_FS       usbd_cdc_if.o
    0x08000a94   0x08000a94   0x0000004c   Code   RO         1075    i.CDC_Receive_FS    usbd_cdc_if.o
    0x08000ae0   0x08000ae0   0x00000004   Code   RO         1076    i.CDC_TransmitCplt_FS  usbd_cdc_if.o
    0x08000ae4   0x08000ae4   0x0000000c   Code   RO          674    i.DMA1_Stream0_IRQHandler  stm32f4xx_it.o
    0x08000af0   0x08000af0   0x0000000c   Code   RO          675    i.DMA1_Stream2_IRQHandler  stm32f4xx_it.o
    0x08000afc   0x08000afc   0x0000000c   Code   RO          676    i.DMA1_Stream4_IRQHandler  stm32f4xx_it.o
    0x08000b08   0x08000b08   0x0000000c   Code   RO          677    i.DMA1_Stream7_IRQHandler  stm32f4xx_it.o
    0x08000b14   0x08000b14   0x0000000c   Code   RO          678    i.DMA2_Stream1_IRQHandler  stm32f4xx_it.o
    0x08000b20   0x08000b20   0x0000000c   Code   RO          679    i.DMA2_Stream2_IRQHandler  stm32f4xx_it.o
    0x08000b2c   0x08000b2c   0x0000000c   Code   RO          680    i.DMA2_Stream6_IRQHandler  stm32f4xx_it.o
    0x08000b38   0x08000b38   0x0000000c   Code   RO          681    i.DMA2_Stream7_IRQHandler  stm32f4xx_it.o
    0x08000b44   0x08000b44   0x00000028   Code   RO         2398    i.DMA_CalcBaseAndBitshift  stm32f4xx_hal_dma.o
    0x08000b6c   0x08000b6c   0x00000054   Code   RO         2399    i.DMA_CheckFifoParam  stm32f4xx_hal_dma.o
    0x08000bc0   0x08000bc0   0x00000028   Code   RO         2400    i.DMA_SetConfig     stm32f4xx_hal_dma.o
    0x08000be8   0x08000be8   0x00000002   Code   RO          682    i.DebugMon_Handler  stm32f4xx_it.o
    0x08000bea   0x08000bea   0x00000002   PAD
    0x08000bec   0x08000bec   0x00000064   Code   RO          683    i.EXTI15_10_IRQHandler  stm32f4xx_it.o
    0x08000c50   0x08000c50   0x00000004   Code   RO           13    i.Error_Handler     main.o
    0x08000c54   0x08000c54   0x0000014c   Code   RO         3076    i.HAL_ADC_ConfigChannel  stm32f4xx_hal_adc.o
    0x08000da0   0x08000da0   0x00000054   Code   RO         3085    i.HAL_ADC_Init      stm32f4xx_hal_adc.o
    0x08000df4   0x08000df4   0x00000060   Code   RO          375    i.HAL_ADC_MspInit   adc.o
    0x08000e54   0x08000e54   0x00000024   Code   RO         3350    i.HAL_CAN_ActivateNotification  stm32f4xx_hal_can.o
    0x08000e78   0x08000e78   0x000000dc   Code   RO         3351    i.HAL_CAN_AddTxMessage  stm32f4xx_hal_can.o
    0x08000f54   0x08000f54   0x0000010c   Code   RO         3352    i.HAL_CAN_ConfigFilter  stm32f4xx_hal_can.o
    0x08001060   0x08001060   0x00000002   Code   RO         3355    i.HAL_CAN_ErrorCallback  stm32f4xx_hal_can.o
    0x08001062   0x08001062   0x000000e8   Code   RO         3358    i.HAL_CAN_GetRxMessage  stm32f4xx_hal_can.o
    0x0800114a   0x0800114a   0x000001fc   Code   RO         3362    i.HAL_CAN_IRQHandler  stm32f4xx_hal_can.o
    0x08001346   0x08001346   0x0000011a   Code   RO         3363    i.HAL_CAN_Init      stm32f4xx_hal_can.o
    0x08001460   0x08001460   0x00000124   Code   RO          417    i.HAL_CAN_MspInit   can.o
    0x08001584   0x08001584   0x00000002   Code   RO         3370    i.HAL_CAN_RxFifo0FullCallback  stm32f4xx_hal_can.o
    0x08001586   0x08001586   0x00000002   PAD
    0x08001588   0x08001588   0x00000014   Code   RO         5809    i.HAL_CAN_RxFifo0MsgPendingCallback  bsp_can.o
    0x0800159c   0x0800159c   0x00000002   Code   RO         3372    i.HAL_CAN_RxFifo1FullCallback  stm32f4xx_hal_can.o
    0x0800159e   0x0800159e   0x00000002   Code   RO         3373    i.HAL_CAN_RxFifo1MsgPendingCallback  stm32f4xx_hal_can.o
    0x080015a0   0x080015a0   0x00000002   Code   RO         3374    i.HAL_CAN_SleepCallback  stm32f4xx_hal_can.o
    0x080015a2   0x080015a2   0x00000002   PAD
    0x080015a4   0x080015a4   0x00000058   Code   RO         3375    i.HAL_CAN_Start     stm32f4xx_hal_can.o
    0x080015fc   0x080015fc   0x00000002   Code   RO         3377    i.HAL_CAN_TxMailbox0AbortCallback  stm32f4xx_hal_can.o
    0x080015fe   0x080015fe   0x00000002   Code   RO         3378    i.HAL_CAN_TxMailbox0CompleteCallback  stm32f4xx_hal_can.o
    0x08001600   0x08001600   0x00000002   Code   RO         3379    i.HAL_CAN_TxMailbox1AbortCallback  stm32f4xx_hal_can.o
    0x08001602   0x08001602   0x00000002   Code   RO         3380    i.HAL_CAN_TxMailbox1CompleteCallback  stm32f4xx_hal_can.o
    0x08001604   0x08001604   0x00000002   Code   RO         3381    i.HAL_CAN_TxMailbox2AbortCallback  stm32f4xx_hal_can.o
    0x08001606   0x08001606   0x00000002   Code   RO         3382    i.HAL_CAN_TxMailbox2CompleteCallback  stm32f4xx_hal_can.o
    0x08001608   0x08001608   0x00000002   Code   RO         3384    i.HAL_CAN_WakeUpFromRxMsgCallback  stm32f4xx_hal_can.o
    0x0800160a   0x0800160a   0x00000092   Code   RO         2401    i.HAL_DMA_Abort     stm32f4xx_hal_dma.o
    0x0800169c   0x0800169c   0x00000024   Code   RO         2402    i.HAL_DMA_Abort_IT  stm32f4xx_hal_dma.o
    0x080016c0   0x080016c0   0x000001a0   Code   RO         2406    i.HAL_DMA_IRQHandler  stm32f4xx_hal_dma.o
    0x08001860   0x08001860   0x000000d4   Code   RO         2407    i.HAL_DMA_Init      stm32f4xx_hal_dma.o
    0x08001934   0x08001934   0x0000006e   Code   RO         2411    i.HAL_DMA_Start_IT  stm32f4xx_hal_dma.o
    0x080019a2   0x080019a2   0x00000002   PAD
    0x080019a4   0x080019a4   0x00000024   Code   RO         2820    i.HAL_Delay         stm32f4xx_hal.o
    0x080019c8   0x080019c8   0x00000002   Code   RO         2292    i.HAL_GPIO_EXTI_Callback  stm32f4xx_hal_gpio.o
    0x080019ca   0x080019ca   0x00000002   PAD
    0x080019cc   0x080019cc   0x00000018   Code   RO         2293    i.HAL_GPIO_EXTI_IRQHandler  stm32f4xx_hal_gpio.o
    0x080019e4   0x080019e4   0x000001f0   Code   RO         2294    i.HAL_GPIO_Init     stm32f4xx_hal_gpio.o
    0x08001bd4   0x08001bd4   0x0000000a   Code   RO         2296    i.HAL_GPIO_ReadPin  stm32f4xx_hal_gpio.o
    0x08001bde   0x08001bde   0x00000010   Code   RO         2297    i.HAL_GPIO_TogglePin  stm32f4xx_hal_gpio.o
    0x08001bee   0x08001bee   0x0000000a   Code   RO         2298    i.HAL_GPIO_WritePin  stm32f4xx_hal_gpio.o
    0x08001bf8   0x08001bf8   0x0000000c   Code   RO         2826    i.HAL_GetTick       stm32f4xx_hal.o
    0x08001c04   0x08001c04   0x00000010   Code   RO         2832    i.HAL_IncTick       stm32f4xx_hal.o
    0x08001c14   0x08001c14   0x00000034   Code   RO         2833    i.HAL_Init          stm32f4xx_hal.o
    0x08001c48   0x08001c48   0x00000098   Code   RO          899    i.HAL_InitTick      stm32f4xx_hal_timebase_tim.o
    0x08001ce0   0x08001ce0   0x00000038   Code   RO          875    i.HAL_MspInit       stm32f4xx_hal_msp.o
    0x08001d18   0x08001d18   0x0000001a   Code   RO         2683    i.HAL_NVIC_EnableIRQ  stm32f4xx_hal_cortex.o
    0x08001d32   0x08001d32   0x00000002   PAD
    0x08001d34   0x08001d34   0x00000040   Code   RO         2689    i.HAL_NVIC_SetPriority  stm32f4xx_hal_cortex.o
    0x08001d74   0x08001d74   0x00000024   Code   RO         2690    i.HAL_NVIC_SetPriorityGrouping  stm32f4xx_hal_cortex.o
    0x08001d98   0x08001d98   0x00000002   Code   RO         1593    i.HAL_PCDEx_LPM_Callback  stm32f4xx_hal_pcd_ex.o
    0x08001d9a   0x08001d9a   0x00000008   Code   RO         1594    i.HAL_PCDEx_SetRxFiFo  stm32f4xx_hal_pcd_ex.o
    0x08001da2   0x08001da2   0x00000044   Code   RO         1595    i.HAL_PCDEx_SetTxFiFo  stm32f4xx_hal_pcd_ex.o
    0x08001de6   0x08001de6   0x00000008   Code   RO         1147    i.HAL_PCD_ConnectCallback  usbd_conf.o
    0x08001dee   0x08001dee   0x00000012   Code   RO         1148    i.HAL_PCD_DataInStageCallback  usbd_conf.o
    0x08001e00   0x08001e00   0x00000014   Code   RO         1149    i.HAL_PCD_DataOutStageCallback  usbd_conf.o
    0x08001e14   0x08001e14   0x00000008   Code   RO         1150    i.HAL_PCD_DisconnectCallback  usbd_conf.o
    0x08001e1c   0x08001e1c   0x0000001e   Code   RO         1363    i.HAL_PCD_EP_Abort  stm32f4xx_hal_pcd.o
    0x08001e3a   0x08001e3a   0x0000004c   Code   RO         1364    i.HAL_PCD_EP_Close  stm32f4xx_hal_pcd.o
    0x08001e86   0x08001e86   0x0000005c   Code   RO         1365    i.HAL_PCD_EP_ClrStall  stm32f4xx_hal_pcd.o
    0x08001ee2   0x08001ee2   0x00000012   Code   RO         1367    i.HAL_PCD_EP_GetRxCount  stm32f4xx_hal_pcd.o
    0x08001ef4   0x08001ef4   0x00000060   Code   RO         1368    i.HAL_PCD_EP_Open   stm32f4xx_hal_pcd.o
    0x08001f54   0x08001f54   0x00000048   Code   RO         1369    i.HAL_PCD_EP_Receive  stm32f4xx_hal_pcd.o
    0x08001f9c   0x08001f9c   0x00000074   Code   RO         1370    i.HAL_PCD_EP_SetStall  stm32f4xx_hal_pcd.o
    0x08002010   0x08002010   0x00000040   Code   RO         1371    i.HAL_PCD_EP_Transmit  stm32f4xx_hal_pcd.o
    0x08002050   0x08002050   0x00000560   Code   RO         1373    i.HAL_PCD_IRQHandler  stm32f4xx_hal_pcd.o
    0x080025b0   0x080025b0   0x00000008   Code   RO         1151    i.HAL_PCD_ISOINIncompleteCallback  usbd_conf.o
    0x080025b8   0x080025b8   0x00000008   Code   RO         1152    i.HAL_PCD_ISOOUTIncompleteCallback  usbd_conf.o
    0x080025c0   0x080025c0   0x000000e2   Code   RO         1376    i.HAL_PCD_Init      stm32f4xx_hal_pcd.o
    0x080026a2   0x080026a2   0x00000002   PAD
    0x080026a4   0x080026a4   0x00000084   Code   RO         1154    i.HAL_PCD_MspInit   usbd_conf.o
    0x08002728   0x08002728   0x0000002c   Code   RO         1155    i.HAL_PCD_ResetCallback  usbd_conf.o
    0x08002754   0x08002754   0x00000008   Code   RO         1156    i.HAL_PCD_ResumeCallback  usbd_conf.o
    0x0800275c   0x0800275c   0x00000008   Code   RO         1157    i.HAL_PCD_SOFCallback  usbd_conf.o
    0x08002764   0x08002764   0x00000028   Code   RO         1382    i.HAL_PCD_SetAddress  stm32f4xx_hal_pcd.o
    0x0800278c   0x0800278c   0x0000000e   Code   RO         1158    i.HAL_PCD_SetupStageCallback  usbd_conf.o
    0x0800279a   0x0800279a   0x00000042   Code   RO         1385    i.HAL_PCD_Start     stm32f4xx_hal_pcd.o
    0x080027dc   0x080027dc   0x00000030   Code   RO         1159    i.HAL_PCD_SuspendCallback  usbd_conf.o
    0x0800280c   0x0800280c   0x00000134   Code   RO         1940    i.HAL_RCC_ClockConfig  stm32f4xx_hal_rcc.o
    0x08002940   0x08002940   0x00000040   Code   RO         1944    i.HAL_RCC_GetClockConfig  stm32f4xx_hal_rcc.o
    0x08002980   0x08002980   0x0000000c   Code   RO         1945    i.HAL_RCC_GetHCLKFreq  stm32f4xx_hal_rcc.o
    0x0800298c   0x0800298c   0x00000020   Code   RO         1947    i.HAL_RCC_GetPCLK1Freq  stm32f4xx_hal_rcc.o
    0x080029ac   0x080029ac   0x00000020   Code   RO         1948    i.HAL_RCC_GetPCLK2Freq  stm32f4xx_hal_rcc.o
    0x080029cc   0x080029cc   0x00000060   Code   RO         1949    i.HAL_RCC_GetSysClockFreq  stm32f4xx_hal_rcc.o
    0x08002a2c   0x08002a2c   0x0000036c   Code   RO         1952    i.HAL_RCC_OscConfig  stm32f4xx_hal_rcc.o
    0x08002d98   0x08002d98   0x000000bc   Code   RO         3594    i.HAL_SPI_Init      stm32f4xx_hal_spi.o
    0x08002e54   0x08002e54   0x00000068   Code   RO          490    i.HAL_SPI_MspInit   spi.o
    0x08002ebc   0x08002ebc   0x000001e2   Code   RO         3603    i.HAL_SPI_TransmitReceive  stm32f4xx_hal_spi.o
    0x0800309e   0x0800309e   0x00000002   Code   RO         4611    i.HAL_TIMEx_BreakCallback  stm32f4xx_hal_tim_ex.o
    0x080030a0   0x080030a0   0x00000002   Code   RO         4612    i.HAL_TIMEx_CommutCallback  stm32f4xx_hal_tim_ex.o
    0x080030a2   0x080030a2   0x00000002   PAD
    0x080030a4   0x080030a4   0x00000090   Code   RO         4630    i.HAL_TIMEx_MasterConfigSynchronization  stm32f4xx_hal_tim_ex.o
    0x08003134   0x08003134   0x0000005a   Code   RO         3907    i.HAL_TIM_Base_Init  stm32f4xx_hal_tim.o
    0x0800318e   0x0800318e   0x00000002   PAD
    0x08003190   0x08003190   0x00000088   Code   RO          532    i.HAL_TIM_Base_MspInit  tim.o
    0x08003218   0x08003218   0x00000080   Code   RO         3912    i.HAL_TIM_Base_Start_IT  stm32f4xx_hal_tim.o
    0x08003298   0x08003298   0x00000030   Code   RO         3915    i.HAL_TIM_Base_Stop_IT  stm32f4xx_hal_tim.o
    0x080032c8   0x080032c8   0x000000dc   Code   RO         3916    i.HAL_TIM_ConfigClockSource  stm32f4xx_hal_tim.o
    0x080033a4   0x080033a4   0x00000002   Code   RO         3941    i.HAL_TIM_IC_CaptureCallback  stm32f4xx_hal_tim.o
    0x080033a6   0x080033a6   0x00000166   Code   RO         3955    i.HAL_TIM_IRQHandler  stm32f4xx_hal_tim.o
    0x0800350c   0x0800350c   0x000000a8   Code   RO          533    i.HAL_TIM_MspPostInit  tim.o
    0x080035b4   0x080035b4   0x00000002   Code   RO         3958    i.HAL_TIM_OC_DelayElapsedCallback  stm32f4xx_hal_tim.o
    0x080035b6   0x080035b6   0x000000cc   Code   RO         3979    i.HAL_TIM_PWM_ConfigChannel  stm32f4xx_hal_tim.o
    0x08003682   0x08003682   0x0000005a   Code   RO         3982    i.HAL_TIM_PWM_Init  stm32f4xx_hal_tim.o
    0x080036dc   0x080036dc   0x00000002   Code   RO         3984    i.HAL_TIM_PWM_MspInit  stm32f4xx_hal_tim.o
    0x080036de   0x080036de   0x00000002   Code   RO         3985    i.HAL_TIM_PWM_PulseFinishedCallback  stm32f4xx_hal_tim.o
    0x080036e0   0x080036e0   0x000000c8   Code   RO         3987    i.HAL_TIM_PWM_Start  stm32f4xx_hal_tim.o
    0x080037a8   0x080037a8   0x0000007c   Code   RO         3990    i.HAL_TIM_PWM_Stop  stm32f4xx_hal_tim.o
    0x08003824   0x08003824   0x00000014   Code   RO           14    i.HAL_TIM_PeriodElapsedCallback  main.o
    0x08003838   0x08003838   0x00000002   Code   RO         3998    i.HAL_TIM_TriggerCallback  stm32f4xx_hal_tim.o
    0x0800383a   0x0800383a   0x00000002   Code   RO         4889    i.HAL_UARTEx_RxEventCallback  stm32f4xx_hal_uart.o
    0x0800383c   0x0800383c   0x00000002   Code   RO         4903    i.HAL_UART_ErrorCallback  stm32f4xx_hal_uart.o
    0x0800383e   0x0800383e   0x00000002   PAD
    0x08003840   0x08003840   0x00000268   Code   RO         4906    i.HAL_UART_IRQHandler  stm32f4xx_hal_uart.o
    0x08003aa8   0x08003aa8   0x00000062   Code   RO         4907    i.HAL_UART_Init     stm32f4xx_hal_uart.o
    0x08003b0a   0x08003b0a   0x00000002   PAD
    0x08003b0c   0x08003b0c   0x00000420   Code   RO          598    i.HAL_UART_MspInit  usart.o
    0x08003f2c   0x08003f2c   0x0000002a   Code   RO         4911    i.HAL_UART_Receive_DMA  stm32f4xx_hal_uart.o
    0x08003f56   0x08003f56   0x00000002   PAD
    0x08003f58   0x08003f58   0x00000194   Code   RO         6152    i.HAL_UART_RxCpltCallback  unitreea1_cmd.o
    0x080040ec   0x080040ec   0x00000002   Code   RO         4914    i.HAL_UART_RxHalfCpltCallback  stm32f4xx_hal_uart.o
    0x080040ee   0x080040ee   0x00000002   PAD
    0x080040f0   0x080040f0   0x0000008c   Code   RO         4916    i.HAL_UART_Transmit_DMA  stm32f4xx_hal_uart.o
    0x0800417c   0x0800417c   0x00000040   Code   RO         6153    i.HAL_UART_TxCpltCallback  unitreea1_cmd.o
    0x080041bc   0x080041bc   0x00000002   Code   RO         4919    i.HAL_UART_TxHalfCpltCallback  stm32f4xx_hal_uart.o
    0x080041be   0x080041be   0x00000002   Code   RO          684    i.HardFault_Handler  stm32f4xx_it.o
    0x080041c0   0x080041c0   0x00000038   Code   RO          986    i.IntToUnicode      usbd_desc.o
    0x080041f8   0x080041f8   0x00000064   Code   RO          376    i.MX_ADC1_Init      adc.o
    0x0800425c   0x0800425c   0x00000048   Code   RO          418    i.MX_CAN1_Init      can.o
    0x080042a4   0x080042a4   0x00000048   Code   RO          419    i.MX_CAN2_Init      can.o
    0x080042ec   0x080042ec   0x000000ac   Code   RO          465    i.MX_DMA_Init       dma.o
    0x08004398   0x08004398   0x00000080   Code   RO          300    i.MX_FREERTOS_Init  freertos.o
    0x08004418   0x08004418   0x00000140   Code   RO          276    i.MX_GPIO_Init      gpio.o
    0x08004558   0x08004558   0x00000048   Code   RO          491    i.MX_SPI1_Init      spi.o
    0x080045a0   0x080045a0   0x00000084   Code   RO          534    i.MX_TIM12_Init     tim.o
    0x08004624   0x08004624   0x00000098   Code   RO          535    i.MX_TIM4_Init      tim.o
    0x080046bc   0x080046bc   0x00000094   Code   RO          536    i.MX_TIM5_Init      tim.o
    0x08004750   0x08004750   0x00000044   Code   RO          537    i.MX_TIM6_Init      tim.o
    0x08004794   0x08004794   0x00000038   Code   RO          599    i.MX_UART4_Init     usart.o
    0x080047cc   0x080047cc   0x00000038   Code   RO          600    i.MX_UART5_Init     usart.o
    0x08004804   0x08004804   0x0000003c   Code   RO          601    i.MX_USART1_UART_Init  usart.o
    0x08004840   0x08004840   0x00000038   Code   RO          602    i.MX_USART2_UART_Init  usart.o
    0x08004878   0x08004878   0x00000038   Code   RO          603    i.MX_USART3_UART_Init  usart.o
    0x080048b0   0x080048b0   0x0000003c   Code   RO          604    i.MX_USART6_UART_Init  usart.o
    0x080048ec   0x080048ec   0x00000054   Code   RO          938    i.MX_USB_DEVICE_Init  usb_device.o
    0x08004940   0x08004940   0x0000026c   Code   RO         7002    i.MahonyAHRSupdateIMU  mahonyahrs.o
    0x08004bac   0x08004bac   0x00000002   Code   RO          685    i.MemManage_Handler  stm32f4xx_it.o
    0x08004bae   0x08004bae   0x00000002   Code   RO          686    i.NMI_Handler       stm32f4xx_it.o
    0x08004bb0   0x08004bb0   0x0000000c   Code   RO          687    i.OTG_FS_IRQHandler  stm32f4xx_it.o
    0x08004bbc   0x08004bbc   0x000000cc   Code   RO         1389    i.PCD_EP_OutXfrComplete_int  stm32f4xx_hal_pcd.o
    0x08004c88   0x08004c88   0x000000a2   Code   RO         1390    i.PCD_WriteEmptyTxFifo  stm32f4xx_hal_pcd.o
    0x08004d2a   0x08004d2a   0x00000002   PAD
    0x08004d2c   0x08004d2c   0x00000058   Code   RO         3632    i.SPI_EndRxTxTransaction  stm32f4xx_hal_spi.o
    0x08004d84   0x08004d84   0x000000b8   Code   RO         3637    i.SPI_WaitFlagStateUntilTimeout  stm32f4xx_hal_spi.o
    0x08004e3c   0x08004e3c   0x0000000a   Code   RO         5432    i.SWAPBYTE          usbd_ctlreq.o
    0x08004e46   0x08004e46   0x0000000c   Code   RO          301    i.StartDefaultTask  freertos.o
    0x08004e52   0x08004e52   0x00000002   PAD
    0x08004e54   0x08004e54   0x0000002c   Code   RO         8409    i.SysTick_Handler   port.o
    0x08004e80   0x08004e80   0x00000094   Code   RO           15    i.SystemClock_Config  main.o
    0x08004f14   0x08004f14   0x00000010   Code   RO         5236    i.SystemInit        system_stm32f4xx.o
    0x08004f24   0x08004f24   0x0000009c   Code   RO          688    i.TIM6_DAC_IRQHandler  stm32f4xx_it.o
    0x08004fc0   0x08004fc0   0x0000000c   Code   RO          689    i.TIM8_TRG_COM_TIM14_IRQHandler  stm32f4xx_it.o
    0x08004fcc   0x08004fcc   0x000000c8   Code   RO         4000    i.TIM_Base_SetConfig  stm32f4xx_hal_tim.o
    0x08005094   0x08005094   0x0000001a   Code   RO         4001    i.TIM_CCxChannelCmd  stm32f4xx_hal_tim.o
    0x080050ae   0x080050ae   0x00000014   Code   RO         4011    i.TIM_ETR_SetConfig  stm32f4xx_hal_tim.o
    0x080050c2   0x080050c2   0x00000010   Code   RO         4012    i.TIM_ITRx_SetConfig  stm32f4xx_hal_tim.o
    0x080050d2   0x080050d2   0x00000002   PAD
    0x080050d4   0x080050d4   0x00000060   Code   RO         4013    i.TIM_OC1_SetConfig  stm32f4xx_hal_tim.o
    0x08005134   0x08005134   0x0000006c   Code   RO         4014    i.TIM_OC2_SetConfig  stm32f4xx_hal_tim.o
    0x080051a0   0x080051a0   0x00000068   Code   RO         4015    i.TIM_OC3_SetConfig  stm32f4xx_hal_tim.o
    0x08005208   0x08005208   0x00000050   Code   RO         4016    i.TIM_OC4_SetConfig  stm32f4xx_hal_tim.o
    0x08005258   0x08005258   0x00000022   Code   RO         4018    i.TIM_TI1_ConfigInputStage  stm32f4xx_hal_tim.o
    0x0800527a   0x0800527a   0x00000024   Code   RO         4020    i.TIM_TI2_ConfigInputStage  stm32f4xx_hal_tim.o
    0x0800529e   0x0800529e   0x00000002   PAD
    0x080052a0   0x080052a0   0x0000000c   Code   RO          690    i.UART4_IRQHandler  stm32f4xx_it.o
    0x080052ac   0x080052ac   0x0000000c   Code   RO          691    i.UART5_IRQHandler  stm32f4xx_it.o
    0x080052b8   0x080052b8   0x00000010   Code   RO         4920    i.UART_DMAAbortOnError  stm32f4xx_hal_uart.o
    0x080052c8   0x080052c8   0x0000004a   Code   RO         4921    i.UART_DMAError     stm32f4xx_hal_uart.o
    0x08005312   0x08005312   0x00000082   Code   RO         4922    i.UART_DMAReceiveCplt  stm32f4xx_hal_uart.o
    0x08005394   0x08005394   0x0000001a   Code   RO         4924    i.UART_DMARxHalfCplt  stm32f4xx_hal_uart.o
    0x080053ae   0x080053ae   0x00000042   Code   RO         4926    i.UART_DMATransmitCplt  stm32f4xx_hal_uart.o
    0x080053f0   0x080053f0   0x0000000a   Code   RO         4928    i.UART_DMATxHalfCplt  stm32f4xx_hal_uart.o
    0x080053fa   0x080053fa   0x0000004e   Code   RO         4930    i.UART_EndRxTransfer  stm32f4xx_hal_uart.o
    0x08005448   0x08005448   0x0000001c   Code   RO         4931    i.UART_EndTxTransfer  stm32f4xx_hal_uart.o
    0x08005464   0x08005464   0x000000c0   Code   RO         4932    i.UART_Receive_IT   stm32f4xx_hal_uart.o
    0x08005524   0x08005524   0x0000010c   Code   RO         4933    i.UART_SetConfig    stm32f4xx_hal_uart.o
    0x08005630   0x08005630   0x00000094   Code   RO         4934    i.UART_Start_Receive_DMA  stm32f4xx_hal_uart.o
    0x080056c4   0x080056c4   0x0000000c   Code   RO          692    i.USART1_IRQHandler  stm32f4xx_it.o
    0x080056d0   0x080056d0   0x0000000c   Code   RO          693    i.USART6_IRQHandler  stm32f4xx_it.o
    0x080056dc   0x080056dc   0x00000076   Code   RO         5565    i.USBD_CDC_DataIn   usbd_cdc.o
    0x08005752   0x08005752   0x0000003c   Code   RO         5566    i.USBD_CDC_DataOut  usbd_cdc.o
    0x0800578e   0x0800578e   0x00000002   PAD
    0x08005790   0x08005790   0x00000090   Code   RO         5567    i.USBD_CDC_DeInit   usbd_cdc.o
    0x08005820   0x08005820   0x00000036   Code   RO         5568    i.USBD_CDC_EP0_RxReady  usbd_cdc.o
    0x08005856   0x08005856   0x00000002   PAD
    0x08005858   0x08005858   0x0000000c   Code   RO         5569    i.USBD_CDC_GetDeviceQualifierDescriptor  usbd_cdc.o
    0x08005864   0x08005864   0x0000003c   Code   RO         5570    i.USBD_CDC_GetFSCfgDesc  usbd_cdc.o
    0x080058a0   0x080058a0   0x00000040   Code   RO         5571    i.USBD_CDC_GetHSCfgDesc  usbd_cdc.o
    0x080058e0   0x080058e0   0x0000003c   Code   RO         5572    i.USBD_CDC_GetOtherSpeedCfgDesc  usbd_cdc.o
    0x0800591c   0x0800591c   0x00000118   Code   RO         5573    i.USBD_CDC_Init     usbd_cdc.o
    0x08005a34   0x08005a34   0x00000038   Code   RO         5574    i.USBD_CDC_ReceivePacket  usbd_cdc.o
    0x08005a6c   0x08005a6c   0x00000016   Code   RO         5575    i.USBD_CDC_RegisterInterface  usbd_cdc.o
    0x08005a82   0x08005a82   0x0000001a   Code   RO         5576    i.USBD_CDC_SetRxBuffer  usbd_cdc.o
    0x08005a9c   0x08005a9c   0x0000001e   Code   RO         5577    i.USBD_CDC_SetTxBuffer  usbd_cdc.o
    0x08005aba   0x08005aba   0x000000d4   Code   RO         5578    i.USBD_CDC_Setup    usbd_cdc.o
    0x08005b8e   0x08005b8e   0x00000014   Code   RO         5273    i.USBD_ClrClassConfig  usbd_core.o
    0x08005ba2   0x08005ba2   0x00000004   Code   RO         5274    i.USBD_CoreFindEP   usbd_core.o
    0x08005ba6   0x08005ba6   0x00000004   Code   RO         5275    i.USBD_CoreFindIF   usbd_core.o
    0x08005baa   0x08005baa   0x00000010   Code   RO         5505    i.USBD_CtlContinueRx  usbd_ioreq.o
    0x08005bba   0x08005bba   0x00000010   Code   RO         5506    i.USBD_CtlContinueSendData  usbd_ioreq.o
    0x08005bca   0x08005bca   0x00000016   Code   RO         5433    i.USBD_CtlError     usbd_ctlreq.o
    0x08005be0   0x08005be0   0x0000001e   Code   RO         5507    i.USBD_CtlPrepareRx  usbd_ioreq.o
    0x08005bfe   0x08005bfe   0x00000016   Code   RO         5508    i.USBD_CtlReceiveStatus  usbd_ioreq.o
    0x08005c14   0x08005c14   0x0000001a   Code   RO         5509    i.USBD_CtlSendData  usbd_ioreq.o
    0x08005c2e   0x08005c2e   0x00000016   Code   RO         5510    i.USBD_CtlSendStatus  usbd_ioreq.o
    0x08005c44   0x08005c44   0x00000020   Code   RO          987    i.USBD_FS_ConfigStrDescriptor  usbd_desc.o
    0x08005c64   0x08005c64   0x0000000c   Code   RO          988    i.USBD_FS_DeviceDescriptor  usbd_desc.o
    0x08005c70   0x08005c70   0x00000024   Code   RO          989    i.USBD_FS_InterfaceStrDescriptor  usbd_desc.o
    0x08005c94   0x08005c94   0x0000000c   Code   RO          990    i.USBD_FS_LangIDStrDescriptor  usbd_desc.o
    0x08005ca0   0x08005ca0   0x00000028   Code   RO          991    i.USBD_FS_ManufacturerStrDescriptor  usbd_desc.o
    0x08005cc8   0x08005cc8   0x0000002c   Code   RO          992    i.USBD_FS_ProductStrDescriptor  usbd_desc.o
    0x08005cf4   0x08005cf4   0x00000038   Code   RO          993    i.USBD_FS_SerialStrDescriptor  usbd_desc.o
    0x08005d2c   0x08005d2c   0x000000e6   Code   RO         5434    i.USBD_GetDescriptor  usbd_ctlreq.o
    0x08005e12   0x08005e12   0x0000003a   Code   RO         5277    i.USBD_GetEpDesc    usbd_core.o
    0x08005e4c   0x08005e4c   0x0000000e   Code   RO         5278    i.USBD_GetNextDesc  usbd_core.o
    0x08005e5a   0x08005e5a   0x00000048   Code   RO         5435    i.USBD_GetString    usbd_ctlreq.o
    0x08005ea2   0x08005ea2   0x00000018   Code   RO         1160    i.USBD_Get_USB_Status  usbd_conf.o
    0x08005eba   0x08005eba   0x00000026   Code   RO         5279    i.USBD_Init         usbd_core.o
    0x08005ee0   0x08005ee0   0x00000012   Code   RO         1161    i.USBD_LL_ClearStallEP  usbd_conf.o
    0x08005ef2   0x08005ef2   0x00000012   Code   RO         1162    i.USBD_LL_CloseEP   usbd_conf.o
    0x08005f04   0x08005f04   0x000000b6   Code   RO         5280    i.USBD_LL_DataInStage  usbd_core.o
    0x08005fba   0x08005fba   0x0000008e   Code   RO         5281    i.USBD_LL_DataOutStage  usbd_core.o
    0x08006048   0x08006048   0x00000004   Code   RO         5282    i.USBD_LL_DevConnected  usbd_core.o
    0x0800604c   0x0800604c   0x0000001e   Code   RO         5283    i.USBD_LL_DevDisconnected  usbd_core.o
    0x0800606a   0x0800606a   0x00000008   Code   RO         1166    i.USBD_LL_GetRxDataSize  usbd_conf.o
    0x08006072   0x08006072   0x00000002   PAD
    0x08006074   0x08006074   0x00000060   Code   RO         1167    i.USBD_LL_Init      usbd_conf.o
    0x080060d4   0x080060d4   0x00000020   Code   RO         1168    i.USBD_LL_IsStallEP  usbd_conf.o
    0x080060f4   0x080060f4   0x00000028   Code   RO         5284    i.USBD_LL_IsoINIncomplete  usbd_core.o
    0x0800611c   0x0800611c   0x00000028   Code   RO         5285    i.USBD_LL_IsoOUTIncomplete  usbd_core.o
    0x08006144   0x08006144   0x00000018   Code   RO         1169    i.USBD_LL_OpenEP    usbd_conf.o
    0x0800615c   0x0800615c   0x00000012   Code   RO         1170    i.USBD_LL_PrepareReceive  usbd_conf.o
    0x0800616e   0x0800616e   0x0000005c   Code   RO         5286    i.USBD_LL_Reset     usbd_core.o
    0x080061ca   0x080061ca   0x00000014   Code   RO         5287    i.USBD_LL_Resume    usbd_core.o
    0x080061de   0x080061de   0x0000001a   Code   RO         5288    i.USBD_LL_SOF       usbd_core.o
    0x080061f8   0x080061f8   0x00000006   Code   RO         5289    i.USBD_LL_SetSpeed  usbd_core.o
    0x080061fe   0x080061fe   0x00000012   Code   RO         1171    i.USBD_LL_SetUSBAddress  usbd_conf.o
    0x08006210   0x08006210   0x00000060   Code   RO         5290    i.USBD_LL_SetupStage  usbd_core.o
    0x08006270   0x08006270   0x00000012   Code   RO         1172    i.USBD_LL_StallEP   usbd_conf.o
    0x08006282   0x08006282   0x00000012   Code   RO         1173    i.USBD_LL_Start     usbd_conf.o
    0x08006294   0x08006294   0x00000012   Code   RO         5291    i.USBD_LL_Suspend   usbd_core.o
    0x080062a6   0x080062a6   0x00000012   Code   RO         1175    i.USBD_LL_Transmit  usbd_conf.o
    0x080062b8   0x080062b8   0x0000002c   Code   RO         5436    i.USBD_ParseSetupRequest  usbd_ctlreq.o
    0x080062e4   0x080062e4   0x0000003a   Code   RO         5292    i.USBD_RegisterClass  usbd_core.o
    0x0800631e   0x0800631e   0x00000014   Code   RO         5294    i.USBD_SetClassConfig  usbd_core.o
    0x08006332   0x08006332   0x00000002   PAD
    0x08006334   0x08006334   0x000000b8   Code   RO         5437    i.USBD_SetConfig    usbd_ctlreq.o
    0x080063ec   0x080063ec   0x00000004   Code   RO         5295    i.USBD_Start        usbd_core.o
    0x080063f0   0x080063f0   0x0000012c   Code   RO         5438    i.USBD_StdDevReq    usbd_ctlreq.o
    0x0800651c   0x0800651c   0x00000160   Code   RO         5439    i.USBD_StdEPReq     usbd_ctlreq.o
    0x0800667c   0x0800667c   0x00000072   Code   RO         5440    i.USBD_StdItfReq    usbd_ctlreq.o
    0x080066ee   0x080066ee   0x00000002   Code   RO         1176    i.USBD_static_free  usbd_conf.o
    0x080066f0   0x080066f0   0x00000008   Code   RO         1177    i.USBD_static_malloc  usbd_conf.o
    0x080066f8   0x080066f8   0x00000080   Code   RO         1635    i.USB_ActivateEndpoint  stm32f4xx_ll_usb.o
    0x08006778   0x08006778   0x0000001c   Code   RO         1637    i.USB_ActivateSetup  stm32f4xx_ll_usb.o
    0x08006794   0x08006794   0x00000074   Code   RO         1639    i.USB_CoreInit      stm32f4xx_ll_usb.o
    0x08006808   0x08006808   0x00000040   Code   RO         1640    i.USB_CoreReset     stm32f4xx_ll_usb.o
    0x08006848   0x08006848   0x000000cc   Code   RO         1643    i.USB_DeactivateEndpoint  stm32f4xx_ll_usb.o
    0x08006914   0x08006914   0x0000001c   Code   RO         1644    i.USB_DevConnect    stm32f4xx_ll_usb.o
    0x08006930   0x08006930   0x0000001c   Code   RO         1645    i.USB_DevDisconnect  stm32f4xx_ll_usb.o
    0x0800694c   0x0800694c   0x00000174   Code   RO         1646    i.USB_DevInit       stm32f4xx_ll_usb.o
    0x08006ac0   0x08006ac0   0x0000000c   Code   RO         1647    i.USB_DisableGlobalInt  stm32f4xx_ll_usb.o
    0x08006acc   0x08006acc   0x0000011c   Code   RO         1650    i.USB_EP0StartXfer  stm32f4xx_ll_usb.o
    0x08006be8   0x08006be8   0x00000058   Code   RO         1651    i.USB_EP0_OutStart  stm32f4xx_ll_usb.o
    0x08006c40   0x08006c40   0x00000058   Code   RO         1652    i.USB_EPClearStall  stm32f4xx_ll_usb.o
    0x08006c98   0x08006c98   0x00000058   Code   RO         1653    i.USB_EPSetStall    stm32f4xx_ll_usb.o
    0x08006cf0   0x08006cf0   0x000001e4   Code   RO         1654    i.USB_EPStartXfer   stm32f4xx_ll_usb.o
    0x08006ed4   0x08006ed4   0x0000009e   Code   RO         1655    i.USB_EPStopXfer    stm32f4xx_ll_usb.o
    0x08006f72   0x08006f72   0x0000000c   Code   RO         1656    i.USB_EnableGlobalInt  stm32f4xx_ll_usb.o
    0x08006f7e   0x08006f7e   0x00000002   PAD
    0x08006f80   0x08006f80   0x0000003c   Code   RO         1657    i.USB_FlushRxFifo   stm32f4xx_ll_usb.o
    0x08006fbc   0x08006fbc   0x00000040   Code   RO         1658    i.USB_FlushTxFifo   stm32f4xx_ll_usb.o
    0x08006ffc   0x08006ffc   0x0000001a   Code   RO         1660    i.USB_GetDevSpeed   stm32f4xx_ll_usb.o
    0x08007016   0x08007016   0x00000008   Code   RO         1662    i.USB_GetMode       stm32f4xx_ll_usb.o
    0x0800701e   0x0800701e   0x0000000e   Code   RO         1669    i.USB_ReadDevAllInEpInterrupt  stm32f4xx_ll_usb.o
    0x0800702c   0x0800702c   0x0000000e   Code   RO         1670    i.USB_ReadDevAllOutEpInterrupt  stm32f4xx_ll_usb.o
    0x0800703a   0x0800703a   0x00000024   Code   RO         1671    i.USB_ReadDevInEPInterrupt  stm32f4xx_ll_usb.o
    0x0800705e   0x0800705e   0x00000010   Code   RO         1672    i.USB_ReadDevOutEPInterrupt  stm32f4xx_ll_usb.o
    0x0800706e   0x0800706e   0x00000008   Code   RO         1673    i.USB_ReadInterrupts  stm32f4xx_ll_usb.o
    0x08007076   0x08007076   0x0000003e   Code   RO         1674    i.USB_ReadPacket    stm32f4xx_ll_usb.o
    0x080070b4   0x080070b4   0x0000005c   Code   RO         1676    i.USB_SetCurrentMode  stm32f4xx_ll_usb.o
    0x08007110   0x08007110   0x00000022   Code   RO         1677    i.USB_SetDevAddress  stm32f4xx_ll_usb.o
    0x08007132   0x08007132   0x00000002   PAD
    0x08007134   0x08007134   0x000000e8   Code   RO         1679    i.USB_SetTurnaroundTime  stm32f4xx_ll_usb.o
    0x0800721c   0x0800721c   0x00000028   Code   RO         1682    i.USB_WritePacket   stm32f4xx_ll_usb.o
    0x08007244   0x08007244   0x00000002   Code   RO          694    i.UsageFault_Handler  stm32f4xx_it.o
    0x08007246   0x08007246   0x00000002   PAD
    0x08007248   0x08007248   0x00000094   Code   RO         7045    i.Velocity_PID      pid.o
    0x080072dc   0x080072dc   0x00000020   Code   RO         6386    i._ZN13geometry_msgs7Vector3C1Ev  ros_main.o
    0x080072fc   0x080072fc   0x0000001c   Code   RO         6913    i._ZN9USBSerialC1Ev  usbserial.o
    0x08007318   0x08007318   0x00000030   Code   RO         8888    i.__ARM_fpclassify  m_wm.l(fpclassify.o)
    0x08007348   0x08007348   0x00000020   Code   RO         2696    i.__NVIC_SetPriority  stm32f4xx_hal_cortex.o
    0x08007368   0x08007368   0x00000360   Code   RO         8687    i.__hardfp_asin     m_wm.l(asin.o)
    0x080076c8   0x080076c8   0x000002d8   Code   RO         8854    i.__hardfp_atan     m_wm.l(atan.o)
    0x080079a0   0x080079a0   0x00000200   Code   RO         8701    i.__hardfp_atan2    m_wm.l(atan2.o)
    0x08007ba0   0x08007ba0   0x000000f8   Code   RO         8890    i.__kernel_poly     m_wm.l(poly.o)
    0x08007c98   0x08007c98   0x00000014   Code   RO         8869    i.__mathlib_dbl_infnan  m_wm.l(dunder.o)
    0x08007cac   0x08007cac   0x00000014   Code   RO         8870    i.__mathlib_dbl_infnan2  m_wm.l(dunder.o)
    0x08007cc0   0x08007cc0   0x00000020   Code   RO         8871    i.__mathlib_dbl_invalid  m_wm.l(dunder.o)
    0x08007ce0   0x08007ce0   0x00000020   Code   RO         8874    i.__mathlib_dbl_underflow  m_wm.l(dunder.o)
    0x08007d00   0x08007d00   0x000000c4   Code   RO         6209    i.__sti___12_ros_main_cpp_nh  ros_main.o
    0x08007dc4   0x08007dc4   0x0000000c   Code   RO         6914    i.__sti___13_USBSerial_cpp_Serial0  usbserial.o
    0x08007dd0   0x08007dd0   0x00000010   Code   RO         8856    i.atan              m_wm.l(atan.o)
    0x08007de0   0x08007de0   0x00000008   Code   RO          302    i.balance_ctrl      freertos.o
    0x08007de8   0x08007de8   0x00000008   Code   RO          303    i.blink_status      freertos.o
    0x08007df0   0x08007df0   0x00000110   Code   RO         5676    i.bmi088_accel_init  bmi088driver.o
    0x08007f00   0x08007f00   0x00000114   Code   RO         5677    i.bmi088_gyro_init  bmi088driver.o
    0x08008014   0x08008014   0x00000030   Code   RO         5810    i.bsp_can_init      bsp_can.o
    0x08008044   0x08008044   0x00000058   Code   RO         6122    i.bsp_device_init   bsp_init.o
    0x0800809c   0x0800809c   0x0000015c   Code   RO         7003    i.calculateAngles   mahonyahrs.o
    0x080081f8   0x080081f8   0x00000034   Code   RO         5811    i.can1_rx_callback  bsp_can.o
    0x0800822c   0x0800822c   0x00000034   Code   RO         5812    i.can2_rx_callback  bsp_can.o
    0x08008260   0x08008260   0x00000038   Code   RO         5813    i.can_filter_init   bsp_can.o
    0x08008298   0x08008298   0x00000022   Code   RO         5814    i.canx_receive      bsp_can.o
    0x080082ba   0x080082ba   0x0000003e   Code   RO         5815    i.canx_send_data    bsp_can.o
    0x080082f8   0x080082f8   0x0000003c   Code   RO         6154    i.crc32_core        unitreea1_cmd.o
    0x08008334   0x08008334   0x00000018   Code   RO         8884    i.fabs              m_wm.l(fabs.o)
    0x0800834c   0x0800834c   0x00000008   Code   RO          304    i.get_wheel_speed   freertos.o
    0x08008354   0x08008354   0x0000002c   Code   RO         7004    i.invSqrt           mahonyahrs.o
    0x08008380   0x08008380   0x00000008   Code   RO          305    i.leg_ctrl          freertos.o
    0x08008388   0x08008388   0x00000100   Code   RO           16    i.main              main.o
    0x08008488   0x08008488   0x0000000c   Code   RO         7974    i.makeFreeRtosPriority  cmsis_os.o
    0x08008494   0x08008494   0x00000048   Code   RO         6155    i.modfiy_cmd        unitreea1_cmd.o
    0x080084dc   0x080084dc   0x0000000e   Code   RO         7976    i.osDelay           cmsis_os.o
    0x080084ea   0x080084ea   0x0000000a   Code   RO         7979    i.osKernelStart     cmsis_os.o
    0x080084f4   0x080084f4   0x00000054   Code   RO         8013    i.osThreadCreate    cmsis_os.o
    0x08008548   0x08008548   0x00000070   Code   RO         7656    i.prvAddCurrentTaskToDelayedList  tasks.o
    0x080085b8   0x080085b8   0x000000d0   Code   RO         7657    i.prvAddNewTaskToReadyList  tasks.o
    0x08008688   0x08008688   0x00000034   Code   RO         7658    i.prvDeleteTCB      tasks.o
    0x080086bc   0x080086bc   0x0000004c   Code   RO         8341    i.prvHeapInit       heap_4.o
    0x08008708   0x08008708   0x00000060   Code   RO         7659    i.prvIdleTask       tasks.o
    0x08008768   0x08008768   0x00000098   Code   RO         7660    i.prvInitialiseNewTask  tasks.o
    0x08008800   0x08008800   0x0000004c   Code   RO         8342    i.prvInsertBlockIntoFreeList  heap_4.o
    0x0800884c   0x0800884c   0x00000020   Code   RO         7661    i.prvResetNextTaskUnblockTime  tasks.o
    0x0800886c   0x0800886c   0x00000028   Code   RO         8410    i.prvTaskExitError  port.o
    0x08008894   0x08008894   0x000000dc   Code   RO         8343    i.pvPortMalloc      heap_4.o
    0x08008970   0x08008970   0x0000002c   Code   RO         8411    i.pxPortInitialiseStack  port.o
    0x0800899c   0x0800899c   0x00000030   Code   RO         6056    i.read_wheel_encoder  odrive_can.o
    0x080089cc   0x080089cc   0x00000030   Code   RO         6057    i.send_wheel_torque  odrive_can.o
    0x080089fc   0x080089fc   0x0000006e   Code   RO         8715    i.sqrt              m_wm.l(sqrt.o)
    0x08008a6a   0x08008a6a   0x00000002   PAD
    0x08008a6c   0x08008a6c   0x00000044   Code   RO         6095    i.startup_sing      beep.o
    0x08008ab0   0x08008ab0   0x000001ec   Code   RO         6156    i.unitreeA1_rxtx    unitreea1_cmd.o
    0x08008c9c   0x08008c9c   0x00000026   Code   RO         7292    i.uxListRemove      list.o
    0x08008cc2   0x08008cc2   0x00000002   PAD
    0x08008cc4   0x08008cc4   0x00000014   Code   RO          306    i.vApplicationGetIdleTaskMemory  freertos.o
    0x08008cd8   0x08008cd8   0x00000016   Code   RO         7293    i.vListInitialise   list.o
    0x08008cee   0x08008cee   0x00000006   Code   RO         7294    i.vListInitialiseItem  list.o
    0x08008cf4   0x08008cf4   0x00000030   Code   RO         7295    i.vListInsert       list.o
    0x08008d24   0x08008d24   0x00000018   Code   RO         7296    i.vListInsertEnd    list.o
    0x08008d3c   0x08008d3c   0x00000040   Code   RO         8413    i.vPortEnterCritical  port.o
    0x08008d7c   0x08008d7c   0x00000028   Code   RO         8414    i.vPortExitCritical  port.o
    0x08008da4   0x08008da4   0x00000064   Code   RO         8344    i.vPortFree         heap_4.o
    0x08008e08   0x08008e08   0x00000024   Code   RO         8415    i.vPortSetupTimerInterrupt  port.o
    0x08008e2c   0x08008e2c   0x0000004c   Code   RO         7670    i.vTaskDelay        tasks.o
    0x08008e78   0x08008e78   0x0000006c   Code   RO         7683    i.vTaskStartScheduler  tasks.o
    0x08008ee4   0x08008ee4   0x00000010   Code   RO         7685    i.vTaskSuspendAll   tasks.o
    0x08008ef4   0x08008ef4   0x0000005c   Code   RO         7686    i.vTaskSwitchContext  tasks.o
    0x08008f50   0x08008f50   0x000000f4   Code   RO         8417    i.xPortStartScheduler  port.o
    0x08009044   0x08009044   0x0000005a   Code   RO         7689    i.xTaskCreate       tasks.o
    0x0800909e   0x0800909e   0x00000056   Code   RO         7690    i.xTaskCreateStatic  tasks.o
    0x080090f4   0x080090f4   0x000000cc   Code   RO         7697    i.xTaskIncrementTick  tasks.o
    0x080091c0   0x080091c0   0x000000c4   Code   RO         7703    i.xTaskResumeAll    tasks.o
    0x08009284   0x08009284   0x00000088   Code   RO         6380    t._ZN3ros11NodeHandle_I13STM32HardwareLi25ELi25ELi1024ELi1024EEC1Ev  ros_main.o
    0x0800930c   0x0800930c   0x00000018   Code   RO         8827    x$fpl$basic         fz_wm.l(basic.o)
    0x08009324   0x08009324   0x00000062   Code   RO         8671    x$fpl$d2f           fz_wm.l(d2f.o)
    0x08009386   0x08009386   0x00000002   PAD
    0x08009388   0x08009388   0x00000150   Code   RO         8829    x$fpl$dadd          fz_wm.l(daddsub_clz.o)
    0x080094d8   0x080094d8   0x00000018   Code   RO         8952    x$fpl$dcmpinf       fz_wm.l(dcmpi.o)
    0x080094f0   0x080094f0   0x000002b0   Code   RO         8836    x$fpl$ddiv          fz_wm.l(ddiv.o)
    0x080097a0   0x080097a0   0x00000078   Code   RO         8839    x$fpl$deqf          fz_wm.l(deqf.o)
    0x08009818   0x08009818   0x00000154   Code   RO         8683    x$fpl$dmul          fz_wm.l(dmul.o)
    0x0800996c   0x0800996c   0x0000009c   Code   RO         8843    x$fpl$dnaninf       fz_wm.l(dnaninf.o)
    0x08009a08   0x08009a08   0x0000000c   Code   RO         8845    x$fpl$dretinf       fz_wm.l(dretinf.o)
    0x08009a14   0x08009a14   0x00000016   Code   RO         8830    x$fpl$drsb          fz_wm.l(daddsub_clz.o)
    0x08009a2a   0x08009a2a   0x00000002   PAD
    0x08009a2c   0x08009a2c   0x00000198   Code   RO         8847    x$fpl$dsqrt         fz_wm.l(dsqrt_umaal.o)
    0x08009bc4   0x08009bc4   0x000001d4   Code   RO         8831    x$fpl$dsub          fz_wm.l(daddsub_clz.o)
    0x08009d98   0x08009d98   0x00000056   Code   RO         8685    x$fpl$f2d           fz_wm.l(f2d.o)
    0x08009dee   0x08009dee   0x0000008c   Code   RO         8849    x$fpl$fnaninf       fz_wm.l(fnaninf.o)
    0x08009e7a   0x08009e7a   0x0000000a   Code   RO         8954    x$fpl$fpinit        fz_wm.l(fpinit.o)
    0x08009e84   0x08009e84   0x0000000a   Code   RO         8851    x$fpl$fretinf       fz_wm.l(fretinf.o)
    0x08009e8e   0x08009e8e   0x00000000   Code   RO         8853    x$fpl$usenofp       fz_wm.l(usenofp.o)
    0x08009e8e   0x08009e8e   0x00000002   PAD
    0x08009e90   0x08009e90   0x0000008c   Data   RO          308    .constdata          freertos.o
    0x08009f1c   0x08009f1c   0x00000008   Data   RO         2413    .constdata          stm32f4xx_hal_dma.o
    0x08009f24   0x08009f24   0x00000010   Data   RO         5237    .constdata          system_stm32f4xx.o
    0x08009f34   0x08009f34   0x00000008   Data   RO         5238    .constdata          system_stm32f4xx.o
    0x08009f3c   0x08009f3c   0x00000004   PAD
    0x08009f40   0x08009f40   0x00000050   Data   RO         8690    .constdata          m_wm.l(asin.o)
    0x08009f90   0x08009f90   0x00000098   Data   RO         8857    .constdata          m_wm.l(atan.o)
    0x0800a028   0x0800a028   0x00000008   Data   RO         8892    .constdata          m_wm.l(qnan.o)
    0x0800a030   0x0800a030   0x00000014   Data   RO         6979    .constdata__ZTV9USBSerial  usbserial.o
    0x0800a044   0x0800a044   0x00000018   Data   RO         6407    .constdata__ZTVN11sensor_msgs3ImuE  ros_main.o
    0x0800a05c   0x0800a05c   0x00000018   Data   RO         6403    .constdata__ZTVN13geometry_msgs10QuaternionE  ros_main.o
    0x0800a074   0x0800a074   0x00000018   Data   RO         6405    .constdata__ZTVN13geometry_msgs7Vector3E  ros_main.o
    0x0800a08c   0x0800a08c   0x00000018   Data   RO         6397    .constdata__ZTVN14rosserial_msgs20RequestParamResponseE  ros_main.o
    0x0800a0a4   0x0800a0a4   0x00000014   Data   RO         6409    .constdata__ZTVN3ros11NodeHandle_I13STM32HardwareLi25ELi25ELi1024ELi1024EEE  ros_main.o
    0x0800a0b8   0x0800a0b8   0x00000018   Data   RO         6401    .constdata__ZTVN8std_msgs6HeaderE  ros_main.o
    0x0800a0d0   0x0800a0d0   0x00000018   Data   RO         6399    .constdata__ZTVN8std_msgs6StringE  ros_main.o
    0x0800a0e8   0x0800a0e8   0x00000001   Data   RO         6264    .constdata__ZZN8std_msgs6HeaderC1EvEs  ros_main.o
    0x0800a0e9   0x0800a0e9   0x00000001   Data   RO         6261    .constdata__ZZN8std_msgs6StringC1EvEs  ros_main.o
    0x0800a0ea   0x0800a0ea   0x00000002   PAD
    0x0800a0ec   0x0800a0ec   0x0000003c   Data   RO          309    .conststring        freertos.o
    0x0800a128   0x0800a128   0x00000020   Data   RO         9063    Region$$Table       anon$$obj.o
    0x0800a148   0x0800a148   0x00000004   Data   RO         6221    .init_array         ros_main.o
    0x0800a14c   0x0800a148   0x00000004   Data   RO         6926    .init_array         usbserial.o
    0x0800a150   0x0800a148   0x00000000   Data   RO         8560    .init_array         c_w.l(init_aeabi.o)


    Execution Region RW_IRAM1 (Exec base: 0x20000000, Load base: 0x0800a150, Size: 0x000081e8, Max: 0x0001c000, ABSOLUTE, COMPRESSED[0x00000124])

    Exec Addr    Load Addr    Size         Type   Attr      Idx    E Section Name        Object

    0x20000000   COMPRESSED   0x00000014   Data   RW          310    .data               freertos.o
    0x20000014   COMPRESSED   0x00000004   Data   RW          421    .data               can.o
    0x20000018   COMPRESSED   0x00000010   Data   RW          696    .data               stm32f4xx_it.o
    0x20000028   COMPRESSED   0x0000001c   Data   RW          995    .data               usbd_desc.o
    0x20000044   COMPRESSED   0x00000032   Data   RW          996    .data               usbd_desc.o
    0x20000076   COMPRESSED   0x00000002   PAD
    0x20000078   COMPRESSED   0x00000008   Data   RW         1082    .data               usbd_cdc_if.o
    0x20000080   COMPRESSED   0x00000014   Data   RW         1083    .data               usbd_cdc_if.o
    0x20000094   COMPRESSED   0x0000000c   Data   RW         2840    .data               stm32f4xx_hal.o
    0x200000a0   COMPRESSED   0x00000004   Data   RW         5239    .data               system_stm32f4xx.o
    0x200000a4   COMPRESSED   0x00000001   Data   RW         5441    .data               usbd_ctlreq.o
    0x200000a5   COMPRESSED   0x00000003   PAD
    0x200000a8   COMPRESSED   0x00000053   Data   RW         5580    .data               usbd_cdc.o
    0x200000fb   COMPRESSED   0x00000001   PAD
    0x200000fc   COMPRESSED   0x00000038   Data   RW         5581    .data               usbd_cdc.o
    0x20000134   COMPRESSED   0x0000002c   Data   RW         5678    .data               bmi088driver.o
    0x20000160   COMPRESSED   0x00000004   Data   RW         6058    .data               odrive_can.o
    0x20000164   COMPRESSED   0x00000004   Data   RW         6059    .data               odrive_can.o
    0x20000168   COMPRESSED   0x00000004   Data   RW         6060    .data               odrive_can.o
    0x2000016c   COMPRESSED   0x00000004   Data   RW         6061    .data               odrive_can.o
    0x20000170   COMPRESSED   0x00000021   Data   RW         6219    .data               ros_main.o
    0x20000191   COMPRESSED   0x00000003   PAD
    0x20000194   COMPRESSED   0x00000024   Data   RW         7005    .data               mahonyahrs.o
    0x200001b8   COMPRESSED   0x0000002c   Data   RW         7046    .data               pid.o
    0x200001e4   COMPRESSED   0x0000003c   Data   RW         7706    .data               tasks.o
    0x20000220   COMPRESSED   0x00000020   Data   RW         8350    .data               heap_4.o
    0x20000240   COMPRESSED   0x0000000c   Data   RW         8418    .data               port.o
    0x2000024c        -       0x00000254   Zero   RW          307    .bss                freertos.o
    0x200004a0        -       0x00000048   Zero   RW          377    .bss                adc.o
    0x200004e8        -       0x00000050   Zero   RW          420    .bss                can.o
    0x20000538        -       0x00000058   Zero   RW          492    .bss                spi.o
    0x20000590        -       0x00000120   Zero   RW          538    .bss                tim.o
    0x200006b0        -       0x00000498   Zero   RW          605    .bss                usart.o
    0x20000b48        -       0x00000040   Zero   RW          695    .bss                stm32f4xx_it.o
    0x20000b88        -       0x00000048   Zero   RW          902    .bss                stm32f4xx_hal_timebase_tim.o
    0x20000bd0        -       0x000002dc   Zero   RW          939    .bss                usb_device.o
    0x20000eac        -       0x00000200   Zero   RW          994    .bss                usbd_desc.o
    0x200010ac        -       0x00001800   Zero   RW         1081    .bss                usbd_cdc_if.o
    0x200028ac        -       0x0000072c   Zero   RW         1178    .bss                usbd_conf.o
    0x20002fd8        -       0x0000009c   Zero   RW         6123    .bss                bsp_init.o
    0x20003074        -       0x000003f8   Zero   RW         6157    .bss                unitreea1_cmd.o
    0x2000346c        -       0x00000a10   Zero   RW         6217    .bss                ros_main.o
    0x20003e7c        -       0x00000018   Zero   RW         6925    .bss                usbserial.o
    0x20003e94        -       0x000000f0   Zero   RW         7705    .bss                tasks.o
    0x20003f84        -       0x00003c00   Zero   RW         8349    .bss                heap_4.o
    0x20007b84        -       0x00000060   Zero   RW         8894    .bss                c_w.l(libspace.o)
    0x20007be4   COMPRESSED   0x00000004   PAD
    0x20007be8        -       0x00000200   Zero   RW            2    HEAP                startup_stm32f405xx.o
    0x20007de8        -       0x00000400   Zero   RW            1    STACK               startup_stm32f405xx.o


    Execution Region RW_IRAM2 (Exec base: 0x2001c000, Load base: 0x0800a274, Size: 0x00000000, Max: 0x00004000, ABSOLUTE)

    **** No section assigned to this execution region ****


==============================================================================

Image component sizes


      Code (inc. data)   RO Data    RW Data    ZI Data      Debug   Object Name

       196         24          0          0         72       1725   adc.o
        68         10          0          0          0        567   beep.o
       992         16          0         44          0       6546   bmi088driver.o
       126         28          0          0          0       5042   bmi088middleware.o
       324         54          0          0          0       4987   bsp_can.o
        88         20          0          0        156       1355   bsp_init.o
       436         40          0          4         80       2546   can.o
       120          0          0          0          0      23373   cmsis_os.o
       172          4          0          0          0        878   dma.o
         0          0          0          0          0      16952   event_groups.o
       192         14        200         20        596       4820   freertos.o
       320         16          0          0          0       1087   gpio.o
       472         24          0         32      15360       7467   heap_4.o
       138          0          0          0          0       3594   list.o
      1012         42          0         36          0       3792   mahonyahrs.o
       428         36          0          0          0     724304   main.o
        96         10          0         16          0       2191   odrive_can.o
       272         22          0         44          0       1985   pid.o
       702         72          0         12          0      11056   port.o
       364         76        170         33       2576      22306   ros_main.o
       176         22          0          0         88       1713   spi.o
        64         26        392          0       1536        848   startup_stm32f405xx.o
       116         18          0         12          0       8758   stm32f4xx_hal.o
       712         28          0          0          0       2903   stm32f4xx_hal_adc.o
      1658          6          0          0          0      14383   stm32f4xx_hal_can.o
       158         14          0          0          0      33202   stm32f4xx_hal_cortex.o
      1084         16          8          0          0       7402   stm32f4xx_hal_dma.o
       558         52          0          0          0       4716   stm32f4xx_hal_gpio.o
        56          4          0          0          0        878   stm32f4xx_hal_msp.o
      2638         12          0          0          0      13788   stm32f4xx_hal_pcd.o
        78          0          0          0          0       2425   stm32f4xx_hal_pcd_ex.o
      1420         88          0          0          0       6429   stm32f4xx_hal_rcc.o
       942         12          0          0          0       4941   stm32f4xx_hal_spi.o
      2192        146          0          0          0      18440   stm32f4xx_hal_tim.o
       148         28          0          0          0       2481   stm32f4xx_hal_tim_ex.o
       152         20          0          0         72       1500   stm32f4xx_hal_timebase_tim.o
      1940         44          0          0          0      14812   stm32f4xx_hal_uart.o
       484        148          0         16         64      15332   stm32f4xx_it.o
      2888        134          0          0          0      24175   stm32f4xx_ll_usb.o
         0          0          0          0          0        416   stream_buffer.o
        16          4         24          4          0       1147   system_stm32f4xx.o
      1520        112          0         60        240      19590   tasks.o
       804         78          0          0        288       4693   tim.o
      1092        122          0          0       1016       5311   unitreea1_cmd.o
      1400        126          0          0       1176       6107   usart.o
        84         18          0          0        732       2635   usb_device.o
      1198         32          0        139          0      13691   usbd_cdc.o
       124         24          0         28       6144       3730   usbd_cdc_if.o
       644         24          0          0       1836      16976   usbd_conf.o
       916          0          0          0          0      15583   usbd_core.o
      1328         28          0          1          0      14960   usbd_ctlreq.o
       288        104          0         78        512       6241   usbd_desc.o
       132          0          0          0          0       4568   usbd_ioreq.o
        40         12         24          0         24       2562   usbserial.o

    ----------------------------------------------------------------------
     33624       2010        856        588      32568    1143909   Object Totals
         0          0         32          0          0          0   (incl. Generated)
        56          0          6          9          0          0   (incl. Padding)

    ----------------------------------------------------------------------

      Code (inc. data)   RO Data    RW Data    ZI Data      Debug   Library Member Name

        90          0          0          0          0          0   __dczerorl2.o
         8          0          0          0          0         68   __main.o
         0          0          0          0          0          0   __rtentry.o
        12          0          0          0          0          0   __rtentry2.o
         6          0          0          0          0          0   __rtentry4.o
        52          8          0          0          0          0   __scatter.o
        28          0          0          0          0          0   __scatter_zi.o
        22          0          0          0          0        100   _rserrno.o
        18          0          0          0          0         80   exit.o
         6          0          0          0          0        152   heapauxi.o
         0          0          0          0          0          0   indicate_semi.o
        36         10          0          0          0         80   init_aeabi.o
         2          0          0          0          0          0   libinit.o
        10          0          0          0          0          0   libinit2.o
         2          0          0          0          0          0   libshutdown.o
         2          0          0          0          0          0   libshutdown2.o
         8          4          0          0         96         68   libspace.o
       238          0          0          0          0        100   lludivv7m.o
         8          4          0          0          0         68   rt_errno_addr_intlibspace.o
        78          0          0          0          0         80   rt_memclr_w.o
       138          0          0          0          0         68   rt_memcpy_v6.o
       100          0          0          0          0         80   rt_memcpy_w.o
         2          0          0          0          0          0   rtexit.o
        10          0          0          0          0          0   rtexit2.o
        12          4          0          0          0         68   sys_exit.o
        74          0          0          0          0         80   sys_stackheap_outer.o
         2          0          0          0          0         68   use_no_semi.o
        24          0          0          0          0        164   basic.o
        98          4          0          0          0        140   d2f.o
       826         16          0          0          0        492   daddsub_clz.o
        24          0          0          0          0        116   dcmpi.o
       688        140          0          0          0        256   ddiv.o
       120          4          0          0          0        140   deqf.o
       340         12          0          0          0        152   dmul.o
       156          4          0          0          0        140   dnaninf.o
        12          0          0          0          0        116   dretinf.o
       408         56          0          0          0        168   dsqrt_umaal.o
        86          4          0          0          0        132   f2d.o
       140          4          0          0          0        132   fnaninf.o
        10          0          0          0          0        116   fpinit.o
        10          0          0          0          0        116   fretinf.o
         0          0          0          0          0          0   usenofp.o
       864         94         80          0          0        280   asin.o
       744        106        152          0          0        352   atan.o
       512         64          0          0          0        208   atan2.o
       104         16          0          0          0        496   dunder.o
        24          0          0          0          0        124   fabs.o
        48          0          0          0          0        124   fpclassify.o
       248          0          0          0          0        152   poly.o
         0          0          8          0          0          0   qnan.o
       110          0          0          0          0        148   sqrt.o

    ----------------------------------------------------------------------
      6576        554        240          0        100       5424   Library Totals
        16          0          0          0          4          0   (incl. Padding)

    ----------------------------------------------------------------------

      Code (inc. data)   RO Data    RW Data    ZI Data      Debug   Library Name

       964         30          0          0         96       1160   c_w.l
      2942        244          0          0          0       2380   fz_wm.l
      2654        280        240          0          0       1884   m_wm.l

    ----------------------------------------------------------------------
      6576        554        240          0        100       5424   Library Totals

    ----------------------------------------------------------------------

==============================================================================


      Code (inc. data)   RO Data    RW Data    ZI Data      Debug   

     40200       2564       1096        588      32668    1109313   Grand Totals
     40200       2564       1096        292      32668    1109313   ELF Image Totals (compressed)
     40200       2564       1096        292          0          0   ROM Totals

==============================================================================

    Total RO  Size (Code + RO Data)                41296 (  40.33kB)
    Total RW  Size (RW Data + ZI Data)             33256 (  32.48kB)
    Total ROM Size (Code + RO Data + RW Data)      41588 (  40.61kB)

==============================================================================

