Component: ARM Compiler 5.06 update 7 (build 960) Tool: armlink [4d3601]

==============================================================================

Section Cross References

    startup_stm32f405xx.o(STACK) refers (Special) to heapauxi.o(.text) for __use_two_region_memory
    startup_stm32f405xx.o(HEAP) refers (Special) to heapauxi.o(.text) for __use_two_region_memory
    startup_stm32f405xx.o(RESET) refers (Special) to heapauxi.o(.text) for __use_two_region_memory
    startup_stm32f405xx.o(RESET) refers to startup_stm32f405xx.o(STACK) for __initial_sp
    startup_stm32f405xx.o(RESET) refers to startup_stm32f405xx.o(.text) for Reset_Handler
    startup_stm32f405xx.o(RESET) refers to stm32f4xx_it.o(i.NMI_Handler) for NMI_Handler
    startup_stm32f405xx.o(RESET) refers to stm32f4xx_it.o(i.HardFault_Handler) for HardFault_Handler
    startup_stm32f405xx.o(RESET) refers to stm32f4xx_it.o(i.MemManage_Handler) for MemManage_Handler
    startup_stm32f405xx.o(RESET) refers to stm32f4xx_it.o(i.BusFault_Handler) for BusFault_Handler
    startup_stm32f405xx.o(RESET) refers to stm32f4xx_it.o(i.UsageFault_Handler) for UsageFault_Handler
    startup_stm32f405xx.o(RESET) refers to port.o(.emb_text) for SVC_Handler
    startup_stm32f405xx.o(RESET) refers to stm32f4xx_it.o(i.DebugMon_Handler) for DebugMon_Handler
    startup_stm32f405xx.o(RESET) refers to port.o(i.SysTick_Handler) for SysTick_Handler
    startup_stm32f405xx.o(RESET) refers to stm32f4xx_it.o(i.DMA1_Stream0_IRQHandler) for DMA1_Stream0_IRQHandler
    startup_stm32f405xx.o(RESET) refers to stm32f4xx_it.o(i.DMA1_Stream2_IRQHandler) for DMA1_Stream2_IRQHandler
    startup_stm32f405xx.o(RESET) refers to stm32f4xx_it.o(i.DMA1_Stream4_IRQHandler) for DMA1_Stream4_IRQHandler
    startup_stm32f405xx.o(RESET) refers to stm32f4xx_it.o(i.CAN1_RX0_IRQHandler) for CAN1_RX0_IRQHandler
    startup_stm32f405xx.o(RESET) refers to stm32f4xx_it.o(i.CAN1_RX1_IRQHandler) for CAN1_RX1_IRQHandler
    startup_stm32f405xx.o(RESET) refers to stm32f4xx_it.o(i.USART1_IRQHandler) for USART1_IRQHandler
    startup_stm32f405xx.o(RESET) refers to stm32f4xx_it.o(i.EXTI15_10_IRQHandler) for EXTI15_10_IRQHandler
    startup_stm32f405xx.o(RESET) refers to stm32f4xx_it.o(i.TIM8_TRG_COM_TIM14_IRQHandler) for TIM8_TRG_COM_TIM14_IRQHandler
    startup_stm32f405xx.o(RESET) refers to stm32f4xx_it.o(i.DMA1_Stream7_IRQHandler) for DMA1_Stream7_IRQHandler
    startup_stm32f405xx.o(RESET) refers to stm32f4xx_it.o(i.UART4_IRQHandler) for UART4_IRQHandler
    startup_stm32f405xx.o(RESET) refers to stm32f4xx_it.o(i.UART5_IRQHandler) for UART5_IRQHandler
    startup_stm32f405xx.o(RESET) refers to stm32f4xx_it.o(i.TIM6_DAC_IRQHandler) for TIM6_DAC_IRQHandler
    startup_stm32f405xx.o(RESET) refers to stm32f4xx_it.o(i.DMA2_Stream1_IRQHandler) for DMA2_Stream1_IRQHandler
    startup_stm32f405xx.o(RESET) refers to stm32f4xx_it.o(i.DMA2_Stream2_IRQHandler) for DMA2_Stream2_IRQHandler
    startup_stm32f405xx.o(RESET) refers to stm32f4xx_it.o(i.CAN2_RX0_IRQHandler) for CAN2_RX0_IRQHandler
    startup_stm32f405xx.o(RESET) refers to stm32f4xx_it.o(i.CAN2_RX1_IRQHandler) for CAN2_RX1_IRQHandler
    startup_stm32f405xx.o(RESET) refers to stm32f4xx_it.o(i.OTG_FS_IRQHandler) for OTG_FS_IRQHandler
    startup_stm32f405xx.o(RESET) refers to stm32f4xx_it.o(i.DMA2_Stream6_IRQHandler) for DMA2_Stream6_IRQHandler
    startup_stm32f405xx.o(RESET) refers to stm32f4xx_it.o(i.DMA2_Stream7_IRQHandler) for DMA2_Stream7_IRQHandler
    startup_stm32f405xx.o(RESET) refers to stm32f4xx_it.o(i.USART6_IRQHandler) for USART6_IRQHandler
    startup_stm32f405xx.o(.text) refers (Special) to heapauxi.o(.text) for __use_two_region_memory
    startup_stm32f405xx.o(.text) refers to system_stm32f4xx.o(i.SystemInit) for SystemInit
    startup_stm32f405xx.o(.text) refers to __main.o(!!!main) for __main
    startup_stm32f405xx.o(.text) refers to startup_stm32f405xx.o(HEAP) for Heap_Mem
    startup_stm32f405xx.o(.text) refers to startup_stm32f405xx.o(STACK) for Stack_Mem
    main.o(i.HAL_TIM_PeriodElapsedCallback) refers to stm32f4xx_hal.o(i.HAL_IncTick) for HAL_IncTick
    main.o(i.SystemClock_Config) refers to rt_memclr_w.o(.text) for __aeabi_memclr4
    main.o(i.SystemClock_Config) refers to stm32f4xx_hal_rcc.o(i.HAL_RCC_OscConfig) for HAL_RCC_OscConfig
    main.o(i.SystemClock_Config) refers to stm32f4xx_hal_rcc.o(i.HAL_RCC_ClockConfig) for HAL_RCC_ClockConfig
    main.o(i.main) refers to stm32f4xx_hal.o(i.HAL_Init) for HAL_Init
    main.o(i.main) refers to main.o(i.SystemClock_Config) for SystemClock_Config
    main.o(i.main) refers to gpio.o(i.MX_GPIO_Init) for MX_GPIO_Init
    main.o(i.main) refers to dma.o(i.MX_DMA_Init) for MX_DMA_Init
    main.o(i.main) refers to can.o(i.MX_CAN1_Init) for MX_CAN1_Init
    main.o(i.main) refers to can.o(i.MX_CAN2_Init) for MX_CAN2_Init
    main.o(i.main) refers to spi.o(i.MX_SPI1_Init) for MX_SPI1_Init
    main.o(i.main) refers to usart.o(i.MX_UART4_Init) for MX_UART4_Init
[...]
    USB_EP0_OutStart                         0x080069ed   Thumb Code    84  stm32f4xx_ll_usb.o(i.USB_EP0_OutStart)
    USB_EPClearStall                         0x08006a45   Thumb Code    88  stm32f4xx_ll_usb.o(i.USB_EPClearStall)
    USB_EPSetStall                           0x08006a9d   Thumb Code    88  stm32f4xx_ll_usb.o(i.USB_EPSetStall)
    USB_EPStartXfer                          0x08006af5   Thumb Code   480  stm32f4xx_ll_usb.o(i.USB_EPStartXfer)
    USB_EPStopXfer                           0x08006cd9   Thumb Code   158  stm32f4xx_ll_usb.o(i.USB_EPStopXfer)
    USB_EnableGlobalInt                      0x08006d77   Thumb Code    12  stm32f4xx_ll_usb.o(i.USB_EnableGlobalInt)
    USB_FlushRxFifo                          0x08006d85   Thumb Code    54  stm32f4xx_ll_usb.o(i.USB_FlushRxFifo)
    USB_FlushTxFifo                          0x08006dc1   Thumb Code    58  stm32f4xx_ll_usb.o(i.USB_FlushTxFifo)
    USB_GetDevSpeed                          0x08006e01   Thumb Code    26  stm32f4xx_ll_usb.o(i.USB_GetDevSpeed)
    USB_GetMode                              0x08006e1b   Thumb Code     8  stm32f4xx_ll_usb.o(i.USB_GetMode)
    USB_ReadDevAllInEpInterrupt              0x08006e23   Thumb Code    14  stm32f4xx_ll_usb.o(i.USB_ReadDevAllInEpInterrupt)
    USB_ReadDevAllOutEpInterrupt             0x08006e31   Thumb Code    14  stm32f4xx_ll_usb.o(i.USB_ReadDevAllOutEpInterrupt)
    USB_ReadDevInEPInterrupt                 0x08006e3f   Thumb Code    36  stm32f4xx_ll_usb.o(i.USB_ReadDevInEPInterrupt)
    USB_ReadDevOutEPInterrupt                0x08006e63   Thumb Code    16  stm32f4xx_ll_usb.o(i.USB_ReadDevOutEPInterrupt)
    USB_ReadInterrupts                       0x08006e73   Thumb Code     8  stm32f4xx_ll_usb.o(i.USB_ReadInterrupts)
    USB_ReadPacket                           0x08006e7b   Thumb Code    62  stm32f4xx_ll_usb.o(i.USB_ReadPacket)
    USB_SetCurrentMode                       0x08006eb9   Thumb Code    92  stm32f4xx_ll_usb.o(i.USB_SetCurrentMode)
    USB_SetDevAddress                        0x08006f15   Thumb Code    34  stm32f4xx_ll_usb.o(i.USB_SetDevAddress)
    USB_SetTurnaroundTime                    0x08006f39   Thumb Code   158  stm32f4xx_ll_usb.o(i.USB_SetTurnaroundTime)
    USB_WritePacket                          0x08007021   Thumb Code    40  stm32f4xx_ll_usb.o(i.USB_WritePacket)
    UsageFault_Handler                       0x08007049   Thumb Code     2  stm32f4xx_it.o(i.UsageFault_Handler)
    Velocity_PID                             0x0800704d   Thumb Code   140  pid.o(i.Velocity_PID)
    geometry_msgs::Vector3::Vector3()        0x080070e1   Thumb Code    22  ros_main.o(i._ZN13geometry_msgs7Vector3C1Ev)
    geometry_msgs::Vector3::Vector3__sub_object() 0x080070e1   Thumb Code     0  ros_main.o(i._ZN13geometry_msgs7Vector3C1Ev)
    USBSerial::USBSerial()                   0x08007101   Thumb Code    22  usbserial.o(i._ZN9USBSerialC1Ev)
    USBSerial::USBSerial__sub_object()       0x08007101   Thumb Code     0  usbserial.o(i._ZN9USBSerialC1Ev)
    __ARM_fpclassify                         0x0800711d   Thumb Code    48  fpclassify.o(i.__ARM_fpclassify)
    __hardfp_asin                            0x08007171   Thumb Code   770  asin.o(i.__hardfp_asin)
    __hardfp_atan                            0x080074d1   Thumb Code   622  atan.o(i.__hardfp_atan)
    __hardfp_atan2                           0x080077a9   Thumb Code   448  atan2.o(i.__hardfp_atan2)
    __kernel_poly                            0x080079a9   Thumb Code   248  poly.o(i.__kernel_poly)
    __mathlib_dbl_infnan                     0x08007aa1   Thumb Code    20  dunder.o(i.__mathlib_dbl_infnan)
    __mathlib_dbl_infnan2                    0x08007ab5   Thumb Code    20  dunder.o(i.__mathlib_dbl_infnan2)
    __mathlib_dbl_invalid                    0x08007ac9   Thumb Code    24  dunder.o(i.__mathlib_dbl_invalid)
    __mathlib_dbl_underflow                  0x08007ae9   Thumb Code    24  dunder.o(i.__mathlib_dbl_underflow)
    atan                                     0x08007bd9   Thumb Code    16  atan.o(i.atan)
    balance_ctrl                             0x08007be9   Thumb Code   112  freertos.o(i.balance_ctrl)
    blink_status                             0x08007c6d   Thumb Code   172  freertos.o(i.blink_status)
    bmi088_accel_init                        0x08007d25   Thumb Code   266  bmi088driver.o(i.bmi088_accel_init)
    bmi088_gyro_init                         0x08007e35   Thumb Code   270  bmi088driver.o(i.bmi088_gyro_init)
    bsp_can_init                             0x08007f49   Thumb Code    38  bsp_can.o(i.bsp_can_init)
    bsp_device_init                          0x08007f79   Thumb Code   116  bsp_init.o(i.bsp_device_init)
    calculateAngles                          0x08008011   Thumb Code   328  mahonyahrs.o(i.calculateAngles)
    can1_rx_callback                         0x0800816d   Thumb Code    38  bsp_can.o(i.can1_rx_callback)
    can2_rx_callback                         0x080081a1   Thumb Code    38  bsp_can.o(i.can2_rx_callback)
    can_filter_init                          0x080081d5   Thumb Code    46  bsp_can.o(i.can_filter_init)
    canx_receive                             0x0800820d   Thumb Code    34  bsp_can.o(i.canx_receive)
    crc32_core                               0x08008231   Thumb Code    56  unitreea1_cmd.o(i.crc32_core)
    fabs                                     0x0800826d   Thumb Code    24  fabs.o(i.fabs)
    get_wheel_speed                          0x08008285   Thumb Code     8  freertos.o(i.get_wheel_speed)
    invSqrt                                  0x0800828d   Thumb Code    40  mahonyahrs.o(i.invSqrt)
    leg_ctrl                                 0x080082b9   Thumb Code    48  freertos.o(i.leg_ctrl)
    main                                     0x080082f5   Thumb Code    86  main.o(i.main)
    osDelay                                  0x08008357   Thumb Code    14  cmsis_os.o(i.osDelay)
    osKernelStart                            0x08008365   Thumb Code    10  cmsis_os.o(i.osKernelStart)
    osThreadCreate                           0x0800836f   Thumb Code    84  cmsis_os.o(i.osThreadCreate)
    pvPortMalloc                             0x08008711   Thumb Code   216  heap_4.o(i.pvPortMalloc)
    pxPortInitialiseStack                    0x080087ed   Thumb Code    40  port.o(i.pxPortInitialiseStack)
    read_wheel_encoder                       0x08008819   Thumb Code    48  odrive_can.o(i.read_wheel_encoder)
    sqrt                                     0x08008849   Thumb Code   110  sqrt.o(i.sqrt)
    startup_sing                             0x080088b9   Thumb Code    58  beep.o(i.startup_sing)
    unitreeA1_sendCMD                        0x080088fd   Thumb Code   204  unitreea1_cmd.o(i.unitreeA1_sendCMD)
    uxListRemove                             0x080089f5   Thumb Code    38  list.o(i.uxListRemove)
    vApplicationGetIdleTaskMemory            0x08008a1d   Thumb Code    16  freertos.o(i.vApplicationGetIdleTaskMemory)
    vListInitialise                          0x08008a31   Thumb Code    22  list.o(i.vListInitialise)
    vListInitialiseItem                      0x08008a47   Thumb Code     6  list.o(i.vListInitialiseItem)
    vListInsert                              0x08008a4d   Thumb Code    48  list.o(i.vListInsert)
    vListInsertEnd                           0x08008a7d   Thumb Code    24  list.o(i.vListInsertEnd)
    vPortEnterCritical                       0x08008a95   Thumb Code    54  port.o(i.vPortEnterCritical)
    vPortExitCritical                        0x08008ad5   Thumb Code    34  port.o(i.vPortExitCritical)
    vPortFree                                0x08008afd   Thumb Code    94  heap_4.o(i.vPortFree)
    vPortSetupTimerInterrupt                 0x08008b61   Thumb Code    32  port.o(i.vPortSetupTimerInterrupt)
    vTaskDelay                               0x08008b85   Thumb Code    66  tasks.o(i.vTaskDelay)
    vTaskDelayUntil                          0x08008bd1   Thumb Code   132  tasks.o(i.vTaskDelayUntil)
    vTaskStartScheduler                      0x08008c5d   Thumb Code    90  tasks.o(i.vTaskStartScheduler)
    vTaskSuspendAll                          0x08008cc9   Thumb Code    10  tasks.o(i.vTaskSuspendAll)
    vTaskSwitchContext                       0x08008cd9   Thumb Code    82  tasks.o(i.vTaskSwitchContext)
    xPortStartScheduler                      0x08008d35   Thumb Code   222  port.o(i.xPortStartScheduler)
    xTaskCreate                              0x08008e29   Thumb Code    90  tasks.o(i.xTaskCreate)
    xTaskCreateStatic                        0x08008e83   Thumb Code    86  tasks.o(i.xTaskCreateStatic)
    xTaskGetTickCount                        0x08008ed9   Thumb Code     6  tasks.o(i.xTaskGetTickCount)
    xTaskIncrementTick                       0x08008ee5   Thumb Code   194  tasks.o(i.xTaskIncrementTick)
    xTaskResumeAll                           0x08008fb1   Thumb Code   182  tasks.o(i.xTaskResumeAll)
    ros::NodeHandle_<STM32Hardware, (int)25, (int)25, (int)1024, (int)1024>::NodeHandle_() 0x08009075   Thumb Code   122  ros_main.o(t._ZN3ros11NodeHandle_I13STM32HardwareLi25ELi25ELi1024ELi1024EEC1Ev)
    ros::NodeHandle_<STM32Hardware, (int)25, (int)25, (int)1024, (int)1024>::NodeHandle___sub_object() 0x08009075   Thumb Code     0  ros_main.o(t._ZN3ros11NodeHandle_I13STM32HardwareLi25ELi25ELi1024ELi1024EEC1Ev)
    __aeabi_dneg                             0x080090fd   Thumb Code     0  basic.o(x$fpl$basic)
    _dneg                                    0x080090fd   Thumb Code     6  basic.o(x$fpl$basic)
    __aeabi_fneg                             0x08009103   Thumb Code     0  basic.o(x$fpl$basic)
    _fneg                                    0x08009103   Thumb Code     6  basic.o(x$fpl$basic)
    _dabs                                    0x08009109   Thumb Code     6  basic.o(x$fpl$basic)
    _fabs                                    0x0800910f   Thumb Code     6  basic.o(x$fpl$basic)
    __aeabi_d2f                              0x08009115   Thumb Code     0  d2f.o(x$fpl$d2f)
    _d2f                                     0x08009115   Thumb Code    98  d2f.o(x$fpl$d2f)
    __aeabi_dadd                             0x08009179   Thumb Code     0  daddsub_clz.o(x$fpl$dadd)
    _dadd                                    0x08009179   Thumb Code   332  daddsub_clz.o(x$fpl$dadd)
    __fpl_dcmp_Inf                           0x080092c9   Thumb Code    24  dcmpi.o(x$fpl$dcmpinf)
    __aeabi_ddiv                             0x080092e1   Thumb Code     0  ddiv.o(x$fpl$ddiv)
    _ddiv                                    0x080092e1   Thumb Code   552  ddiv.o(x$fpl$ddiv)
    __aeabi_cdcmpeq                          0x08009591   Thumb Code     0  deqf.o(x$fpl$deqf)
    _dcmpeq                                  0x08009591   Thumb Code   120  deqf.o(x$fpl$deqf)
    __aeabi_dmul                             0x08009609   Thumb Code     0  dmul.o(x$fpl$dmul)
    _dmul                                    0x08009609   Thumb Code   332  dmul.o(x$fpl$dmul)
    __fpl_dnaninf                            0x0800975d   Thumb Code   156  dnaninf.o(x$fpl$dnaninf)
    __fpl_dretinf                            0x080097f9   Thumb Code    12  dretinf.o(x$fpl$dretinf)
    __aeabi_drsub                            0x08009805   Thumb Code     0  daddsub_clz.o(x$fpl$drsb)
    _drsb                                    0x08009805   Thumb Code    22  daddsub_clz.o(x$fpl$drsb)
    _dsqrt                                   0x0800981d   Thumb Code   404  dsqrt_umaal.o(x$fpl$dsqrt)
    __aeabi_dsub                             0x080099b5   Thumb Code     0  daddsub_clz.o(x$fpl$dsub)
    _dsub                                    0x080099b5   Thumb Code   464  daddsub_clz.o(x$fpl$dsub)
    __aeabi_f2d                              0x08009b89   Thumb Code     0  f2d.o(x$fpl$f2d)
    _f2d                                     0x08009b89   Thumb Code    86  f2d.o(x$fpl$f2d)
    __fpl_fnaninf                            0x08009bdf   Thumb Code   140  fnaninf.o(x$fpl$fnaninf)
    _fp_init                                 0x08009c6b   Thumb Code    10  fpinit.o(x$fpl$fpinit)
    __fplib_config_fpu_vfp                   0x08009c73   Thumb Code     0  fpinit.o(x$fpl$fpinit)
    __fplib_config_pureend_doubles           0x08009c73   Thumb Code     0  fpinit.o(x$fpl$fpinit)
    __fpl_fretinf                            0x08009c75   Thumb Code    10  fretinf.o(x$fpl$fretinf)
    __I$use$fp                               0x08009c7e   Number         0  usenofp.o(x$fpl$usenofp)
    AHBPrescTable                            0x08009d14   Data          16  system_stm32f4xx.o(.constdata)
    APBPrescTable                            0x08009d24   Data           8  system_stm32f4xx.o(.constdata)
    __mathlib_zero                           0x08009e18   Data           8  qnan.o(.constdata)
    vtable for USBSerial                     0x08009e20   Data          20  usbserial.o(.constdata__ZTV9USBSerial)
    vtable for sensor_msgs::Imu              0x08009e34   Data          24  ros_main.o(.constdata__ZTVN11sensor_msgs3ImuE)
    vtable for geometry_msgs::Quaternion     0x08009e4c   Data          24  ros_main.o(.constdata__ZTVN13geometry_msgs10QuaternionE)
    vtable for geometry_msgs::Vector3        0x08009e64   Data          24  ros_main.o(.constdata__ZTVN13geometry_msgs7Vector3E)
    vtable for rosserial_msgs::RequestParamResponse 0x08009e7c   Data          24  ros_main.o(.constdata__ZTVN14rosserial_msgs20RequestParamResponseE)
    vtable for ros::NodeHandle_<STM32Hardware, (int)25, (int)25, (int)1024, (int)1024> 0x08009e94   Data          20  ros_main.o(.constdata__ZTVN3ros11NodeHandle_I13STM32HardwareLi25ELi25ELi1024ELi1024EEE)
    vtable for std_msgs::Header              0x08009ea8   Data          24  ros_main.o(.constdata__ZTVN8std_msgs6HeaderE)
    vtable for std_msgs::String              0x08009ec0   Data          24  ros_main.o(.constdata__ZTVN8std_msgs6StringE)
    std_msgs::Header::Header()::string       0x08009ed8   Data           1  ros_main.o(.constdata__ZZN8std_msgs6HeaderC1EvEs)
    std_msgs::String::String()::string       0x08009ed9   Data           1  ros_main.o(.constdata__ZZN8std_msgs6StringC1EvEs)
    Region$$Table$$Base                      0x08009f18   Number         0  anon$$obj.o(Region$$Table)
    Region$$Table$$Limit                     0x08009f38   Number         0  anon$$obj.o(Region$$Table)
    SHT$$INIT_ARRAY$$Base                    0x08009f38   Number         0  ros_main.o(.init_array)
    SHT$$INIT_ARRAY$$Limit                   0x08009f40   Number         0  init_aeabi.o(.init_array)
    temp                                     0x20000004   Data           4  freertos.o(.data)
    vel_pid_output_value                     0x20000008   Data           4  freertos.o(.data)
    Angle_pid_output_value                   0x2000000c   Data           4  freertos.o(.data)
    defaultTaskHandle                        0x20000010   Data           4  freertos.o(.data)
    balance_TasHandle                        0x20000014   Data           4  freertos.o(.data)
    leg_TaskHandle                           0x20000018   Data           4  freertos.o(.data)
    wheel_taskHandle                         0x2000001c   Data           4  freertos.o(.data)
    blink_taskHandle                         0x20000020   Data           4  freertos.o(.data)
    FS_Desc                                  0x20000028   Data          28  usbd_desc.o(.data)
    USBD_LangIDDesc                          0x20000044   Data           4  usbd_desc.o(.data)
    USBD_FS_DeviceDesc                       0x20000048   Data          18  usbd_desc.o(.data)
    USBD_StringSerial                        0x2000005c   Data          26  usbd_desc.o(.data)
    usb_rxBufPtrIn                           0x20000078   Data           4  usbd_cdc_if.o(.data)
    usb_rxBufPtrOut                          0x2000007c   Data           4  usbd_cdc_if.o(.data)
    USBD_Interface_fops_FS                   0x20000080   Data          20  usbd_cdc_if.o(.data)
    uwTickFreq                               0x20000094   Data           1  stm32f4xx_hal.o(.data)
    uwTickPrio                               0x20000098   Data           4  stm32f4xx_hal.o(.data)
    uwTick                                   0x2000009c   Data           4  stm32f4xx_hal.o(.data)
    SystemCoreClock                          0x200000a0   Data           4  system_stm32f4xx.o(.data)
    USBD_CDC                                 0x200000fc   Data          56  usbd_cdc.o(.data)
    BMI088_ACCEL_SEN                         0x20000134   Data           4  bmi088driver.o(.data)
    BMI088_GYRO_SEN                          0x20000138   Data           4  bmi088driver.o(.data)
    left_wheel_odom                          0x20000160   Data           4  odrive_can.o(.data)
    right_wheel_odom                         0x20000164   Data           4  odrive_can.o(.data)
    left_wheel_vel                           0x20000168   Data           4  odrive_can.o(.data)
    right_wheel_vel                          0x2000016c   Data           4  odrive_can.o(.data)
    acc                                      0x20000170   Data           6  ros_main.o(.data)
    gyro                                     0x20000176   Data           6  ros_main.o(.data)
    str_msg                                  0x2000017c   Data           8  ros_main.o(.data)
    hello                                    0x20000184   Data          13  ros_main.o(.data)
    twoKp                                    0x20000194   Data           4  mahonyahrs.o(.data)
    twoKi                                    0x20000198   Data           4  mahonyahrs.o(.data)
    q0                                       0x2000019c   Data           4  mahonyahrs.o(.data)
    q1                                       0x200001a0   Data           4  mahonyahrs.o(.data)
    q2                                       0x200001a4   Data           4  mahonyahrs.o(.data)
    q3                                       0x200001a8   Data           4  mahonyahrs.o(.data)
    integralFBx                              0x200001ac   Data           4  mahonyahrs.o(.data)
    integralFBy                              0x200001b0   Data           4  mahonyahrs.o(.data)
    integralFBz                              0x200001b4   Data           4  mahonyahrs.o(.data)
    stop_flag                                0x200001b8   Data           1  pid.o(.data)
    Vel_integral                             0x200001c0   Data           4  pid.o(.data)
    angle_pid                                0x200001c4   Data          16  pid.o(.data)
    vel_pid                                  0x200001d4   Data          16  pid.o(.data)
    pxCurrentTCB                             0x200001e4   Data           4  tasks.o(.data)
    Gyro                                     0x2000024c   Data          12  freertos.o(.bss)
    Accel                                    0x20000258   Data          12  freertos.o(.bss)
    IMU                                      0x20000264   Data          40  freertos.o(.bss)
    hadc1                                    0x200004e0   Data          72  adc.o(.bss)
    hcan1                                    0x20000528   Data          40  can.o(.bss)
    hcan2                                    0x20000550   Data          40  can.o(.bss)
    hspi1                                    0x20000578   Data          88  spi.o(.bss)
    htim4                                    0x200005d0   Data          72  tim.o(.bss)
    htim5                                    0x20000618   Data          72  tim.o(.bss)
    htim6                                    0x20000660   Data          72  tim.o(.bss)
    htim12                                   0x200006a8   Data          72  tim.o(.bss)
    huart4                                   0x200006f0   Data          68  usart.o(.bss)
    huart5                                   0x20000734   Data          68  usart.o(.bss)
    huart1                                   0x20000778   Data          68  usart.o(.bss)
    huart2                                   0x200007bc   Data          68  usart.o(.bss)
    huart3                                   0x20000800   Data          68  usart.o(.bss)
    huart6                                   0x20000844   Data          68  usart.o(.bss)
    hdma_uart4_tx                            0x20000888   Data          96  usart.o(.bss)
    hdma_uart4_rx                            0x200008e8   Data          96  usart.o(.bss)
    hdma_uart5_tx                            0x20000948   Data          96  usart.o(.bss)
    hdma_uart5_rx                            0x200009a8   Data          96  usart.o(.bss)
    hdma_usart1_tx                           0x20000a08   Data          96  usart.o(.bss)
    hdma_usart1_rx                           0x20000a68   Data          96  usart.o(.bss)
    hdma_usart6_tx                           0x20000ac8   Data          96  usart.o(.bss)
    hdma_usart6_rx                           0x20000b28   Data          96  usart.o(.bss)
    htim14                                   0x20000b88   Data          72  stm32f4xx_hal_timebase_tim.o(.bss)
    hUsbDeviceFS                             0x20000bd0   Data         732  usb_device.o(.bss)
    USBD_StrDesc                             0x20000eac   Data         512  usbd_desc.o(.bss)
    usb_rxBuffer                             0x200010ac   Data        2048  usbd_cdc_if.o(.bss)
    UserRxBufferFS                           0x200018ac   Data        2048  usbd_cdc_if.o(.bss)
    UserTxBufferFS                           0x200020ac   Data        2048  usbd_cdc_if.o(.bss)
    hpcd_USB_OTG_FS                          0x20002acc   Data        1292  usbd_conf.o(.bss)
    Left_leg_RevData                         0x20002fd8   Data          78  bsp_init.o(.bss)
    Right_leg_RevData                        0x20003026   Data          78  bsp_init.o(.bss)
    cmd_left                                 0x20003074   Data          70  unitreea1_cmd.o(.bss)
    cmd_right                                0x200030ba   Data          70  unitreea1_cmd.o(.bss)
    Data_left                                0x20003100   Data         136  unitreea1_cmd.o(.bss)
    id01_left_data                           0x20003188   Data         136  unitreea1_cmd.o(.bss)
    id02_left_data                           0x20003210   Data         136  unitreea1_cmd.o(.bss)
    Data_right                               0x20003298   Data         136  unitreea1_cmd.o(.bss)
    id01_right_data                          0x20003320   Data         136  unitreea1_cmd.o(.bss)
    id02_right_data                          0x200033a8   Data         136  unitreea1_cmd.o(.bss)
    A1_cmd                                   0x20003430   Data          34  unitreea1_cmd.o(.bss)
    nh                                       0x20003454   Data        2352  ros_main.o(.bss)
    chatter                                  0x20003d84   Data          20  ros_main.o(.bss)
    imu_msg                                  0x20003d98   Data         184  ros_main.o(.bss)
    imu_pub                                  0x20003e50   Data          20  ros_main.o(.bss)
    Serial0                                  0x20003e64   Data          24  usbserial.o(.bss)
    __libspace_start                         0x20007b6c   Data          96  libspace.o(.bss)
    __temporary_stack_top$libspace           0x20007bcc   Data           0  libspace.o(.bss)



==============================================================================

Memory Map of the image

  Image Entry point : 0x08000189

  Load Region LR_IROM1 (Base: 0x08000000, Size: 0x0000a18c, Max: 0x00100000, ABSOLUTE, COMPRESSED[0x0000a064])

    Execution Region ER_IROM1 (Exec base: 0x08000000, Load base: 0x08000000, Size: 0x00009f40, Max: 0x00100000, ABSOLUTE)

    Exec Addr    Load Addr    Size         Type   Attr      Idx    E Section Name        Object

    0x08000000   0x08000000   0x00000188   Data   RO            3    RESET               startup_stm32f405xx.o
    0x08000188   0x08000188   0x00000008   Code   RO         8562  * !!!main             c_w.l(__main.o)
    0x08000190   0x08000190   0x00000034   Code   RO         9072    !!!scatter          c_w.l(__scatter.o)
    0x080001c4   0x080001c4   0x0000005a   Code   RO         9070    !!dczerorl2         c_w.l(__dczerorl2.o)
    0x0800021e   0x0800021e   0x00000002   PAD
    0x08000220   0x08000220   0x0000001c   Code   RO         9074    !!handler_zi        c_w.l(__scatter_zi.o)
    0x0800023c   0x0800023c   0x00000002   Code   RO         8997    .ARM.Collect$$libinit$$00000000  c_w.l(libinit.o)
    0x0800023e   0x0800023e   0x00000004   Code   RO         8774    .ARM.Collect$$libinit$$00000001  c_w.l(libinit2.o)
    0x08000242   0x08000242   0x00000000   Code   RO         8777    .ARM.Collect$$libinit$$00000004  c_w.l(libinit2.o)
    0x08000242   0x08000242   0x00000000   Code   RO         8780    .ARM.Collect$$libinit$$0000000A  c_w.l(libinit2.o)
    0x08000242   0x08000242   0x00000000   Code   RO         8782    .ARM.Collect$$libinit$$0000000C  c_w.l(libinit2.o)
    0x08000242   0x08000242   0x00000000   Code   RO         8784    .ARM.Collect$$libinit$$0000000E  c_w.l(libinit2.o)
    0x08000242   0x08000242   0x00000000   Code   RO         8787    .ARM.Collect$$libinit$$00000011  c_w.l(libinit2.o)
    0x08000242   0x08000242   0x00000000   Code   RO         8789    .ARM.Collect$$libinit$$00000013  c_w.l(libinit2.o)
    0x08000242   0x08000242   0x00000000   Code   RO         8791    .ARM.Collect$$libinit$$00000015  c_w.l(libinit2.o)
    0x08000242   0x08000242   0x00000000   Code   RO         8793    .ARM.Collect$$libinit$$00000017  c_w.l(libinit2.o)
    0x08000242   0x08000242   0x00000000   Code   RO         8795    .ARM.Collect$$libinit$$00000019  c_w.l(libinit2.o)
    0x08000242   0x08000242   0x00000000   Code   RO         8797    .ARM.Collect$$libinit$$0000001B  c_w.l(libinit2.o)
    0x08000242   0x08000242   0x00000000   Code   RO         8799    .ARM.Collect$$libinit$$0000001D  c_w.l(libinit2.o)
    0x08000242   0x08000242   0x00000000   Code   RO         8801    .ARM.Collect$$libinit$$0000001F  c_w.l(libinit2.o)
    0x08000242   0x08000242   0x00000000   Code   RO         8803    .ARM.Collect$$libinit$$00000021  c_w.l(libinit2.o)
    0x08000242   0x08000242   0x00000000   Code   RO         8805    .ARM.Collect$$libinit$$00000023  c_w.l(libinit2.o)
    0x08000242   0x08000242   0x00000000   Code   RO         8807    .ARM.Collect$$libinit$$00000025  c_w.l(libinit2.o)
    0x08000242   0x08000242   0x00000000   Code   RO         8811    .ARM.Collect$$libinit$$0000002C  c_w.l(libinit2.o)
    0x08000242   0x08000242   0x00000000   Code   RO         8813    .ARM.Collect$$libinit$$0000002E  c_w.l(libinit2.o)
    0x08000242   0x08000242   0x00000000   Code   RO         8815    .ARM.Collect$$libinit$$00000030  c_w.l(libinit2.o)
    0x08000242   0x08000242   0x00000004   Code   RO         8816    .ARM.Collect$$libinit$$00000031  c_w.l(libinit2.o)
    0x08000246   0x08000246   0x00000000   Code   RO         8817    .ARM.Collect$$libinit$$00000032  c_w.l(libinit2.o)
    0x08000246   0x08000246   0x00000002   Code   RO         8818    .ARM.Collect$$libinit$$00000033  c_w.l(libinit2.o)
    0x08000248   0x08000248   0x00000002   Code   RO         9067    .ARM.Collect$$libshutdown$$00000000  c_w.l(libshutdown.o)
    0x0800024a   0x0800024a   0x00000000   Code   RO         9023    .ARM.Collect$$libshutdown$$00000002  c_w.l(libshutdown2.o)
    0x0800024a   0x0800024a   0x00000000   Code   RO         9025    .ARM.Collect$$libshutdown$$00000004  c_w.l(libshutdown2.o)
    0x0800024a   0x0800024a   0x00000000   Code   RO         9027    .ARM.Collect$$libshutdown$$00000006  c_w.l(libshutdown2.o)
    0x0800024a   0x0800024a   0x00000000   Code   RO         9030    .ARM.Collect$$libshutdown$$00000009  c_w.l(libshutdown2.o)
    0x0800024a   0x0800024a   0x00000000   Code   RO         9033    .ARM.Collect$$libshutdown$$0000000C  c_w.l(libshutdown2.o)
    0x0800024a   0x0800024a   0x00000000   Code   RO         9035    .ARM.Collect$$libshutdown$$0000000E  c_w.l(libshutdown2.o)
    0x0800024a   0x0800024a   0x00000000   Code   RO         9038    .ARM.Collect$$libshutdown$$00000011  c_w.l(libshutdown2.o)
    0x0800024a   0x0800024a   0x00000002   Code   RO         9039    .ARM.Collect$$libshutdown$$00000012  c_w.l(libshutdown2.o)
    0x0800024c   0x0800024c   0x00000000   Code   RO         8732    .ARM.Collect$$rtentry$$00000000  c_w.l(__rtentry.o)
    0x0800024c   0x0800024c   0x00000000   Code   RO         8902    .ARM.Collect$$rtentry$$00000002  c_w.l(__rtentry2.o)
    0x0800024c   0x0800024c   0x00000006   Code   RO         8914    .ARM.Collect$$rtentry$$00000004  c_w.l(__rtentry4.o)
    0x08000252   0x08000252   0x00000000   Code   RO         8904    .ARM.Collect$$rtentry$$00000009  c_w.l(__rtentry2.o)
    0x08000252   0x08000252   0x00000004   Code   RO         8905    .ARM.Collect$$rtentry$$0000000A  c_w.l(__rtentry2.o)
    0x08000256   0x08000256   0x00000000   Code   RO         8907    .ARM.Collect$$rtentry$$0000000C  c_w.l(__rtentry2.o)
    0x08000256   0x08000256   0x00000008   Code   RO         8908    .ARM.Collect$$rtentry$$0000000D  c_w.l(__rtentry2.o)
    0x0800025e   0x0800025e   0x00000002   Code   RO         9006    .ARM.Collect$$rtexit$$00000000  c_w.l(rtexit.o)
    0x08000260   0x08000260   0x00000000   Code   RO         9043    .ARM.Collect$$rtexit$$00000002  c_w.l(rtexit2.o)
    0x08000260   0x08000260   0x00000004   Code   RO         9044    .ARM.Collect$$rtexit$$00000003  c_w.l(rtexit2.o)
    0x08000264   0x08000264   0x00000006   Code   RO         9045    .ARM.Collect$$rtexit$$00000004  c_w.l(rtexit2.o)
    0x0800026a   0x0800026a   0x00000002   PAD
    0x0800026c   0x0800026c   0x000000be   Code   RO         8413    .emb_text           port.o
    0x0800032a   0x0800032a   0x00000002   PAD
    0x0800032c   0x0800032c   0x00000040   Code   RO            4    .text               startup_stm32f405xx.o
    0x0800036c   0x0800036c   0x000000ee   Code   RO         8548    .text               c_w.l(lludivv7m.o)
    0x0800045a   0x0800045a   0x0000008a   Code   RO         8552    .text               c_w.l(rt_memcpy_v6.o)
    0x080004e4   0x080004e4   0x00000064   Code   RO         8554    .text               c_w.l(rt_memcpy_w.o)
    0x08000548   0x08000548   0x0000004e   Code   RO         8558    .text               c_w.l(rt_memclr_w.o)
    0x08000596   0x08000596   0x00000006   Code   RO         8560    .text               c_w.l(heapauxi.o)
    0x0800059c   0x0800059c   0x00000024   Code   RO         8567    .text               c_w.l(init_aeabi.o)
    0x080005c0   0x080005c0   0x00000016   Code   RO         8770    .text               c_w.l(_rserrno.o)
    0x080005d6   0x080005d6   0x00000002   PAD
    0x080005d8   0x080005d8   0x00000008   Code   RO         8898    .text               c_w.l(libspace.o)
    0x080005e0   0x080005e0   0x00000008   Code   RO         8921    .text               c_w.l(rt_errno_addr_intlibspace.o)
    0x080005e8   0x080005e8   0x0000004a   Code   RO         8963    .text               c_w.l(sys_stackheap_outer.o)
    0x08000632   0x08000632   0x00000012   Code   RO         8976    .text               c_w.l(exit.o)
    0x08000644   0x08000644   0x0000000c   Code   RO         9001    .text               c_w.l(sys_exit.o)
    0x08000650   0x08000650   0x00000002   Code   RO         9003    .text               c_w.l(use_no_semi.o)
    0x08000652   0x08000652   0x00000000   Code   RO         9005    .text               c_w.l(indicate_semi.o)
    0x08000652   0x08000652   0x00000002   PAD
    0x08000654   0x08000654   0x00000128   Code   RO         3061    i.ADC_Init          stm32f4xx_hal_adc.o
    0x0800077c   0x0800077c   0x0000007c   Code   RO         7040    i.Angle_PID_Output  pid.o
    0x080007f8   0x080007f8   0x00000010   Code   RO         5724    i.BMI088_ACCEL_NS_H  bmi088middleware.o
    0x08000808   0x08000808   0x00000010   Code   RO         5725    i.BMI088_ACCEL_NS_L  bmi088middleware.o
    0x08000818   0x08000818   0x00000002   Code   RO         5726    i.BMI088_GPIO_init  bmi088middleware.o
    0x0800081a   0x0800081a   0x00000002   PAD
    0x0800081c   0x0800081c   0x00000010   Code   RO         5727    i.BMI088_GYRO_NS_H  bmi088middleware.o
    0x0800082c   0x0800082c   0x00000010   Code   RO         5728    i.BMI088_GYRO_NS_L  bmi088middleware.o
    0x0800083c   0x0800083c   0x00000002   Code   RO         5729    i.BMI088_com_init   bmi088middleware.o
    0x0800083e   0x0800083e   0x00000014   Code   RO         5730    i.BMI088_delay_ms   bmi088middleware.o
    0x08000852   0x08000852   0x00000006   Code   RO         5731    i.BMI088_delay_us   bmi088middleware.o
    0x08000858   0x08000858   0x00000018   Code   RO         5658    i.BMI088_init       bmi088driver.o
    0x08000870   0x08000870   0x00000158   Code   RO         5659    i.BMI088_read       bmi088driver.o
    0x080009c8   0x080009c8   0x00000024   Code   RO         5660    i.BMI088_read_muli_reg  bmi088driver.o
    0x080009ec   0x080009ec   0x00000016   Code   RO         5661    i.BMI088_read_single_reg  bmi088driver.o
    0x08000a02   0x08000a02   0x00000002   PAD
    0x08000a04   0x08000a04   0x00000020   Code   RO         5732    i.BMI088_read_write_byte  bmi088middleware.o
    0x08000a24   0x08000a24   0x00000012   Code   RO         5662    i.BMI088_write_single_reg  bmi088driver.o
    0x08000a36   0x08000a36   0x00000002   Code   RO          684    i.BusFault_Handler  stm32f4xx_it.o
    0x08000a38   0x08000a38   0x0000000c   Code   RO          685    i.CAN1_RX0_IRQHandler  stm32f4xx_it.o
    0x08000a44   0x08000a44   0x0000000c   Code   RO          686    i.CAN1_RX1_IRQHandler  stm32f4xx_it.o
    0x08000a50   0x08000a50   0x0000000c   Code   RO          687    i.CAN2_RX0_IRQHandler  stm32f4xx_it.o
    0x08000a5c   0x08000a5c   0x0000000c   Code   RO          688    i.CAN2_RX1_IRQHandler  stm32f4xx_it.o
    0x08000a68   0x08000a68   0x00000004   Code   RO         1059    i.CDC_Control_FS    usbd_cdc_if.o
    0x08000a6c   0x08000a6c   0x00000004   Code   RO         1060    i.CDC_DeInit_FS     usbd_cdc_if.o
    0x08000a70   0x08000a70   0x00000024   Code   RO         1061    i.CDC_Init_FS       usbd_cdc_if.o
    0x08000a94   0x08000a94   0x0000004c   Code   RO         1062    i.CDC_Receive_FS    usbd_cdc_if.o
    0x08000ae0   0x08000ae0   0x00000004   Code   RO         1063    i.CDC_TransmitCplt_FS  usbd_cdc_if.o
    0x08000ae4   0x08000ae4   0x0000000c   Code   RO          689    i.DMA1_Stream0_IRQHandler  stm32f4xx_it.o
    0x08000af0   0x08000af0   0x0000000c   Code   RO          690    i.DMA1_Stream2_IRQHandler  stm32f4xx_it.o
    0x08000afc   0x08000afc   0x0000000c   Code   RO          691    i.DMA1_Stream4_IRQHandler  stm32f4xx_it.o
    0x08000b08   0x08000b08   0x0000000c   Code   RO          692    i.DMA1_Stream7_IRQHandler  stm32f4xx_it.o
    0x08000b14   0x08000b14   0x0000000c   Code   RO          693    i.DMA2_Stream1_IRQHandler  stm32f4xx_it.o
    0x08000b20   0x08000b20   0x0000000c   Code   RO          694    i.DMA2_Stream2_IRQHandler  stm32f4xx_it.o
    0x08000b2c   0x08000b2c   0x0000000c   Code   RO          695    i.DMA2_Stream6_IRQHandler  stm32f4xx_it.o
    0x08000b38   0x08000b38   0x0000000c   Code   RO          696    i.DMA2_Stream7_IRQHandler  stm32f4xx_it.o
    0x08000b44   0x08000b44   0x00000028   Code   RO         2385    i.DMA_CalcBaseAndBitshift  stm32f4xx_hal_dma.o
    0x08000b6c   0x08000b6c   0x00000054   Code   RO         2386    i.DMA_CheckFifoParam  stm32f4xx_hal_dma.o
    0x08000bc0   0x08000bc0   0x00000028   Code   RO         2387    i.DMA_SetConfig     stm32f4xx_hal_dma.o
    0x08000be8   0x08000be8   0x00000002   Code   RO          697    i.DebugMon_Handler  stm32f4xx_it.o
    0x08000bea   0x08000bea   0x00000008   Code   RO          698    i.EXTI15_10_IRQHandler  stm32f4xx_it.o
    0x08000bf2   0x08000bf2   0x00000004   Code   RO           13    i.Error_Handler     main.o
    0x08000bf6   0x08000bf6   0x00000002   PAD
    0x08000bf8   0x08000bf8   0x0000014c   Code   RO         3063    i.HAL_ADC_ConfigChannel  stm32f4xx_hal_adc.o
    0x08000d44   0x08000d44   0x00000054   Code   RO         3072    i.HAL_ADC_Init      stm32f4xx_hal_adc.o
    0x08000d98   0x08000d98   0x00000060   Code   RO          390    i.HAL_ADC_MspInit   adc.o
    0x08000df8   0x08000df8   0x00000024   Code   RO         3337    i.HAL_CAN_ActivateNotification  stm32f4xx_hal_can.o
    0x08000e1c   0x08000e1c   0x0000010c   Code   RO         3339    i.HAL_CAN_ConfigFilter  stm32f4xx_hal_can.o
    0x08000f28   0x08000f28   0x00000002   Code   RO         3342    i.HAL_CAN_ErrorCallback  stm32f4xx_hal_can.o
    0x08000f2a   0x08000f2a   0x000000e8   Code   RO         3345    i.HAL_CAN_GetRxMessage  stm32f4xx_hal_can.o
    0x08001012   0x08001012   0x000001fc   Code   RO         3349    i.HAL_CAN_IRQHandler  stm32f4xx_hal_can.o
    0x0800120e   0x0800120e   0x0000011a   Code   RO         3350    i.HAL_CAN_Init      stm32f4xx_hal_can.o
    0x08001328   0x08001328   0x00000124   Code   RO          432    i.HAL_CAN_MspInit   can.o
    0x0800144c   0x0800144c   0x00000002   Code   RO         3357    i.HAL_CAN_RxFifo0FullCallback  stm32f4xx_hal_can.o
    0x0800144e   0x0800144e   0x00000002   PAD
    0x08001450   0x08001450   0x00000014   Code   RO         5796    i.HAL_CAN_RxFifo0MsgPendingCallback  bsp_can.o
    0x08001464   0x08001464   0x00000002   Code   RO         3359    i.HAL_CAN_RxFifo1FullCallback  stm32f4xx_hal_can.o
    0x08001466   0x08001466   0x00000002   Code   RO         3360    i.HAL_CAN_RxFifo1MsgPendingCallback  stm32f4xx_hal_can.o
    0x08001468   0x08001468   0x00000002   Code   RO         3361    i.HAL_CAN_SleepCallback  stm32f4xx_hal_can.o
    0x0800146a   0x0800146a   0x00000002   PAD
    0x0800146c   0x0800146c   0x00000058   Code   RO         3362    i.HAL_CAN_Start     stm32f4xx_hal_can.o
    0x080014c4   0x080014c4   0x00000002   Code   RO         3364    i.HAL_CAN_TxMailbox0AbortCallback  stm32f4xx_hal_can.o
    0x080014c6   0x080014c6   0x00000002   Code   RO         3365    i.HAL_CAN_TxMailbox0CompleteCallback  stm32f4xx_hal_can.o
    0x080014c8   0x080014c8   0x00000002   Code   RO         3366    i.HAL_CAN_TxMailbox1AbortCallback  stm32f4xx_hal_can.o
    0x080014ca   0x080014ca   0x00000002   Code   RO         3367    i.HAL_CAN_TxMailbox1CompleteCallback  stm32f4xx_hal_can.o
    0x080014cc   0x080014cc   0x00000002   Code   RO         3368    i.HAL_CAN_TxMailbox2AbortCallback  stm32f4xx_hal_can.o
    0x080014ce   0x080014ce   0x00000002   Code   RO         3369    i.HAL_CAN_TxMailbox2CompleteCallback  stm32f4xx_hal_can.o
    0x080014d0   0x080014d0   0x00000002   Code   RO         3371    i.HAL_CAN_WakeUpFromRxMsgCallback  stm32f4xx_hal_can.o
    0x080014d2   0x080014d2   0x00000092   Code   RO         2388    i.HAL_DMA_Abort     stm32f4xx_hal_dma.o
    0x08001564   0x08001564   0x00000024   Code   RO         2389    i.HAL_DMA_Abort_IT  stm32f4xx_hal_dma.o
    0x08001588   0x08001588   0x000001a0   Code   RO         2393    i.HAL_DMA_IRQHandler  stm32f4xx_hal_dma.o
    0x08001728   0x08001728   0x000000d4   Code   RO         2394    i.HAL_DMA_Init      stm32f4xx_hal_dma.o
    0x080017fc   0x080017fc   0x0000006e   Code   RO         2398    i.HAL_DMA_Start_IT  stm32f4xx_hal_dma.o
    0x0800186a   0x0800186a   0x00000002   PAD
    0x0800186c   0x0800186c   0x00000024   Code   RO         2807    i.HAL_Delay         stm32f4xx_hal.o
    0x08001890   0x08001890   0x00000002   Code   RO         2279    i.HAL_GPIO_EXTI_Callback  stm32f4xx_hal_gpio.o
    0x08001892   0x08001892   0x00000002   PAD
    0x08001894   0x08001894   0x00000018   Code   RO         2280    i.HAL_GPIO_EXTI_IRQHandler  stm32f4xx_hal_gpio.o
    0x080018ac   0x080018ac   0x000001f0   Code   RO         2281    i.HAL_GPIO_Init     stm32f4xx_hal_gpio.o
    0x08001a9c   0x08001a9c   0x0000000a   Code   RO         2283    i.HAL_GPIO_ReadPin  stm32f4xx_hal_gpio.o
    0x08001aa6   0x08001aa6   0x00000010   Code   RO         2284    i.HAL_GPIO_TogglePin  stm32f4xx_hal_gpio.o
    0x08001ab6   0x08001ab6   0x0000000a   Code   RO         2285    i.HAL_GPIO_WritePin  stm32f4xx_hal_gpio.o
    0x08001ac0   0x08001ac0   0x0000000c   Code   RO         2813    i.HAL_GetTick       stm32f4xx_hal.o
    0x08001acc   0x08001acc   0x00000010   Code   RO         2819    i.HAL_IncTick       stm32f4xx_hal.o
    0x08001adc   0x08001adc   0x00000034   Code   RO         2820    i.HAL_Init          stm32f4xx_hal.o
    0x08001b10   0x08001b10   0x00000098   Code   RO          886    i.HAL_InitTick      stm32f4xx_hal_timebase_tim.o
    0x08001ba8   0x08001ba8   0x00000038   Code   RO          862    i.HAL_MspInit       stm32f4xx_hal_msp.o
    0x08001be0   0x08001be0   0x0000001a   Code   RO         2670    i.HAL_NVIC_EnableIRQ  stm32f4xx_hal_cortex.o
    0x08001bfa   0x08001bfa   0x00000002   PAD
    0x08001bfc   0x08001bfc   0x00000040   Code   RO         2676    i.HAL_NVIC_SetPriority  stm32f4xx_hal_cortex.o
    0x08001c3c   0x08001c3c   0x00000024   Code   RO         2677    i.HAL_NVIC_SetPriorityGrouping  stm32f4xx_hal_cortex.o
    0x08001c60   0x08001c60   0x00000002   Code   RO         1580    i.HAL_PCDEx_LPM_Callback  stm32f4xx_hal_pcd_ex.o
    0x08001c62   0x08001c62   0x00000008   Code   RO         1581    i.HAL_PCDEx_SetRxFiFo  stm32f4xx_hal_pcd_ex.o
    0x08001c6a   0x08001c6a   0x00000044   Code   RO         1582    i.HAL_PCDEx_SetTxFiFo  stm32f4xx_hal_pcd_ex.o
    0x08001cae   0x08001cae   0x00000008   Code   RO         1134    i.HAL_PCD_ConnectCallback  usbd_conf.o
    0x08001cb6   0x08001cb6   0x00000012   Code   RO         1135    i.HAL_PCD_DataInStageCallback  usbd_conf.o
    0x08001cc8   0x08001cc8   0x00000014   Code   RO         1136    i.HAL_PCD_DataOutStageCallback  usbd_conf.o
    0x08001cdc   0x08001cdc   0x00000008   Code   RO         1137    i.HAL_PCD_DisconnectCallback  usbd_conf.o
    0x08001ce4   0x08001ce4   0x0000001e   Code   RO         1350    i.HAL_PCD_EP_Abort  stm32f4xx_hal_pcd.o
    0x08001d02   0x08001d02   0x0000004c   Code   RO         1351    i.HAL_PCD_EP_Close  stm32f4xx_hal_pcd.o
    0x08001d4e   0x08001d4e   0x0000005c   Code   RO         1352    i.HAL_PCD_EP_ClrStall  stm32f4xx_hal_pcd.o
    0x08001daa   0x08001daa   0x00000012   Code   RO         1354    i.HAL_PCD_EP_GetRxCount  stm32f4xx_hal_pcd.o
    0x08001dbc   0x08001dbc   0x00000060   Code   RO         1355    i.HAL_PCD_EP_Open   stm32f4xx_hal_pcd.o
    0x08001e1c   0x08001e1c   0x00000048   Code   RO         1356    i.HAL_PCD_EP_Receive  stm32f4xx_hal_pcd.o
    0x08001e64   0x08001e64   0x00000074   Code   RO         1357    i.HAL_PCD_EP_SetStall  stm32f4xx_hal_pcd.o
    0x08001ed8   0x08001ed8   0x00000040   Code   RO         1358    i.HAL_PCD_EP_Transmit  stm32f4xx_hal_pcd.o
    0x08001f18   0x08001f18   0x00000560   Code   RO         1360    i.HAL_PCD_IRQHandler  stm32f4xx_hal_pcd.o
    0x08002478   0x08002478   0x00000008   Code   RO         1138    i.HAL_PCD_ISOINIncompleteCallback  usbd_conf.o
    0x08002480   0x08002480   0x00000008   Code   RO         1139    i.HAL_PCD_ISOOUTIncompleteCallback  usbd_conf.o
    0x08002488   0x08002488   0x000000e2   Code   RO         1363    i.HAL_PCD_Init      stm32f4xx_hal_pcd.o
    0x0800256a   0x0800256a   0x00000002   PAD
    0x0800256c   0x0800256c   0x00000084   Code   RO         1141    i.HAL_PCD_MspInit   usbd_conf.o
    0x080025f0   0x080025f0   0x0000002c   Code   RO         1142    i.HAL_PCD_ResetCallback  usbd_conf.o
    0x0800261c   0x0800261c   0x00000008   Code   RO         1143    i.HAL_PCD_ResumeCallback  usbd_conf.o
    0x08002624   0x08002624   0x00000008   Code   RO         1144    i.HAL_PCD_SOFCallback  usbd_conf.o
    0x0800262c   0x0800262c   0x00000028   Code   RO         1369    i.HAL_PCD_SetAddress  stm32f4xx_hal_pcd.o
    0x08002654   0x08002654   0x0000000e   Code   RO         1145    i.HAL_PCD_SetupStageCallback  usbd_conf.o
    0x08002662   0x08002662   0x00000042   Code   RO         1372    i.HAL_PCD_Start     stm32f4xx_hal_pcd.o
    0x080026a4   0x080026a4   0x00000030   Code   RO         1146    i.HAL_PCD_SuspendCallback  usbd_conf.o
    0x080026d4   0x080026d4   0x00000134   Code   RO         1927    i.HAL_RCC_ClockConfig  stm32f4xx_hal_rcc.o
    0x08002808   0x08002808   0x00000040   Code   RO         1931    i.HAL_RCC_GetClockConfig  stm32f4xx_hal_rcc.o
    0x08002848   0x08002848   0x0000000c   Code   RO         1932    i.HAL_RCC_GetHCLKFreq  stm32f4xx_hal_rcc.o
    0x08002854   0x08002854   0x00000020   Code   RO         1934    i.HAL_RCC_GetPCLK1Freq  stm32f4xx_hal_rcc.o
    0x08002874   0x08002874   0x00000020   Code   RO         1935    i.HAL_RCC_GetPCLK2Freq  stm32f4xx_hal_rcc.o
    0x08002894   0x08002894   0x00000060   Code   RO         1936    i.HAL_RCC_GetSysClockFreq  stm32f4xx_hal_rcc.o
    0x080028f4   0x080028f4   0x0000036c   Code   RO         1939    i.HAL_RCC_OscConfig  stm32f4xx_hal_rcc.o
    0x08002c60   0x08002c60   0x000000bc   Code   RO         3581    i.HAL_SPI_Init      stm32f4xx_hal_spi.o
    0x08002d1c   0x08002d1c   0x00000068   Code   RO          505    i.HAL_SPI_MspInit   spi.o
    0x08002d84   0x08002d84   0x000001e2   Code   RO         3590    i.HAL_SPI_TransmitReceive  stm32f4xx_hal_spi.o
    0x08002f66   0x08002f66   0x00000002   Code   RO         4598    i.HAL_TIMEx_BreakCallback  stm32f4xx_hal_tim_ex.o
    0x08002f68   0x08002f68   0x00000002   Code   RO         4599    i.HAL_TIMEx_CommutCallback  stm32f4xx_hal_tim_ex.o
    0x08002f6a   0x08002f6a   0x00000002   PAD
    0x08002f6c   0x08002f6c   0x00000090   Code   RO         4617    i.HAL_TIMEx_MasterConfigSynchronization  stm32f4xx_hal_tim_ex.o
    0x08002ffc   0x08002ffc   0x0000005a   Code   RO         3894    i.HAL_TIM_Base_Init  stm32f4xx_hal_tim.o
    0x08003056   0x08003056   0x00000002   PAD
    0x08003058   0x08003058   0x00000088   Code   RO          547    i.HAL_TIM_Base_MspInit  tim.o
    0x080030e0   0x080030e0   0x00000080   Code   RO         3899    i.HAL_TIM_Base_Start_IT  stm32f4xx_hal_tim.o
    0x08003160   0x08003160   0x000000dc   Code   RO         3903    i.HAL_TIM_ConfigClockSource  stm32f4xx_hal_tim.o
    0x0800323c   0x0800323c   0x00000002   Code   RO         3928    i.HAL_TIM_IC_CaptureCallback  stm32f4xx_hal_tim.o
    0x0800323e   0x0800323e   0x00000166   Code   RO         3942    i.HAL_TIM_IRQHandler  stm32f4xx_hal_tim.o
    0x080033a4   0x080033a4   0x000000a8   Code   RO          548    i.HAL_TIM_MspPostInit  tim.o
    0x0800344c   0x0800344c   0x00000002   Code   RO         3945    i.HAL_TIM_OC_DelayElapsedCallback  stm32f4xx_hal_tim.o
    0x0800344e   0x0800344e   0x000000cc   Code   RO         3966    i.HAL_TIM_PWM_ConfigChannel  stm32f4xx_hal_tim.o
    0x0800351a   0x0800351a   0x0000005a   Code   RO         3969    i.HAL_TIM_PWM_Init  stm32f4xx_hal_tim.o
    0x08003574   0x08003574   0x00000002   Code   RO         3971    i.HAL_TIM_PWM_MspInit  stm32f4xx_hal_tim.o
    0x08003576   0x08003576   0x00000002   Code   RO         3972    i.HAL_TIM_PWM_PulseFinishedCallback  stm32f4xx_hal_tim.o
    0x08003578   0x08003578   0x000000c8   Code   RO         3974    i.HAL_TIM_PWM_Start  stm32f4xx_hal_tim.o
    0x08003640   0x08003640   0x0000007c   Code   RO         3977    i.HAL_TIM_PWM_Stop  stm32f4xx_hal_tim.o
    0x080036bc   0x080036bc   0x00000014   Code   RO           14    i.HAL_TIM_PeriodElapsedCallback  main.o
    0x080036d0   0x080036d0   0x00000002   Code   RO         3985    i.HAL_TIM_TriggerCallback  stm32f4xx_hal_tim.o
    0x080036d2   0x080036d2   0x00000002   Code   RO         4876    i.HAL_UARTEx_RxEventCallback  stm32f4xx_hal_uart.o
    0x080036d4   0x080036d4   0x00000002   Code   RO         4890    i.HAL_UART_ErrorCallback  stm32f4xx_hal_uart.o
    0x080036d6   0x080036d6   0x00000002   PAD
    0x080036d8   0x080036d8   0x00000268   Code   RO         4893    i.HAL_UART_IRQHandler  stm32f4xx_hal_uart.o
    0x08003940   0x08003940   0x00000062   Code   RO         4894    i.HAL_UART_Init     stm32f4xx_hal_uart.o
    0x080039a2   0x080039a2   0x00000002   PAD
    0x080039a4   0x080039a4   0x00000420   Code   RO          613    i.HAL_UART_MspInit  usart.o
    0x08003dc4   0x08003dc4   0x0000002a   Code   RO         4898    i.HAL_UART_Receive_DMA  stm32f4xx_hal_uart.o
    0x08003dee   0x08003dee   0x00000002   PAD
    0x08003df0   0x08003df0   0x00000194   Code   RO         6149    i.HAL_UART_RxCpltCallback  unitreea1_cmd.o
    0x08003f84   0x08003f84   0x00000002   Code   RO         4901    i.HAL_UART_RxHalfCpltCallback  stm32f4xx_hal_uart.o
    0x08003f86   0x08003f86   0x00000002   PAD
    0x08003f88   0x08003f88   0x0000008c   Code   RO         4903    i.HAL_UART_Transmit_DMA  stm32f4xx_hal_uart.o
    0x08004014   0x08004014   0x00000040   Code   RO         6150    i.HAL_UART_TxCpltCallback  unitreea1_cmd.o
    0x08004054   0x08004054   0x00000002   Code   RO         4906    i.HAL_UART_TxHalfCpltCallback  stm32f4xx_hal_uart.o
    0x08004056   0x08004056   0x00000002   Code   RO          699    i.HardFault_Handler  stm32f4xx_it.o
    0x08004058   0x08004058   0x00000038   Code   RO          973    i.IntToUnicode      usbd_desc.o
    0x08004090   0x08004090   0x00000064   Code   RO          391    i.MX_ADC1_Init      adc.o
    0x080040f4   0x080040f4   0x00000048   Code   RO          433    i.MX_CAN1_Init      can.o
    0x0800413c   0x0800413c   0x00000048   Code   RO          434    i.MX_CAN2_Init      can.o
    0x08004184   0x08004184   0x000000ac   Code   RO          480    i.MX_DMA_Init       dma.o
    0x08004230   0x08004230   0x00000080   Code   RO          300    i.MX_FREERTOS_Init  freertos.o
    0x080042b0   0x080042b0   0x0000013c   Code   RO          276    i.MX_GPIO_Init      gpio.o
    0x080043ec   0x080043ec   0x00000048   Code   RO          506    i.MX_SPI1_Init      spi.o
    0x08004434   0x08004434   0x00000084   Code   RO          549    i.MX_TIM12_Init     tim.o
    0x080044b8   0x080044b8   0x00000098   Code   RO          550    i.MX_TIM4_Init      tim.o
    0x08004550   0x08004550   0x00000094   Code   RO          551    i.MX_TIM5_Init      tim.o
    0x080045e4   0x080045e4   0x00000044   Code   RO          552    i.MX_TIM6_Init      tim.o
    0x08004628   0x08004628   0x00000038   Code   RO          614    i.MX_UART4_Init     usart.o
    0x08004660   0x08004660   0x00000038   Code   RO          615    i.MX_UART5_Init     usart.o
    0x08004698   0x08004698   0x0000003c   Code   RO          616    i.MX_USART1_UART_Init  usart.o
    0x080046d4   0x080046d4   0x00000038   Code   RO          617    i.MX_USART2_UART_Init  usart.o
    0x0800470c   0x0800470c   0x00000038   Code   RO          618    i.MX_USART3_UART_Init  usart.o
    0x08004744   0x08004744   0x0000003c   Code   RO          619    i.MX_USART6_UART_Init  usart.o
    0x08004780   0x08004780   0x00000054   Code   RO          925    i.MX_USB_DEVICE_Init  usb_device.o
    0x080047d4   0x080047d4   0x0000026c   Code   RO         6998    i.MahonyAHRSupdateIMU  mahonyahrs.o
    0x08004a40   0x08004a40   0x00000002   Code   RO          700    i.MemManage_Handler  stm32f4xx_it.o
    0x08004a42   0x08004a42   0x00000002   Code   RO          701    i.NMI_Handler       stm32f4xx_it.o
    0x08004a44   0x08004a44   0x0000000c   Code   RO          702    i.OTG_FS_IRQHandler  stm32f4xx_it.o
    0x08004a50   0x08004a50   0x000000cc   Code   RO         1376    i.PCD_EP_OutXfrComplete_int  stm32f4xx_hal_pcd.o
    0x08004b1c   0x08004b1c   0x000000a2   Code   RO         1377    i.PCD_WriteEmptyTxFifo  stm32f4xx_hal_pcd.o
    0x08004bbe   0x08004bbe   0x00000002   PAD
    0x08004bc0   0x08004bc0   0x00000058   Code   RO         3619    i.SPI_EndRxTxTransaction  stm32f4xx_hal_spi.o
    0x08004c18   0x08004c18   0x000000b8   Code   RO         3624    i.SPI_WaitFlagStateUntilTimeout  stm32f4xx_hal_spi.o
    0x08004cd0   0x08004cd0   0x0000000a   Code   RO         5419    i.SWAPBYTE          usbd_ctlreq.o
    0x08004cda   0x08004cda   0x0000000c   Code   RO          301    i.StartDefaultTask  freertos.o
    0x08004ce6   0x08004ce6   0x00000002   PAD
    0x08004ce8   0x08004ce8   0x0000002c   Code   RO         8414    i.SysTick_Handler   port.o
    0x08004d14   0x08004d14   0x00000094   Code   RO           15    i.SystemClock_Config  main.o
    0x08004da8   0x08004da8   0x00000010   Code   RO         5223    i.SystemInit        system_stm32f4xx.o
    0x08004db8   0x08004db8   0x0000000c   Code   RO          703    i.TIM6_DAC_IRQHandler  stm32f4xx_it.o
    0x08004dc4   0x08004dc4   0x0000000c   Code   RO          704    i.TIM8_TRG_COM_TIM14_IRQHandler  stm32f4xx_it.o
    0x08004dd0   0x08004dd0   0x000000c8   Code   RO         3987    i.TIM_Base_SetConfig  stm32f4xx_hal_tim.o
    0x08004e98   0x08004e98   0x0000001a   Code   RO         3988    i.TIM_CCxChannelCmd  stm32f4xx_hal_tim.o
    0x08004eb2   0x08004eb2   0x00000014   Code   RO         3998    i.TIM_ETR_SetConfig  stm32f4xx_hal_tim.o
    0x08004ec6   0x08004ec6   0x00000010   Code   RO         3999    i.TIM_ITRx_SetConfig  stm32f4xx_hal_tim.o
    0x08004ed6   0x08004ed6   0x00000002   PAD
    0x08004ed8   0x08004ed8   0x00000060   Code   RO         4000    i.TIM_OC1_SetConfig  stm32f4xx_hal_tim.o
    0x08004f38   0x08004f38   0x0000006c   Code   RO         4001    i.TIM_OC2_SetConfig  stm32f4xx_hal_tim.o
    0x08004fa4   0x08004fa4   0x00000068   Code   RO         4002    i.TIM_OC3_SetConfig  stm32f4xx_hal_tim.o
    0x0800500c   0x0800500c   0x00000050   Code   RO         4003    i.TIM_OC4_SetConfig  stm32f4xx_hal_tim.o
    0x0800505c   0x0800505c   0x00000022   Code   RO         4005    i.TIM_TI1_ConfigInputStage  stm32f4xx_hal_tim.o
    0x0800507e   0x0800507e   0x00000024   Code   RO         4007    i.TIM_TI2_ConfigInputStage  stm32f4xx_hal_tim.o
    0x080050a2   0x080050a2   0x00000002   PAD
    0x080050a4   0x080050a4   0x0000000c   Code   RO          705    i.UART4_IRQHandler  stm32f4xx_it.o
    0x080050b0   0x080050b0   0x0000000c   Code   RO          706    i.UART5_IRQHandler  stm32f4xx_it.o
    0x080050bc   0x080050bc   0x00000010   Code   RO         4907    i.UART_DMAAbortOnError  stm32f4xx_hal_uart.o
    0x080050cc   0x080050cc   0x0000004a   Code   RO         4908    i.UART_DMAError     stm32f4xx_hal_uart.o
    0x08005116   0x08005116   0x00000082   Code   RO         4909    i.UART_DMAReceiveCplt  stm32f4xx_hal_uart.o
    0x08005198   0x08005198   0x0000001a   Code   RO         4911    i.UART_DMARxHalfCplt  stm32f4xx_hal_uart.o
    0x080051b2   0x080051b2   0x00000042   Code   RO         4913    i.UART_DMATransmitCplt  stm32f4xx_hal_uart.o
    0x080051f4   0x080051f4   0x0000000a   Code   RO         4915    i.UART_DMATxHalfCplt  stm32f4xx_hal_uart.o
    0x080051fe   0x080051fe   0x0000004e   Code   RO         4917    i.UART_EndRxTransfer  stm32f4xx_hal_uart.o
    0x0800524c   0x0800524c   0x0000001c   Code   RO         4918    i.UART_EndTxTransfer  stm32f4xx_hal_uart.o
    0x08005268   0x08005268   0x000000c0   Code   RO         4919    i.UART_Receive_IT   stm32f4xx_hal_uart.o
    0x08005328   0x08005328   0x0000010c   Code   RO         4920    i.UART_SetConfig    stm32f4xx_hal_uart.o
    0x08005434   0x08005434   0x00000094   Code   RO         4921    i.UART_Start_Receive_DMA  stm32f4xx_hal_uart.o
    0x080054c8   0x080054c8   0x0000000c   Code   RO          707    i.USART1_IRQHandler  stm32f4xx_it.o
    0x080054d4   0x080054d4   0x0000000c   Code   RO          708    i.USART6_IRQHandler  stm32f4xx_it.o
    0x080054e0   0x080054e0   0x00000076   Code   RO         5552    i.USBD_CDC_DataIn   usbd_cdc.o
    0x08005556   0x08005556   0x0000003c   Code   RO         5553    i.USBD_CDC_DataOut  usbd_cdc.o
    0x08005592   0x08005592   0x00000002   PAD
    0x08005594   0x08005594   0x00000090   Code   RO         5554    i.USBD_CDC_DeInit   usbd_cdc.o
    0x08005624   0x08005624   0x00000036   Code   RO         5555    i.USBD_CDC_EP0_RxReady  usbd_cdc.o
    0x0800565a   0x0800565a   0x00000002   PAD
    0x0800565c   0x0800565c   0x0000000c   Code   RO         5556    i.USBD_CDC_GetDeviceQualifierDescriptor  usbd_cdc.o
    0x08005668   0x08005668   0x0000003c   Code   RO         5557    i.USBD_CDC_GetFSCfgDesc  usbd_cdc.o
    0x080056a4   0x080056a4   0x00000040   Code   RO         5558    i.USBD_CDC_GetHSCfgDesc  usbd_cdc.o
    0x080056e4   0x080056e4   0x0000003c   Code   RO         5559    i.USBD_CDC_GetOtherSpeedCfgDesc  usbd_cdc.o
    0x08005720   0x08005720   0x00000118   Code   RO         5560    i.USBD_CDC_Init     usbd_cdc.o
    0x08005838   0x08005838   0x00000038   Code   RO         5561    i.USBD_CDC_ReceivePacket  usbd_cdc.o
    0x08005870   0x08005870   0x00000016   Code   RO         5562    i.USBD_CDC_RegisterInterface  usbd_cdc.o
    0x08005886   0x08005886   0x0000001a   Code   RO         5563    i.USBD_CDC_SetRxBuffer  usbd_cdc.o
    0x080058a0   0x080058a0   0x0000001e   Code   RO         5564    i.USBD_CDC_SetTxBuffer  usbd_cdc.o
    0x080058be   0x080058be   0x000000d4   Code   RO         5565    i.USBD_CDC_Setup    usbd_cdc.o
    0x08005992   0x08005992   0x00000014   Code   RO         5260    i.USBD_ClrClassConfig  usbd_core.o
    0x080059a6   0x080059a6   0x00000004   Code   RO         5261    i.USBD_CoreFindEP   usbd_core.o
    0x080059aa   0x080059aa   0x00000004   Code   RO         5262    i.USBD_CoreFindIF   usbd_core.o
    0x080059ae   0x080059ae   0x00000010   Code   RO         5492    i.USBD_CtlContinueRx  usbd_ioreq.o
    0x080059be   0x080059be   0x00000010   Code   RO         5493    i.USBD_CtlContinueSendData  usbd_ioreq.o
    0x080059ce   0x080059ce   0x00000016   Code   RO         5420    i.USBD_CtlError     usbd_ctlreq.o
    0x080059e4   0x080059e4   0x0000001e   Code   RO         5494    i.USBD_CtlPrepareRx  usbd_ioreq.o
    0x08005a02   0x08005a02   0x00000016   Code   RO         5495    i.USBD_CtlReceiveStatus  usbd_ioreq.o
    0x08005a18   0x08005a18   0x0000001a   Code   RO         5496    i.USBD_CtlSendData  usbd_ioreq.o
    0x08005a32   0x08005a32   0x00000016   Code   RO         5497    i.USBD_CtlSendStatus  usbd_ioreq.o
    0x08005a48   0x08005a48   0x00000020   Code   RO          974    i.USBD_FS_ConfigStrDescriptor  usbd_desc.o
    0x08005a68   0x08005a68   0x0000000c   Code   RO          975    i.USBD_FS_DeviceDescriptor  usbd_desc.o
    0x08005a74   0x08005a74   0x00000024   Code   RO          976    i.USBD_FS_InterfaceStrDescriptor  usbd_desc.o
    0x08005a98   0x08005a98   0x0000000c   Code   RO          977    i.USBD_FS_LangIDStrDescriptor  usbd_desc.o
    0x08005aa4   0x08005aa4   0x00000028   Code   RO          978    i.USBD_FS_ManufacturerStrDescriptor  usbd_desc.o
    0x08005acc   0x08005acc   0x0000002c   Code   RO          979    i.USBD_FS_ProductStrDescriptor  usbd_desc.o
    0x08005af8   0x08005af8   0x00000038   Code   RO          980    i.USBD_FS_SerialStrDescriptor  usbd_desc.o
    0x08005b30   0x08005b30   0x000000e6   Code   RO         5421    i.USBD_GetDescriptor  usbd_ctlreq.o
    0x08005c16   0x08005c16   0x0000003a   Code   RO         5264    i.USBD_GetEpDesc    usbd_core.o
    0x08005c50   0x08005c50   0x0000000e   Code   RO         5265    i.USBD_GetNextDesc  usbd_core.o
    0x08005c5e   0x08005c5e   0x00000048   Code   RO         5422    i.USBD_GetString    usbd_ctlreq.o
    0x08005ca6   0x08005ca6   0x00000018   Code   RO         1147    i.USBD_Get_USB_Status  usbd_conf.o
    0x08005cbe   0x08005cbe   0x00000026   Code   RO         5266    i.USBD_Init         usbd_core.o
    0x08005ce4   0x08005ce4   0x00000012   Code   RO         1148    i.USBD_LL_ClearStallEP  usbd_conf.o
    0x08005cf6   0x08005cf6   0x00000012   Code   RO         1149    i.USBD_LL_CloseEP   usbd_conf.o
    0x08005d08   0x08005d08   0x000000b6   Code   RO         5267    i.USBD_LL_DataInStage  usbd_core.o
    0x08005dbe   0x08005dbe   0x0000008e   Code   RO         5268    i.USBD_LL_DataOutStage  usbd_core.o
    0x08005e4c   0x08005e4c   0x00000004   Code   RO         5269    i.USBD_LL_DevConnected  usbd_core.o
    0x08005e50   0x08005e50   0x0000001e   Code   RO         5270    i.USBD_LL_DevDisconnected  usbd_core.o
    0x08005e6e   0x08005e6e   0x00000008   Code   RO         1153    i.USBD_LL_GetRxDataSize  usbd_conf.o
    0x08005e76   0x08005e76   0x00000002   PAD
    0x08005e78   0x08005e78   0x00000060   Code   RO         1154    i.USBD_LL_Init      usbd_conf.o
    0x08005ed8   0x08005ed8   0x00000020   Code   RO         1155    i.USBD_LL_IsStallEP  usbd_conf.o
    0x08005ef8   0x08005ef8   0x00000028   Code   RO         5271    i.USBD_LL_IsoINIncomplete  usbd_core.o
    0x08005f20   0x08005f20   0x00000028   Code   RO         5272    i.USBD_LL_IsoOUTIncomplete  usbd_core.o
    0x08005f48   0x08005f48   0x00000018   Code   RO         1156    i.USBD_LL_OpenEP    usbd_conf.o
    0x08005f60   0x08005f60   0x00000012   Code   RO         1157    i.USBD_LL_PrepareReceive  usbd_conf.o
    0x08005f72   0x08005f72   0x0000005c   Code   RO         5273    i.USBD_LL_Reset     usbd_core.o
    0x08005fce   0x08005fce   0x00000014   Code   RO         5274    i.USBD_LL_Resume    usbd_core.o
    0x08005fe2   0x08005fe2   0x0000001a   Code   RO         5275    i.USBD_LL_SOF       usbd_core.o
    0x08005ffc   0x08005ffc   0x00000006   Code   RO         5276    i.USBD_LL_SetSpeed  usbd_core.o
    0x08006002   0x08006002   0x00000012   Code   RO         1158    i.USBD_LL_SetUSBAddress  usbd_conf.o
    0x08006014   0x08006014   0x00000060   Code   RO         5277    i.USBD_LL_SetupStage  usbd_core.o
    0x08006074   0x08006074   0x00000012   Code   RO         1159    i.USBD_LL_StallEP   usbd_conf.o
    0x08006086   0x08006086   0x00000012   Code   RO         1160    i.USBD_LL_Start     usbd_conf.o
    0x08006098   0x08006098   0x00000012   Code   RO         5278    i.USBD_LL_Suspend   usbd_core.o
    0x080060aa   0x080060aa   0x00000012   Code   RO         1162    i.USBD_LL_Transmit  usbd_conf.o
    0x080060bc   0x080060bc   0x0000002c   Code   RO         5423    i.USBD_ParseSetupRequest  usbd_ctlreq.o
    0x080060e8   0x080060e8   0x0000003a   Code   RO         5279    i.USBD_RegisterClass  usbd_core.o
    0x08006122   0x08006122   0x00000014   Code   RO         5281    i.USBD_SetClassConfig  usbd_core.o
    0x08006136   0x08006136   0x00000002   PAD
    0x08006138   0x08006138   0x000000b8   Code   RO         5424    i.USBD_SetConfig    usbd_ctlreq.o
    0x080061f0   0x080061f0   0x00000004   Code   RO         5282    i.USBD_Start        usbd_core.o
    0x080061f4   0x080061f4   0x0000012c   Code   RO         5425    i.USBD_StdDevReq    usbd_ctlreq.o
    0x08006320   0x08006320   0x00000160   Code   RO         5426    i.USBD_StdEPReq     usbd_ctlreq.o
    0x08006480   0x08006480   0x00000072   Code   RO         5427    i.USBD_StdItfReq    usbd_ctlreq.o
    0x080064f2   0x080064f2   0x00000002   Code   RO         1163    i.USBD_static_free  usbd_conf.o
    0x080064f4   0x080064f4   0x00000008   Code   RO         1164    i.USBD_static_malloc  usbd_conf.o
    0x080064fc   0x080064fc   0x00000080   Code   RO         1622    i.USB_ActivateEndpoint  stm32f4xx_ll_usb.o
    0x0800657c   0x0800657c   0x0000001c   Code   RO         1624    i.USB_ActivateSetup  stm32f4xx_ll_usb.o
    0x08006598   0x08006598   0x00000074   Code   RO         1626    i.USB_CoreInit      stm32f4xx_ll_usb.o
    0x0800660c   0x0800660c   0x00000040   Code   RO         1627    i.USB_CoreReset     stm32f4xx_ll_usb.o
    0x0800664c   0x0800664c   0x000000cc   Code   RO         1630    i.USB_DeactivateEndpoint  stm32f4xx_ll_usb.o
    0x08006718   0x08006718   0x0000001c   Code   RO         1631    i.USB_DevConnect    stm32f4xx_ll_usb.o
    0x08006734   0x08006734   0x0000001c   Code   RO         1632    i.USB_DevDisconnect  stm32f4xx_ll_usb.o
    0x08006750   0x08006750   0x00000174   Code   RO         1633    i.USB_DevInit       stm32f4xx_ll_usb.o
    0x080068c4   0x080068c4   0x0000000c   Code   RO         1634    i.USB_DisableGlobalInt  stm32f4xx_ll_usb.o
    0x080068d0   0x080068d0   0x0000011c   Code   RO         1637    i.USB_EP0StartXfer  stm32f4xx_ll_usb.o
    0x080069ec   0x080069ec   0x00000058   Code   RO         1638    i.USB_EP0_OutStart  stm32f4xx_ll_usb.o
    0x08006a44   0x08006a44   0x00000058   Code   RO         1639    i.USB_EPClearStall  stm32f4xx_ll_usb.o
    0x08006a9c   0x08006a9c   0x00000058   Code   RO         1640    i.USB_EPSetStall    stm32f4xx_ll_usb.o
    0x08006af4   0x08006af4   0x000001e4   Code   RO         1641    i.USB_EPStartXfer   stm32f4xx_ll_usb.o
    0x08006cd8   0x08006cd8   0x0000009e   Code   RO         1642    i.USB_EPStopXfer    stm32f4xx_ll_usb.o
    0x08006d76   0x08006d76   0x0000000c   Code   RO         1643    i.USB_EnableGlobalInt  stm32f4xx_ll_usb.o
    0x08006d82   0x08006d82   0x00000002   PAD
    0x08006d84   0x08006d84   0x0000003c   Code   RO         1644    i.USB_FlushRxFifo   stm32f4xx_ll_usb.o
    0x08006dc0   0x08006dc0   0x00000040   Code   RO         1645    i.USB_FlushTxFifo   stm32f4xx_ll_usb.o
    0x08006e00   0x08006e00   0x0000001a   Code   RO         1647    i.USB_GetDevSpeed   stm32f4xx_ll_usb.o
    0x08006e1a   0x08006e1a   0x00000008   Code   RO         1649    i.USB_GetMode       stm32f4xx_ll_usb.o
    0x08006e22   0x08006e22   0x0000000e   Code   RO         1656    i.USB_ReadDevAllInEpInterrupt  stm32f4xx_ll_usb.o
    0x08006e30   0x08006e30   0x0000000e   Code   RO         1657    i.USB_ReadDevAllOutEpInterrupt  stm32f4xx_ll_usb.o
    0x08006e3e   0x08006e3e   0x00000024   Code   RO         1658    i.USB_ReadDevInEPInterrupt  stm32f4xx_ll_usb.o
    0x08006e62   0x08006e62   0x00000010   Code   RO         1659    i.USB_ReadDevOutEPInterrupt  stm32f4xx_ll_usb.o
    0x08006e72   0x08006e72   0x00000008   Code   RO         1660    i.USB_ReadInterrupts  stm32f4xx_ll_usb.o
    0x08006e7a   0x08006e7a   0x0000003e   Code   RO         1661    i.USB_ReadPacket    stm32f4xx_ll_usb.o
    0x08006eb8   0x08006eb8   0x0000005c   Code   RO         1663    i.USB_SetCurrentMode  stm32f4xx_ll_usb.o
    0x08006f14   0x08006f14   0x00000022   Code   RO         1664    i.USB_SetDevAddress  stm32f4xx_ll_usb.o
    0x08006f36   0x08006f36   0x00000002   PAD
    0x08006f38   0x08006f38   0x000000e8   Code   RO         1666    i.USB_SetTurnaroundTime  stm32f4xx_ll_usb.o
    0x08007020   0x08007020   0x00000028   Code   RO         1669    i.USB_WritePacket   stm32f4xx_ll_usb.o
    0x08007048   0x08007048   0x00000002   Code   RO          709    i.UsageFault_Handler  stm32f4xx_it.o
    0x0800704a   0x0800704a   0x00000002   PAD
    0x0800704c   0x0800704c   0x00000094   Code   RO         7041    i.Velocity_PID      pid.o
    0x080070e0   0x080070e0   0x00000020   Code   RO         6382    i._ZN13geometry_msgs7Vector3C1Ev  ros_main.o
    0x08007100   0x08007100   0x0000001c   Code   RO         6909    i._ZN9USBSerialC1Ev  usbserial.o
    0x0800711c   0x0800711c   0x00000030   Code   RO         8893    i.__ARM_fpclassify  m_wm.l(fpclassify.o)
    0x0800714c   0x0800714c   0x00000020   Code   RO         2683    i.__NVIC_SetPriority  stm32f4xx_hal_cortex.o
    0x0800716c   0x0800716c   0x00000004   PAD
    0x08007170   0x08007170   0x00000360   Code   RO         8692    i.__hardfp_asin     m_wm.l(asin.o)
    0x080074d0   0x080074d0   0x000002d8   Code   RO         8859    i.__hardfp_atan     m_wm.l(atan.o)
    0x080077a8   0x080077a8   0x00000200   Code   RO         8706    i.__hardfp_atan2    m_wm.l(atan2.o)
    0x080079a8   0x080079a8   0x000000f8   Code   RO         8895    i.__kernel_poly     m_wm.l(poly.o)
    0x08007aa0   0x08007aa0   0x00000014   Code   RO         8874    i.__mathlib_dbl_infnan  m_wm.l(dunder.o)
    0x08007ab4   0x08007ab4   0x00000014   Code   RO         8875    i.__mathlib_dbl_infnan2  m_wm.l(dunder.o)
    0x08007ac8   0x08007ac8   0x00000020   Code   RO         8876    i.__mathlib_dbl_invalid  m_wm.l(dunder.o)
    0x08007ae8   0x08007ae8   0x00000020   Code   RO         8879    i.__mathlib_dbl_underflow  m_wm.l(dunder.o)
    0x08007b08   0x08007b08   0x000000c4   Code   RO         6205    i.__sti___12_ros_main_cpp_nh  ros_main.o
    0x08007bcc   0x08007bcc   0x0000000c   Code   RO         6910    i.__sti___13_USBSerial_cpp_Serial0  usbserial.o
    0x08007bd8   0x08007bd8   0x00000010   Code   RO         8861    i.atan              m_wm.l(atan.o)
    0x08007be8   0x08007be8   0x00000084   Code   RO          302    i.balance_ctrl      freertos.o
    0x08007c6c   0x08007c6c   0x000000b8   Code   RO          303    i.blink_status      freertos.o
    0x08007d24   0x08007d24   0x00000110   Code   RO         5663    i.bmi088_accel_init  bmi088driver.o
    0x08007e34   0x08007e34   0x00000114   Code   RO         5664    i.bmi088_gyro_init  bmi088driver.o
    0x08007f48   0x08007f48   0x00000030   Code   RO         5797    i.bsp_can_init      bsp_can.o
    0x08007f78   0x08007f78   0x00000098   Code   RO         6112    i.bsp_device_init   bsp_init.o
    0x08008010   0x08008010   0x0000015c   Code   RO         6999    i.calculateAngles   mahonyahrs.o
    0x0800816c   0x0800816c   0x00000034   Code   RO         5798    i.can1_rx_callback  bsp_can.o
    0x080081a0   0x080081a0   0x00000034   Code   RO         5799    i.can2_rx_callback  bsp_can.o
    0x080081d4   0x080081d4   0x00000038   Code   RO         5800    i.can_filter_init   bsp_can.o
    0x0800820c   0x0800820c   0x00000022   Code   RO         5801    i.canx_receive      bsp_can.o
    0x0800822e   0x0800822e   0x00000002   PAD
    0x08008230   0x08008230   0x0000003c   Code   RO         6151    i.crc32_core        unitreea1_cmd.o
    0x0800826c   0x0800826c   0x00000018   Code   RO         8889    i.fabs              m_wm.l(fabs.o)
    0x08008284   0x08008284   0x00000008   Code   RO          304    i.get_wheel_speed   freertos.o
    0x0800828c   0x0800828c   0x0000002c   Code   RO         7000    i.invSqrt           mahonyahrs.o
    0x080082b8   0x080082b8   0x0000003c   Code   RO          305    i.leg_ctrl          freertos.o
    0x080082f4   0x080082f4   0x00000056   Code   RO           16    i.main              main.o
    0x0800834a   0x0800834a   0x0000000c   Code   RO         7979    i.makeFreeRtosPriority  cmsis_os.o
    0x08008356   0x08008356   0x0000000e   Code   RO         7981    i.osDelay           cmsis_os.o
    0x08008364   0x08008364   0x0000000a   Code   RO         7984    i.osKernelStart     cmsis_os.o
    0x0800836e   0x0800836e   0x00000054   Code   RO         8018    i.osThreadCreate    cmsis_os.o
    0x080083c2   0x080083c2   0x00000002   PAD
    0x080083c4   0x080083c4   0x00000070   Code   RO         7655    i.prvAddCurrentTaskToDelayedList  tasks.o
    0x08008434   0x08008434   0x000000d0   Code   RO         7656    i.prvAddNewTaskToReadyList  tasks.o
    0x08008504   0x08008504   0x00000034   Code   RO         7657    i.prvDeleteTCB      tasks.o
    0x08008538   0x08008538   0x0000004c   Code   RO         8346    i.prvHeapInit       heap_4.o
    0x08008584   0x08008584   0x00000060   Code   RO         7658    i.prvIdleTask       tasks.o
    0x080085e4   0x080085e4   0x00000098   Code   RO         7659    i.prvInitialiseNewTask  tasks.o
    0x0800867c   0x0800867c   0x0000004c   Code   RO         8347    i.prvInsertBlockIntoFreeList  heap_4.o
    0x080086c8   0x080086c8   0x00000020   Code   RO         7660    i.prvResetNextTaskUnblockTime  tasks.o
    0x080086e8   0x080086e8   0x00000028   Code   RO         8415    i.prvTaskExitError  port.o
    0x08008710   0x08008710   0x000000dc   Code   RO         8348    i.pvPortMalloc      heap_4.o
    0x080087ec   0x080087ec   0x0000002c   Code   RO         8416    i.pxPortInitialiseStack  port.o
    0x08008818   0x08008818   0x00000030   Code   RO         6043    i.read_wheel_encoder  odrive_can.o
    0x08008848   0x08008848   0x0000006e   Code   RO         8720    i.sqrt              m_wm.l(sqrt.o)
    0x080088b6   0x080088b6   0x00000002   PAD
    0x080088b8   0x080088b8   0x00000044   Code   RO         6085    i.startup_sing      beep.o
    0x080088fc   0x080088fc   0x000000f8   Code   RO         6152    i.unitreeA1_sendCMD  unitreea1_cmd.o
    0x080089f4   0x080089f4   0x00000026   Code   RO         7291    i.uxListRemove      list.o
    0x08008a1a   0x08008a1a   0x00000002   PAD
    0x08008a1c   0x08008a1c   0x00000014   Code   RO          306    i.vApplicationGetIdleTaskMemory  freertos.o
    0x08008a30   0x08008a30   0x00000016   Code   RO         7292    i.vListInitialise   list.o
    0x08008a46   0x08008a46   0x00000006   Code   RO         7293    i.vListInitialiseItem  list.o
    0x08008a4c   0x08008a4c   0x00000030   Code   RO         7294    i.vListInsert       list.o
    0x08008a7c   0x08008a7c   0x00000018   Code   RO         7295    i.vListInsertEnd    list.o
    0x08008a94   0x08008a94   0x00000040   Code   RO         8418    i.vPortEnterCritical  port.o
    0x08008ad4   0x08008ad4   0x00000028   Code   RO         8419    i.vPortExitCritical  port.o
    0x08008afc   0x08008afc   0x00000064   Code   RO         8349    i.vPortFree         heap_4.o
    0x08008b60   0x08008b60   0x00000024   Code   RO         8420    i.vPortSetupTimerInterrupt  port.o
    0x08008b84   0x08008b84   0x0000004c   Code   RO         7669    i.vTaskDelay        tasks.o
    0x08008bd0   0x08008bd0   0x0000008c   Code   RO         7670    i.vTaskDelayUntil   tasks.o
    0x08008c5c   0x08008c5c   0x0000006c   Code   RO         7683    i.vTaskStartScheduler  tasks.o
    0x08008cc8   0x08008cc8   0x00000010   Code   RO         7685    i.vTaskSuspendAll   tasks.o
    0x08008cd8   0x08008cd8   0x0000005c   Code   RO         7686    i.vTaskSwitchContext  tasks.o
    0x08008d34   0x08008d34   0x000000f4   Code   RO         8422    i.xPortStartScheduler  port.o
    0x08008e28   0x08008e28   0x0000005a   Code   RO         7689    i.xTaskCreate       tasks.o
    0x08008e82   0x08008e82   0x00000056   Code   RO         7690    i.xTaskCreateStatic  tasks.o
    0x08008ed8   0x08008ed8   0x0000000c   Code   RO         7695    i.xTaskGetTickCount  tasks.o
    0x08008ee4   0x08008ee4   0x000000cc   Code   RO         7697    i.xTaskIncrementTick  tasks.o
    0x08008fb0   0x08008fb0   0x000000c4   Code   RO         7703    i.xTaskResumeAll    tasks.o
    0x08009074   0x08009074   0x00000088   Code   RO         6376    t._ZN3ros11NodeHandle_I13STM32HardwareLi25ELi25ELi1024ELi1024EEC1Ev  ros_main.o
    0x080090fc   0x080090fc   0x00000018   Code   RO         8832    x$fpl$basic         fz_wm.l(basic.o)
    0x08009114   0x08009114   0x00000062   Code   RO         8676    x$fpl$d2f           fz_wm.l(d2f.o)
    0x08009176   0x08009176   0x00000002   PAD
    0x08009178   0x08009178   0x00000150   Code   RO         8834    x$fpl$dadd          fz_wm.l(daddsub_clz.o)
    0x080092c8   0x080092c8   0x00000018   Code   RO         8957    x$fpl$dcmpinf       fz_wm.l(dcmpi.o)
    0x080092e0   0x080092e0   0x000002b0   Code   RO         8841    x$fpl$ddiv          fz_wm.l(ddiv.o)
    0x08009590   0x08009590   0x00000078   Code   RO         8844    x$fpl$deqf          fz_wm.l(deqf.o)
    0x08009608   0x08009608   0x00000154   Code   RO         8688    x$fpl$dmul          fz_wm.l(dmul.o)
    0x0800975c   0x0800975c   0x0000009c   Code   RO         8848    x$fpl$dnaninf       fz_wm.l(dnaninf.o)
    0x080097f8   0x080097f8   0x0000000c   Code   RO         8850    x$fpl$dretinf       fz_wm.l(dretinf.o)
    0x08009804   0x08009804   0x00000016   Code   RO         8835    x$fpl$drsb          fz_wm.l(daddsub_clz.o)
    0x0800981a   0x0800981a   0x00000002   PAD
    0x0800981c   0x0800981c   0x00000198   Code   RO         8852    x$fpl$dsqrt         fz_wm.l(dsqrt_umaal.o)
    0x080099b4   0x080099b4   0x000001d4   Code   RO         8836    x$fpl$dsub          fz_wm.l(daddsub_clz.o)
    0x08009b88   0x08009b88   0x00000056   Code   RO         8690    x$fpl$f2d           fz_wm.l(f2d.o)
    0x08009bde   0x08009bde   0x0000008c   Code   RO         8854    x$fpl$fnaninf       fz_wm.l(fnaninf.o)
    0x08009c6a   0x08009c6a   0x0000000a   Code   RO         8959    x$fpl$fpinit        fz_wm.l(fpinit.o)
    0x08009c74   0x08009c74   0x0000000a   Code   RO         8856    x$fpl$fretinf       fz_wm.l(fretinf.o)
    0x08009c7e   0x08009c7e   0x00000000   Code   RO         8858    x$fpl$usenofp       fz_wm.l(usenofp.o)
    0x08009c7e   0x08009c7e   0x00000002   PAD
    0x08009c80   0x08009c80   0x0000008c   Data   RO          308    .constdata          freertos.o
    0x08009d0c   0x08009d0c   0x00000008   Data   RO         2400    .constdata          stm32f4xx_hal_dma.o
    0x08009d14   0x08009d14   0x00000010   Data   RO         5224    .constdata          system_stm32f4xx.o
    0x08009d24   0x08009d24   0x00000008   Data   RO         5225    .constdata          system_stm32f4xx.o
    0x08009d2c   0x08009d2c   0x00000004   PAD
    0x08009d30   0x08009d30   0x00000050   Data   RO         8695    .constdata          m_wm.l(asin.o)
    0x08009d80   0x08009d80   0x00000098   Data   RO         8862    .constdata          m_wm.l(atan.o)
    0x08009e18   0x08009e18   0x00000008   Data   RO         8897    .constdata          m_wm.l(qnan.o)
    0x08009e20   0x08009e20   0x00000014   Data   RO         6975    .constdata__ZTV9USBSerial  usbserial.o
    0x08009e34   0x08009e34   0x00000018   Data   RO         6403    .constdata__ZTVN11sensor_msgs3ImuE  ros_main.o
    0x08009e4c   0x08009e4c   0x00000018   Data   RO         6399    .constdata__ZTVN13geometry_msgs10QuaternionE  ros_main.o
    0x08009e64   0x08009e64   0x00000018   Data   RO         6401    .constdata__ZTVN13geometry_msgs7Vector3E  ros_main.o
    0x08009e7c   0x08009e7c   0x00000018   Data   RO         6393    .constdata__ZTVN14rosserial_msgs20RequestParamResponseE  ros_main.o
    0x08009e94   0x08009e94   0x00000014   Data   RO         6405    .constdata__ZTVN3ros11NodeHandle_I13STM32HardwareLi25ELi25ELi1024ELi1024EEE  ros_main.o
    0x08009ea8   0x08009ea8   0x00000018   Data   RO         6397    .constdata__ZTVN8std_msgs6HeaderE  ros_main.o
    0x08009ec0   0x08009ec0   0x00000018   Data   RO         6395    .constdata__ZTVN8std_msgs6StringE  ros_main.o
    0x08009ed8   0x08009ed8   0x00000001   Data   RO         6260    .constdata__ZZN8std_msgs6HeaderC1EvEs  ros_main.o
    0x08009ed9   0x08009ed9   0x00000001   Data   RO         6257    .constdata__ZZN8std_msgs6StringC1EvEs  ros_main.o
    0x08009eda   0x08009eda   0x00000002   PAD
    0x08009edc   0x08009edc   0x0000003c   Data   RO          309    .conststring        freertos.o
    0x08009f18   0x08009f18   0x00000020   Data   RO         9068    Region$$Table       anon$$obj.o
    0x08009f38   0x08009f38   0x00000004   Data   RO         6217    .init_array         ros_main.o
    0x08009f3c   0x08009f38   0x00000004   Data   RO         6922    .init_array         usbserial.o
    0x08009f40   0x08009f38   0x00000000   Data   RO         8565    .init_array         c_w.l(init_aeabi.o)


    Execution Region RW_IRAM1 (Exec base: 0x20000000, Load base: 0x08009f40, Size: 0x000081d0, Max: 0x0001c000, ABSOLUTE, COMPRESSED[0x00000124])

    Exec Addr    Load Addr    Size         Type   Attr      Idx    E Section Name        Object

    0x20000000   COMPRESSED   0x00000024   Data   RW          310    .data               freertos.o
    0x20000024   COMPRESSED   0x00000004   Data   RW          436    .data               can.o
    0x20000028   COMPRESSED   0x0000001c   Data   RW          982    .data               usbd_desc.o
    0x20000044   COMPRESSED   0x00000032   Data   RW          983    .data               usbd_desc.o
    0x20000076   COMPRESSED   0x00000002   PAD
    0x20000078   COMPRESSED   0x00000008   Data   RW         1069    .data               usbd_cdc_if.o
    0x20000080   COMPRESSED   0x00000014   Data   RW         1070    .data               usbd_cdc_if.o
    0x20000094   COMPRESSED   0x0000000c   Data   RW         2827    .data               stm32f4xx_hal.o
    0x200000a0   COMPRESSED   0x00000004   Data   RW         5226    .data               system_stm32f4xx.o
    0x200000a4   COMPRESSED   0x00000001   Data   RW         5428    .data               usbd_ctlreq.o
    0x200000a5   COMPRESSED   0x00000003   PAD
    0x200000a8   COMPRESSED   0x00000053   Data   RW         5567    .data               usbd_cdc.o
    0x200000fb   COMPRESSED   0x00000001   PAD
    0x200000fc   COMPRESSED   0x00000038   Data   RW         5568    .data               usbd_cdc.o
    0x20000134   COMPRESSED   0x0000002c   Data   RW         5665    .data               bmi088driver.o
    0x20000160   COMPRESSED   0x00000004   Data   RW         6045    .data               odrive_can.o
    0x20000164   COMPRESSED   0x00000004   Data   RW         6046    .data               odrive_can.o
    0x20000168   COMPRESSED   0x00000004   Data   RW         6047    .data               odrive_can.o
    0x2000016c   COMPRESSED   0x00000004   Data   RW         6048    .data               odrive_can.o
    0x20000170   COMPRESSED   0x00000021   Data   RW         6215    .data               ros_main.o
    0x20000191   COMPRESSED   0x00000003   PAD
    0x20000194   COMPRESSED   0x00000024   Data   RW         7001    .data               mahonyahrs.o
    0x200001b8   COMPRESSED   0x0000002c   Data   RW         7042    .data               pid.o
    0x200001e4   COMPRESSED   0x0000003c   Data   RW         7706    .data               tasks.o
    0x20000220   COMPRESSED   0x00000020   Data   RW         8355    .data               heap_4.o
    0x20000240   COMPRESSED   0x0000000c   Data   RW         8423    .data               port.o
    0x2000024c        -       0x00000294   Zero   RW          307    .bss                freertos.o
    0x200004e0        -       0x00000048   Zero   RW          392    .bss                adc.o
    0x20000528        -       0x00000050   Zero   RW          435    .bss                can.o
    0x20000578        -       0x00000058   Zero   RW          507    .bss                spi.o
    0x200005d0        -       0x00000120   Zero   RW          553    .bss                tim.o
    0x200006f0        -       0x00000498   Zero   RW          620    .bss                usart.o
    0x20000b88        -       0x00000048   Zero   RW          889    .bss                stm32f4xx_hal_timebase_tim.o
    0x20000bd0        -       0x000002dc   Zero   RW          926    .bss                usb_device.o
    0x20000eac        -       0x00000200   Zero   RW          981    .bss                usbd_desc.o
    0x200010ac        -       0x00001800   Zero   RW         1068    .bss                usbd_cdc_if.o
    0x200028ac        -       0x0000072c   Zero   RW         1165    .bss                usbd_conf.o
    0x20002fd8        -       0x0000009c   Zero   RW         6113    .bss                bsp_init.o
    0x20003074        -       0x00000046   Zero   RW         6153    .bss                unitreea1_cmd.o
    0x200030ba        -       0x00000046   Zero   RW         6154    .bss                unitreea1_cmd.o
    0x20003100        -       0x00000352   Zero   RW         6155    .bss                unitreea1_cmd.o
    0x20003452   COMPRESSED   0x00000002   PAD
    0x20003454        -       0x00000a10   Zero   RW         6213    .bss                ros_main.o
    0x20003e64        -       0x00000018   Zero   RW         6921    .bss                usbserial.o
    0x20003e7c        -       0x000000f0   Zero   RW         7705    .bss                tasks.o
    0x20003f6c        -       0x00003c00   Zero   RW         8354    .bss                heap_4.o
    0x20007b6c        -       0x00000060   Zero   RW         8899    .bss                c_w.l(libspace.o)
    0x20007bcc   COMPRESSED   0x00000004   PAD
    0x20007bd0        -       0x00000200   Zero   RW            2    HEAP                startup_stm32f405xx.o
    0x20007dd0        -       0x00000400   Zero   RW            1    STACK               startup_stm32f405xx.o


    Execution Region RW_IRAM2 (Exec base: 0x2001c000, Load base: 0x0800a064, Size: 0x00000000, Max: 0x00004000, ABSOLUTE)

    **** No section assigned to this execution region ****


==============================================================================

Image component sizes


      Code (inc. data)   RO Data    RW Data    ZI Data      Debug   Object Name

       196         24          0          0         72       1725   adc.o
        68         10          0          0          0        567   beep.o
       992         16          0         44          0       6546   bmi088driver.o
       126         28          0          0          0       5042   bmi088middleware.o
       262         54          0          0          0       4222   bsp_can.o
       152         36          0          0        156       1435   bsp_init.o
       436         40          0          4         80       2546   can.o
       120          0          0          0          0      23373   cmsis_os.o
       172          4          0          0          0        878   dma.o
         0          0          0          0          0      16952   event_groups.o
       544         58        200         36        660       6190   freertos.o
       316         16          0          0          0       1087   gpio.o
       472         24          0         32      15360       7467   heap_4.o
       138          0          0          0          0       3594   list.o
      1012         42          0         36          0       3792   mahonyahrs.o
       258         14          0          0          0     722276   main.o
        48          0          0         16          0       1543   odrive_can.o
       272         22          0         44          0       2333   pid.o
       702         72          0         12          0      11056   port.o
       364         76        170         33       2576      22306   ros_main.o
       176         22          0          0         88       1713   spi.o
        64         26        392          0       1536        848   startup_stm32f405xx.o
       116         18          0         12          0       8758   stm32f4xx_hal.o
       712         28          0          0          0       2903   stm32f4xx_hal_adc.o
      1438          6          0          0          0      13244   stm32f4xx_hal_can.o
       158         14          0          0          0      33202   stm32f4xx_hal_cortex.o
      1084         16          8          0          0       7402   stm32f4xx_hal_dma.o
       558         52          0          0          0       4716   stm32f4xx_hal_gpio.o
        56          4          0          0          0        878   stm32f4xx_hal_msp.o
      2638         12          0          0          0      13788   stm32f4xx_hal_pcd.o
        78          0          0          0          0       2425   stm32f4xx_hal_pcd_ex.o
      1420         88          0          0          0       6429   stm32f4xx_hal_rcc.o
       942         12          0          0          0       4941   stm32f4xx_hal_spi.o
      2144        146          0          0          0      17821   stm32f4xx_hal_tim.o
       148         28          0          0          0       2481   stm32f4xx_hal_tim_ex.o
       152         20          0          0         72       1500   stm32f4xx_hal_timebase_tim.o
      1940         44          0          0          0      14812   stm32f4xx_hal_uart.o
       248        114          0          0          0      12436   stm32f4xx_it.o
      2888        134          0          0          0      24175   stm32f4xx_ll_usb.o
         0          0          0          0          0        416   stream_buffer.o
        16          4         24          4          0       1147   system_stm32f4xx.o
      1672        126          0         60        240      21308   tasks.o
       804         78          0          0        288       4693   tim.o
       776        116          0          0        990       6521   unitreea1_cmd.o
      1400        126          0          0       1176       6107   usart.o
        84         18          0          0        732       2635   usb_device.o
      1198         32          0        139          0      13691   usbd_cdc.o
       124         24          0         28       6144       3730   usbd_cdc_if.o
       644         24          0          0       1836      16976   usbd_conf.o
       916          0          0          0          0      15583   usbd_core.o
      1328         28          0          1          0      14960   usbd_ctlreq.o
       288        104          0         78        512       6241   usbd_desc.o
       132          0          0          0          0       4568   usbd_ioreq.o
        40         12         24          0         24       2562   usbserial.o

    ----------------------------------------------------------------------
     33096       2012        856        588      32544    1140540   Object Totals
         0          0         32          0          0          0   (incl. Generated)
        64          0          6          9          2          0   (incl. Padding)

    ----------------------------------------------------------------------

      Code (inc. data)   RO Data    RW Data    ZI Data      Debug   Library Member Name

        90          0          0          0          0          0   __dczerorl2.o
         8          0          0          0          0         68   __main.o
         0          0          0          0          0          0   __rtentry.o
        12          0          0          0          0          0   __rtentry2.o
         6          0          0          0          0          0   __rtentry4.o
        52          8          0          0          0          0   __scatter.o
        28          0          0          0          0          0   __scatter_zi.o
        22          0          0          0          0        100   _rserrno.o
        18          0          0          0          0         80   exit.o
         6          0          0          0          0        152   heapauxi.o
         0          0          0          0          0          0   indicate_semi.o
        36         10          0          0          0         80   init_aeabi.o
         2          0          0          0          0          0   libinit.o
        10          0          0          0          0          0   libinit2.o
         2          0          0          0          0          0   libshutdown.o
         2          0          0          0          0          0   libshutdown2.o
         8          4          0          0         96         68   libspace.o
       238          0          0          0          0        100   lludivv7m.o
         8          4          0          0          0         68   rt_errno_addr_intlibspace.o
        78          0          0          0          0         80   rt_memclr_w.o
       138          0          0          0          0         68   rt_memcpy_v6.o
       100          0          0          0          0         80   rt_memcpy_w.o
         2          0          0          0          0          0   rtexit.o
        10          0          0          0          0          0   rtexit2.o
        12          4          0          0          0         68   sys_exit.o
        74          0          0          0          0         80   sys_stackheap_outer.o
         2          0          0          0          0         68   use_no_semi.o
        24          0          0          0          0        164   basic.o
        98          4          0          0          0        140   d2f.o
       826         16          0          0          0        492   daddsub_clz.o
        24          0          0          0          0        116   dcmpi.o
       688        140          0          0          0        256   ddiv.o
       120          4          0          0          0        140   deqf.o
       340         12          0          0          0        152   dmul.o
       156          4          0          0          0        140   dnaninf.o
        12          0          0          0          0        116   dretinf.o
       408         56          0          0          0        168   dsqrt_umaal.o
        86          4          0          0          0        132   f2d.o
       140          4          0          0          0        132   fnaninf.o
        10          0          0          0          0        116   fpinit.o
        10          0          0          0          0        116   fretinf.o
         0          0          0          0          0          0   usenofp.o
       864         94         80          0          0        280   asin.o
       744        106        152          0          0        352   atan.o
       512         64          0          0          0        208   atan2.o
       104         16          0          0          0        496   dunder.o
        24          0          0          0          0        124   fabs.o
        48          0          0          0          0        124   fpclassify.o
       248          0          0          0          0        152   poly.o
         0          0          8          0          0          0   qnan.o
       110          0          0          0          0        148   sqrt.o

    ----------------------------------------------------------------------
      6576        554        240          0        100       5424   Library Totals
        16          0          0          0          4          0   (incl. Padding)

    ----------------------------------------------------------------------

      Code (inc. data)   RO Data    RW Data    ZI Data      Debug   Library Name

       964         30          0          0         96       1160   c_w.l
      2942        244          0          0          0       2380   fz_wm.l
      2654        280        240          0          0       1884   m_wm.l

    ----------------------------------------------------------------------
      6576        554        240          0        100       5424   Library Totals

    ----------------------------------------------------------------------

==============================================================================


      Code (inc. data)   RO Data    RW Data    ZI Data      Debug   

     39672       2566       1096        588      32644    1106244   Grand Totals
     39672       2566       1096        292      32644    1106244   ELF Image Totals (compressed)
     39672       2566       1096        292          0          0   ROM Totals

==============================================================================

    Total RO  Size (Code + RO Data)                40768 (  39.81kB)
    Total RW  Size (RW Data + ZI Data)             33232 (  32.45kB)
    Total ROM Size (Code + RO Data + RW Data)      41060 (  40.10kB)

==============================================================================

